--------- beginning of crash
07-22 22:50:06.472 25931 25939 F libc    : Fatal signal 11 (SIGSEGV), code 1 (SEGV_MAPERR), fault addr 0x0 in tid 25939 (FinalizerDaemon), pid 25931 (.arcfire.online)
07-22 22:50:07.412 26404 26404 F DEBUG   : *** *** *** *** *** *** *** *** *** *** *** *** *** *** *** ***
07-22 22:50:07.413 26404 26404 F DEBUG   : Build fingerprint: 'samsung/a34xks/a34x:16/BP2A.250605.031.A3/A346NKSSEEZD4:user/release-keys'
07-22 22:50:07.413 26404 26404 F DEBUG   : Revision: '6'
07-22 22:50:07.413 26404 26404 F DEBUG   : ABI: 'arm64'
07-22 22:50:07.413 26404 26404 F DEBUG   : Processor: '7'
07-22 22:50:07.413 26404 26404 F DEBUG   : Timestamp: 2026-07-22 22:50:06.708008195+0900
07-22 22:50:07.413 26404 26404 F DEBUG   : Process uptime: 390s
07-22 22:50:07.413 26404 26404 F DEBUG   : Cmdline: com.arcfire.online
07-22 22:50:07.413 26404 26404 F DEBUG   : pid: 25931, tid: 25939, name: FinalizerDaemon  >>> com.arcfire.online <<<
07-22 22:50:07.413 26404 26404 F DEBUG   : uid: 11073
07-22 22:50:07.413 26404 26404 F DEBUG   : tagged_addr_ctrl: 0000000000000001 (PR_TAGGED_ADDR_ENABLE)
07-22 22:50:07.413 26404 26404 F DEBUG   : signal 11 (SIGSEGV), code 1 (SEGV_MAPERR), fault addr 0x0000000000000000
07-22 22:50:07.413 26404 26404 F DEBUG   : Cause: null pointer dereference
07-22 22:50:07.413 26404 26404 F DEBUG   :     x0  b400006e7386cd60  x1  b400006e33a494f8  x2  b400006f23795e40  x3  0000000000000000
07-22 22:50:07.413 26404 26404 F DEBUG   :     x4  0000000000000000  x5  0000006dd38eabe4  x6  00028d8e000236e5  x7  00028d8e000236e5
07-22 22:50:07.413 26404 26404 F DEBUG   :     x8  0000000000000000  x9  0000000000000000  x10 0000006d0fc6bec0  x11 0000000000000003
07-22 22:50:07.413 26404 26404 F DEBUG   :     x12 0000000000040004  x13 000000001d59ac0e  x14 0000000000000018  x15 0000000000010000
07-22 22:50:07.413 26404 26404 F DEBUG   :     x16 00000069705ce930  x17 000000696fd2fc24  x18 0000006d0f250000  x19 b400006e237fda90
07-22 22:50:07.413 26404 26404 F DEBUG   :     x20 0000006d0fc6e700  x21 b400006e435bd820  x22 b400006e3359c7b0  x23 0000000000000000
07-22 22:50:07.413 26404 26404 F DEBUG   :     x24 0000000000000000  x25 0000006d0fc6cef8  x26 0000006d0fc6cb60  x27 0000000000000008
07-22 22:50:07.413 26404 26404 F DEBUG   :     x28 0000006d0fc6ce20  x29 0000006d0fc6bd90
07-22 22:50:07.413 26404 26404 F DEBUG   :     lr  000000696fd2fc18  sp  0000006d0fc6bd80  pc  000000696fd2fc54  pst 0000000060001000
07-22 22:50:07.413 26404 26404 F DEBUG   : 110 total frames
07-22 22:50:07.413 26404 26404 F DEBUG   : backtrace:
07-22 22:50:07.413 26404 26404 F DEBUG   :       #00 pc 0000000000653c54  /data/app/~~1jBCJoN39z3fV1DQIQtvXg==/com.arcfire.online-BetpbiQJUn2jx0c00be3dg==/base.apk!librnskia.so (offset 0x414b000) (facebook::jsi::Pointer::~Pointer()+48) (BuildId: a5860719700b671c6e944005d980b317d4862e34)
07-22 22:50:07.413 26404 26404 F DEBUG   :       #01 pc 0000000000653c14  /data/app/~~1jBCJoN39z3fV1DQIQtvXg==/com.arcfire.online-BetpbiQJUn2jx0c00be3dg==/base.apk!librnskia.so (offset 0x414b000) (facebook::jsi::Object::~Object()+20) (BuildId: a5860719700b671c6e944005d980b317d4862e34)
07-22 22:50:07.413 26404 26404 F DEBUG   :       #02 pc 00000000006503bc  /data/app/~~1jBCJoN39z3fV1DQIQtvXg==/com.arcfire.online-BetpbiQJUn2jx0c00be3dg==/base.apk!librnskia.so (offset 0x414b000) (facebook::jsi::Function::~Function()+20) (BuildId: a5860719700b671c6e944005d980b317d4862e34)
07-22 22:50:07.413 26404 26404 F DEBUG   :       #03 pc 0000000000653708  /data/app/~~1jBCJoN39z3fV1DQIQtvXg==/com.arcfire.online-BetpbiQJUn2jx0c00be3dg==/base.apk!librnskia.so (offset 0x414b000) (std::__ndk1::pair<std::__ndk1::basic_string<char, std::__ndk1::char_traits<char>, std::__ndk1::allocator<char>> const, facebook::jsi::Function>::~pair()+28) (BuildId: a5860719700b671c6e944005d980b317d4862e34)
07-22 22:50:07.413 26404 26404 F DEBUG   :       #04 pc 00000000006536dc  /data/app/~~1jBCJoN39z3fV1DQIQtvXg==/com.arcfire.online-BetpbiQJUn2jx0c00be3dg==/base.apk!librnskia.so (offset 0x414b000) (void std::__ndk1::allocator_traits<std::__ndk1::allocator<std::__ndk1::__tree_node<std::__ndk1::__value_type<std::__ndk1::basic_string<char, std::__ndk1::char_traits<char>, std::__ndk1::allocator<char>>, facebook::jsi::Function>, void*>>>::__destroy<std::__ndk1::pair<std::__ndk1::basic_string<char, std::__ndk1::char_traits<char>, std::__ndk1::allocator<char>> const, facebook::jsi::Function>>(std::__ndk1::integral_constant<bool, false>, std::__ndk1::allocator<std::__ndk1::__tree_node<std::__ndk1::__value_type<std::__ndk1::basic_string<char, std::__ndk1::char_traits<char>, std::__ndk1::allocator<char>>, facebook::jsi::Function>, void*>>&, std::__ndk1::pair<std::__ndk1::basic_string<char, std::__ndk1::char_traits<char>, std::__ndk1::allocator<char>> const, facebook::jsi::Function>*)+28) (BuildId: a5860719700b671c6e944005d980b317d4862e34)
07-22 22:50:07.413 26404 26404 F DEBUG   :       #05 pc 000000000065361c  /data/app/~~1jBCJoN39z3fV1DQIQtvXg==/com.arcfire.online-BetpbiQJUn2jx0c00be3dg==/base.apk!librnskia.so (offset 0x414b000) (void std::__ndk1::allocator_traits<std::__ndk1::allocator<std::__ndk1::__tree_node<std::__ndk1::__value_type<std::__ndk1::basic_string<char, std::__ndk1::char_traits<char>, std::__ndk1::allocator<char>>, facebook::jsi::Function>, void*>>>::destroy<std::__ndk1::pair<std::__ndk1::basic_string<char, std::__ndk1::char_traits<char>, std::__ndk1::allocator<char>> const, facebook::jsi::Function>>(std::__ndk1::allocator<std::__ndk1::__tree_node<std::__ndk1::__value_type<std::__ndk1::basic_string<char, std::__ndk1::char_traits<char>, std::__ndk1::allocator<char>>, facebook::jsi::Function>, void*>>&, std::__ndk1::pair<std::__ndk1::basic_string<char, std::__ndk1::char_traits<char>, std::__ndk1::allocator<char>> const, facebook::jsi::Function>*)+32) (BuildId: a5860719700b671c6e944005d980b317d4862e34)
07-22 22:50:07.413 26404 26404 F DEBUG   :       #06 pc 0000000000653580  /data/app/~~1jBCJoN39z3fV1DQIQtvXg==/com.arcfire.online-BetpbiQJUn2jx0c00be3dg==/base.apk!librnskia.so (offset 0x414b000) (std::__ndk1::__tree<std::__ndk1::__value_type<std::__ndk1::basic_string<char, std::__ndk1::char_traits<char>, std::__ndk1::allocator<char>>, facebook::jsi::Function>, std::__ndk1::__map_value_compare<std::__ndk1::basic_string<char, std::__ndk1::char_traits<char>, std::__ndk1::allocator<char>>, std::__ndk1::__value_type<std::__ndk1::basic_string<char, std::__ndk1::char_traits<char>, std::__ndk1::allocator<char>>, facebook::jsi::Function>, std::__ndk1::less<std::__ndk1::basic_string<char, std::__ndk1::char_traits<char>, std::__ndk1::allocator<char>>>, true>, std::__ndk1::allocator<std::__ndk1::__value_type<std::__ndk1::basic_string<char, std::__ndk1::char_traits<char>, std::__ndk1::allocator<char>>, facebook::jsi::Function>>>::destroy(std::__ndk1::__tree_node<std::__ndk1::__value_type<std::__ndk1::basic_string<char, std::__ndk1::char_traits<char>, std::__ndk1::allocator<char>>, facebook::jsi::Function>, void*>*)+120) (BuildId: a5860719700b671c6e944005d980b317d4862e34)
07-22 22:50:07.413 26404 26404 F DEBUG   :       #07 pc 00000000006534f8  /data/app/~~1jBCJoN39z3fV1DQIQtvXg==/com.arcfire.online-BetpbiQJUn2jx0c00be3dg==/base.apk!librnskia.so (offset 0x414b000) (std::__ndk1::__tree<std::__ndk1::__value_type<std::__ndk1::basic_string<char, std::__ndk1::char_traits<char>, std::__ndk1::allocator<char>>, facebook::jsi::Function>, std::__ndk1::__map_value_compare<std::__ndk1::basic_string<char, std::__ndk1::char_traits<char>, std::__ndk1::allocator<char>>, std::__ndk1::__value_type<std::__ndk1::basic_string<char, std::__ndk1::char_traits<char>, std::__ndk1::allocator<char>>, facebook::jsi::Function>, std::__ndk1::less<std::__ndk1::basic_string<char, std::__ndk1::char_traits<char>, std::__ndk1::allocator<char>>>, true>, std::__ndk1::allocator<std::__ndk1::__value_type<std::__ndk1::basic_string<char, std::__ndk1::char_traits<char>, std::__ndk1::allocator<char>>, facebook::jsi::Function>>>::~__tree()+36) (BuildId: a5860719700b671c6e944005d980b317d4862e34)
07-22 22:50:07.413 26404 26404 F DEBUG   :       #08 pc 00000000006534c4  /data/app/~~1jBCJoN39z3fV1DQIQtvXg==/com.arcfire.online-BetpbiQJUn2jx0c00be3dg==/base.apk!librnskia.so (offset 0x414b000) (BuildId: a5860719700b671c6e944005d980b317d4862e34)
07-22 22:50:07.413 26404 26404 F DEBUG   :       #09 pc 000000000064f2b4  /data/app/~~1jBCJoN39z3fV1DQIQtvXg==/com.arcfire.online-BetpbiQJUn2jx0c00be3dg==/base.apk!librnskia.so (offset 0x414b000) (RNJsi::RuntimeAwareCache<std::__ndk1::map<std::__ndk1::basic_string<char, std::__ndk1::char_traits<char>, std::__ndk1::allocator<char>>, facebook::jsi::Function, std::__ndk1::less<std::__ndk1::basic_string<char, std::__ndk1::char_traits<char>, std::__ndk1::allocator<char>>>, std::__ndk1::allocator<std::__ndk1::pair<std::__ndk1::basic_string<char, std::__ndk1::char_traits<char>, std::__ndk1::allocator<char>> const, facebook::jsi::Function>>>>::~RuntimeAwareCache()+240) (BuildId: a5860719700b671c6e944005d980b317d4862e34)
07-22 22:50:07.413 26404 26404 F DEBUG   :       #10 pc 000000000064f194  /data/app/~~1jBCJoN39z3fV1DQIQtvXg==/com.arcfire.online-BetpbiQJUn2jx0c00be3dg==/base.apk!librnskia.so (offset 0x414b000) (RNJsi::JsiHostObject::~JsiHostObject()+44) (BuildId: a5860719700b671c6e944005d980b317d4862e34)
07-22 22:50:07.413 26404 26404 F DEBUG   :       #11 pc 00000000006a27d0  /data/app/~~1jBCJoN39z3fV1DQIQtvXg==/com.arcfire.online-BetpbiQJUn2jx0c00be3dg==/base.apk!librnskia.so (offset 0x414b000) (RNSkia::JsiSkHostObject::~JsiSkHostObject()+52) (BuildId: a5860719700b671c6e944005d980b317d4862e34)
07-22 22:50:07.413 26404 26404 F DEBUG   :       #12 pc 0000000000714710  /data/app/~~1jBCJoN39z3fV1DQIQtvXg==/com.arcfire.online-BetpbiQJUn2jx0c00be3dg==/base.apk!librnskia.so (offset 0x414b000) (RNSkia::JsiSkWrappingHostObject<sk_sp<SkPicture>>::~JsiSkWrappingHostObject()+52) (BuildId: a5860719700b671c6e944005d980b317d4862e34)
07-22 22:50:07.413 26404 26404 F DEBUG   :       #13 pc 0000000000714678  /data/app/~~1jBCJoN39z3fV1DQIQtvXg==/com.arcfire.online-BetpbiQJUn2jx0c00be3dg==/base.apk!librnskia.so (offset 0x414b000) (RNSkia::JsiSkWrappingSkPtrHostObject<SkPicture>::~JsiSkWrappingSkPtrHostObject()+20) (BuildId: a5860719700b671c6e944005d980b317d4862e34)
07-22 22:50:07.413 26404 26404 F DEBUG   :       #14 pc 0000000000713f84  /data/app/~~1jBCJoN39z3fV1DQIQtvXg==/com.arcfire.online-BetpbiQJUn2jx0c00be3dg==/base.apk!librnskia.so (offset 0x414b000) (RNSkia::JsiSkPicture::~JsiSkPicture()+20) (BuildId: a5860719700b671c6e944005d980b317d4862e34)
07-22 22:50:07.413 26404 26404 F DEBUG   :       #15 pc 00000000007138f4  /data/app/~~1jBCJoN39z3fV1DQIQtvXg==/com.arcfire.online-BetpbiQJUn2jx0c00be3dg==/base.apk!librnskia.so (offset 0x414b000) (std::__ndk1::__shared_ptr_emplace<RNSkia::JsiSkPicture, std::__ndk1::allocator<RNSkia::JsiSkPicture>>::__on_zero_shared()+36) (BuildId: a5860719700b671c6e944005d980b317d4862e34)
07-22 22:50:07.413 26404 26404 F DEBUG   :       #16 pc 000000000061eb5c  /data/app/~~1jBCJoN39z3fV1DQIQtvXg==/com.arcfire.online-BetpbiQJUn2jx0c00be3dg==/base.apk!librnskia.so (offset 0x414b000) (BuildId: a5860719700b671c6e944005d980b317d4862e34)
07-22 22:50:07.413 26404 26404 F DEBUG   :       #17 pc 000000000061eb00  /data/app/~~1jBCJoN39z3fV1DQIQtvXg==/com.arcfire.online-BetpbiQJUn2jx0c00be3dg==/base.apk!librnskia.so (offset 0x414b000) (BuildId: a5860719700b671c6e944005d980b317d4862e34)
07-22 22:50:07.413 26404 26404 F DEBUG   :       #18 pc 00000000006211ac  /data/app/~~1jBCJoN39z3fV1DQIQtvXg==/com.arcfire.online-BetpbiQJUn2jx0c00be3dg==/base.apk!librnskia.so (offset 0x414b000) (std::__ndk1::shared_ptr<facebook::jsi::HostObject>::~shared_ptr()+44) (BuildId: a5860719700b671c6e944005d980b317d4862e34)
07-22 22:50:07.413 26404 26404 F DEBUG   :       #19 pc 0000000000666dd4  /data/app/~~1jBCJoN39z3fV1DQIQtvXg==/com.arcfire.online-BetpbiQJUn2jx0c00be3dg==/base.apk!librnskia.so (offset 0x414b000) (RNJsi::JsiValue::~JsiValue()+76) (BuildId: a5860719700b671c6e944005d980b317d4862e34)
07-22 22:50:07.413 26404 26404 F DEBUG   :       #20 pc 0000000000793534  /data/app/~~1jBCJoN39z3fV1DQIQtvXg==/com.arcfire.online-BetpbiQJUn2jx0c00be3dg==/base.apk!librnskia.so (offset 0x414b000) (BuildId: a5860719700b671c6e944005d980b317d4862e34)
07-22 22:50:07.413 26404 26404 F DEBUG   :       #21 pc 00000000007934b0  /data/app/~~1jBCJoN39z3fV1DQIQtvXg==/com.arcfire.online-BetpbiQJUn2jx0c00be3dg==/base.apk!librnskia.so (offset 0x414b000) (BuildId: a5860719700b671c6e944005d980b317d4862e34)
07-22 22:50:07.413 26404 26404 F DEBUG   :       #22 pc 0000000000793420  /data/app/~~1jBCJoN39z3fV1DQIQtvXg==/com.arcfire.online-BetpbiQJUn2jx0c00be3dg==/base.apk!librnskia.so (offset 0x414b000) (BuildId: a5860719700b671c6e944005d980b317d4862e34)
07-22 22:50:07.413 26404 26404 F DEBUG   :       #23 pc 0000000000792e04  /data/app/~~1jBCJoN39z3fV1DQIQtvXg==/com.arcfire.online-BetpbiQJUn2jx0c00be3dg==/base.apk!librnskia.so (offset 0x414b000) (RNSkia::NodeProp::~NodeProp()+56) (BuildId: a5860719700b671c6e944005d980b317d4862e34)
07-22 22:50:07.413 26404 26404 F DEBUG   :       #24 pc 00000000007927a8  /data/app/~~1jBCJoN39z3fV1DQIQtvXg==/com.arcfire.online-BetpbiQJUn2jx0c00be3dg==/base.apk!librnskia.so (offset 0x414b000) (std::__ndk1::__shared_ptr_emplace<RNSkia::NodeProp, std::__ndk1::allocator<RNSkia::NodeProp>>::__on_zero_shared()+36) (BuildId: a5860719700b671c6e944005d980b317d4862e34)
07-22 22:50:07.413 26404 26404 F DEBUG   :       #25 pc 000000000061eb5c  /data/app/~~1jBCJoN39z3fV1DQIQtvXg==/com.arcfire.online-BetpbiQJUn2jx0c00be3dg==/base.apk!librnskia.so (offset 0x414b000) (BuildId: a5860719700b671c6e944005d980b317d4862e34)
07-22 22:50:07.413 26404 26404 F DEBUG   :       #26 pc 000000000061eb00  /data/app/~~1jBCJoN39z3fV1DQIQtvXg==/com.arcfire.online-BetpbiQJUn2jx0c00be3dg==/base.apk!librnskia.so (offset 0x414b000) (BuildId: a5860719700b671c6e944005d980b317d4862e34)
07-22 22:50:07.413 26404 26404 F DEBUG   :       #27 pc 0000000000786ce4  /data/app/~~1jBCJoN39z3fV1DQIQtvXg==/com.arcfire.online-BetpbiQJUn2jx0c00be3dg==/base.apk!librnskia.so (offset 0x414b000) (std::__ndk1::shared_ptr<RNSkia::BaseNodeProp>::~shared_ptr()+44) (BuildId: a5860719700b671c6e944005d980b317d4862e34)
07-22 22:50:07.413 26404 26404 F DEBUG   :       #28 pc 0000000000786ca8  /data/app/~~1jBCJoN39z3fV1DQIQtvXg==/com.arcfire.online-BetpbiQJUn2jx0c00be3dg==/base.apk!librnskia.so (offset 0x414b000) (BuildId: a5860719700b671c6e944005d980b317d4862e34)
07-22 22:50:07.413 26404 26404 F DEBUG   :       #29 pc 0000000000786c80  /data/app/~~1jBCJoN39z3fV1DQIQtvXg==/com.arcfire.online-BetpbiQJUn2jx0c00be3dg==/base.apk!librnskia.so (offset 0x414b000) (void std::__ndk1::allocator_traits<std::__ndk1::allocator<std::__ndk1::shared_ptr<RNSkia::BaseNodeProp>>>::__destroy<std::__ndk1::shared_ptr<RNSkia::BaseNodeProp>>(std::__ndk1::integral_constant<bool, true>, std::__ndk1::allocator<std::__ndk1::shared_ptr<RNSkia::BaseNodeProp>>&, std::__ndk1::shared_ptr<RNSkia::BaseNodeProp>*)+32) (BuildId: a5860719700b671c6e944005d980b317d4862e34)
07-22 22:50:07.413 26404 26404 F DEBUG   :       #30 pc 0000000000786c14  /data/app/~~1jBCJoN39z3fV1DQIQtvXg==/com.arcfire.online-BetpbiQJUn2jx0c00be3dg==/base.apk!librnskia.so (offset 0x414b000) (void std::__ndk1::allocator_traits<std::__ndk1::allocator<std::__ndk1::shared_ptr<RNSkia::BaseNodeProp>>>::destroy<std::__ndk1::shared_ptr<RNSkia::BaseNodeProp>>(std::__ndk1::allocator<std::__ndk1::shared_ptr<RNSkia::BaseNodeProp>>&, std::__ndk1::shared_ptr<RNSkia::BaseNodeProp>*)+32) (BuildId: a5860719700b671c6e944005d980b317d4862e34)
07-22 22:50:07.413 26404 26404 F DEBUG   :       #31 pc 0000000000786bcc  /data/app/~~1jBCJoN39z3fV1DQIQtvXg==/com.arcfire.online-BetpbiQJUn2jx0c00be3dg==/base.apk!librnskia.so (offset 0x414b000) (BuildId: a5860719700b671c6e944005d980b317d4862e34)
07-22 22:50:07.413 26404 26404 F DEBUG   :       #32 pc 0000000000786aa0  /data/app/~~1jBCJoN39z3fV1DQIQtvXg==/com.arcfire.online-BetpbiQJUn2jx0c00be3dg==/base.apk!librnskia.so (offset 0x414b000) (BuildId: a5860719700b671c6e944005d980b317d4862e34)
07-22 22:50:07.413 26404 26404 F DEBUG   :       #33 pc 0000000000790c64  /data/app/~~1jBCJoN39z3fV1DQIQtvXg==/com.arcfire.online-BetpbiQJUn2jx0c00be3dg==/base.apk!librnskia.so (offset 0x414b000) (std::__ndk1::__vector_base<std::__ndk1::shared_ptr<RNSkia::BaseNodeProp>, std::__ndk1::allocator<std::__ndk1::shared_ptr<RNSkia::BaseNodeProp>>>::~__vector_base()+40) (BuildId: a5860719700b671c6e944005d980b317d4862e34)
07-22 22:50:07.413 26404 26404 F DEBUG   :       #34 pc 00000000007908fc  /data/app/~~1jBCJoN39z3fV1DQIQtvXg==/com.arcfire.online-BetpbiQJUn2jx0c00be3dg==/base.apk!librnskia.so (offset 0x414b000) (BuildId: a5860719700b671c6e944005d980b317d4862e34)
07-22 22:50:07.413 26404 26404 F DEBUG   :       #35 pc 0000000000790944  /data/app/~~1jBCJoN39z3fV1DQIQtvXg==/com.arcfire.online-BetpbiQJUn2jx0c00be3dg==/base.apk!librnskia.so (offset 0x414b000) (RNSkia::BaseDerivedProp::~BaseDerivedProp()+56) (BuildId: a5860719700b671c6e944005d980b317d4862e34)
07-22 22:50:07.414 26404 26404 F DEBUG   :       #36 pc 0000000000839a08  /data/app/~~1jBCJoN39z3fV1DQIQtvXg==/com.arcfire.online-BetpbiQJUn2jx0c00be3dg==/base.apk!librnskia.so (offset 0x414b000) (RNSkia::DerivedSkProp<SkPicture>::~DerivedSkProp()+52) (BuildId: a5860719700b671c6e944005d980b317d4862e34)
07-22 22:50:07.414 26404 26404 F DEBUG   :       #37 pc 00000000008395e0  /data/app/~~1jBCJoN39z3fV1DQIQtvXg==/com.arcfire.online-BetpbiQJUn2jx0c00be3dg==/base.apk!librnskia.so (offset 0x414b000) (RNSkia::PictureProp::~PictureProp()+20) (BuildId: a5860719700b671c6e944005d980b317d4862e34)
07-22 22:50:07.414 26404 26404 F DEBUG   :       #38 pc 00000000008391e0  /data/app/~~1jBCJoN39z3fV1DQIQtvXg==/com.arcfire.online-BetpbiQJUn2jx0c00be3dg==/base.apk!librnskia.so (offset 0x414b000) (std::__ndk1::__shared_ptr_emplace<RNSkia::PictureProp, std::__ndk1::allocator<RNSkia::PictureProp>>::__on_zero_shared()+36) (BuildId: a5860719700b671c6e944005d980b317d4862e34)
07-22 22:50:07.414 26404 26404 F DEBUG   :       #39 pc 000000000061eb5c  /data/app/~~1jBCJoN39z3fV1DQIQtvXg==/com.arcfire.online-BetpbiQJUn2jx0c00be3dg==/base.apk!librnskia.so (offset 0x414b000) (BuildId: a5860719700b671c6e944005d980b317d4862e34)
07-22 22:50:07.414 26404 26404 F DEBUG   :       #40 pc 000000000061eb00  /data/app/~~1jBCJoN39z3fV1DQIQtvXg==/com.arcfire.online-BetpbiQJUn2jx0c00be3dg==/base.apk!librnskia.so (offset 0x414b000) (BuildId: a5860719700b671c6e944005d980b317d4862e34)
07-22 22:50:07.414 26404 26404 F DEBUG   :       #41 pc 0000000000786ce4  /data/app/~~1jBCJoN39z3fV1DQIQtvXg==/com.arcfire.online-BetpbiQJUn2jx0c00be3dg==/base.apk!librnskia.so (offset 0x414b000) (std::__ndk1::shared_ptr<RNSkia::BaseNodeProp>::~shared_ptr()+44) (BuildId: a5860719700b671c6e944005d980b317d4862e34)
07-22 22:50:07.414 26404 26404 F DEBUG   :       #42 pc 0000000000786ca8  /data/app/~~1jBCJoN39z3fV1DQIQtvXg==/com.arcfire.online-BetpbiQJUn2jx0c00be3dg==/base.apk!librnskia.so (offset 0x414b000) (BuildId: a5860719700b671c6e944005d980b317d4862e34)
07-22 22:50:07.414 26404 26404 F DEBUG   :       #43 pc 0000000000786c80  /data/app/~~1jBCJoN39z3fV1DQIQtvXg==/com.arcfire.online-BetpbiQJUn2jx0c00be3dg==/base.apk!librnskia.so (offset 0x414b000) (void std::__ndk1::allocator_traits<std::__ndk1::allocator<std::__ndk1::shared_ptr<RNSkia::BaseNodeProp>>>::__destroy<std::__ndk1::shared_ptr<RNSkia::BaseNodeProp>>(std::__ndk1::integral_constant<bool, true>, std::__ndk1::allocator<std::__ndk1::shared_ptr<RNSkia::BaseNodeProp>>&, std::__ndk1::shared_ptr<RNSkia::BaseNodeProp>*)+32) (BuildId: a5860719700b671c6e944005d980b317d4862e34)
07-22 22:50:07.414 26404 26404 F DEBUG   :       #44 pc 0000000000786c14  /data/app/~~1jBCJoN39z3fV1DQIQtvXg==/com.arcfire.online-BetpbiQJUn2jx0c00be3dg==/base.apk!librnskia.so (offset 0x414b000) (void std::__ndk1::allocator_traits<std::__ndk1::allocator<std::__ndk1::shared_ptr<RNSkia::BaseNodeProp>>>::destroy<std::__ndk1::shared_ptr<RNSkia::BaseNodeProp>>(std::__ndk1::allocator<std::__ndk1::shared_ptr<RNSkia::BaseNodeProp>>&, std::__ndk1::shared_ptr<RNSkia::BaseNodeProp>*)+32) (BuildId: a5860719700b671c6e944005d980b317d4862e34)
07-22 22:50:07.414 26404 26404 F DEBUG   :       #45 pc 0000000000786bcc  /data/app/~~1jBCJoN39z3fV1DQIQtvXg==/com.arcfire.online-BetpbiQJUn2jx0c00be3dg==/base.apk!librnskia.so (offset 0x414b000) (BuildId: a5860719700b671c6e944005d980b317d4862e34)
07-22 22:50:07.414 26404 26404 F DEBUG   :       #46 pc 0000000000786aa0  /data/app/~~1jBCJoN39z3fV1DQIQtvXg==/com.arcfire.online-BetpbiQJUn2jx0c00be3dg==/base.apk!librnskia.so (offset 0x414b000) (BuildId: a5860719700b671c6e944005d980b317d4862e34)
07-22 22:50:07.414 26404 26404 F DEBUG   :       #47 pc 0000000000786a10  /data/app/~~1jBCJoN39z3fV1DQIQtvXg==/com.arcfire.online-BetpbiQJUn2jx0c00be3dg==/base.apk!librnskia.so (offset 0x414b000) (BuildId: a5860719700b671c6e944005d980b317d4862e34)
07-22 22:50:07.414 26404 26404 F DEBUG   :       #48 pc 00000000007866b8  /data/app/~~1jBCJoN39z3fV1DQIQtvXg==/com.arcfire.online-BetpbiQJUn2jx0c00be3dg==/base.apk!librnskia.so (offset 0x414b000) (RNSkia::NodePropsContainer::dispose()+64) (BuildId: a5860719700b671c6e944005d980b317d4862e34)
07-22 22:50:07.414 26404 26404 F DEBUG   :       #49 pc 0000000000786138  /data/app/~~1jBCJoN39z3fV1DQIQtvXg==/com.arcfire.online-BetpbiQJUn2jx0c00be3dg==/base.apk!librnskia.so (offset 0x414b000) (RNSkia::JsiDomNode::invalidate()+200) (BuildId: a5860719700b671c6e944005d980b317d4862e34)
07-22 22:50:07.414 26404 26404 F DEBUG   :       #50 pc 00000000007850f4  /data/app/~~1jBCJoN39z3fV1DQIQtvXg==/com.arcfire.online-BetpbiQJUn2jx0c00be3dg==/base.apk!librnskia.so (offset 0x414b000) (RNSkia::JsiDomNode::dispose(bool)+92) (BuildId: a5860719700b671c6e944005d980b317d4862e34)
07-22 22:50:07.414 26404 26404 F DEBUG   :       #51 pc 0000000000783d7c  /data/app/~~1jBCJoN39z3fV1DQIQtvXg==/com.arcfire.online-BetpbiQJUn2jx0c00be3dg==/base.apk!librnskia.so (offset 0x414b000) (RNSkia::JsiDomRenderNode::dispose(bool)+44) (BuildId: a5860719700b671c6e944005d980b317d4862e34)
07-22 22:50:07.414 26404 26404 F DEBUG   :       #52 pc 0000000000786274  /data/app/~~1jBCJoN39z3fV1DQIQtvXg==/com.arcfire.online-BetpbiQJUn2jx0c00be3dg==/base.apk!librnskia.so (offset 0x414b000) (RNSkia::JsiDomNode::invalidate()+516) (BuildId: a5860719700b671c6e944005d980b317d4862e34)
07-22 22:50:07.414 26404 26404 F DEBUG   :       #53 pc 00000000007850f4  /data/app/~~1jBCJoN39z3fV1DQIQtvXg==/com.arcfire.online-BetpbiQJUn2jx0c00be3dg==/base.apk!librnskia.so (offset 0x414b000) (RNSkia::JsiDomNode::dispose(bool)+92) (BuildId: a5860719700b671c6e944005d980b317d4862e34)
07-22 22:50:07.414 26404 26404 F DEBUG   :       #54 pc 0000000000783d7c  /data/app/~~1jBCJoN39z3fV1DQIQtvXg==/com.arcfire.online-BetpbiQJUn2jx0c00be3dg==/base.apk!librnskia.so (offset 0x414b000) (RNSkia::JsiDomRenderNode::dispose(bool)+44) (BuildId: a5860719700b671c6e944005d980b317d4862e34)
07-22 22:50:07.414 26404 26404 F DEBUG   :       #55 pc 00000000008e835c  /data/app/~~1jBCJoN39z3fV1DQIQtvXg==/com.arcfire.online-BetpbiQJUn2jx0c00be3dg==/base.apk!librnskia.so (offset 0x414b000) (RNSkia::RNSkDomRenderer::~RNSkDomRenderer()+96) (BuildId: a5860719700b671c6e944005d980b317d4862e34)
07-22 22:50:07.414 26404 26404 F DEBUG   :       #56 pc 0000000000630cb8  /data/app/~~1jBCJoN39z3fV1DQIQtvXg==/com.arcfire.online-BetpbiQJUn2jx0c00be3dg==/base.apk!librnskia.so (offset 0x414b000) (std::__ndk1::__shared_ptr_emplace<RNSkia::RNSkDomRenderer, std::__ndk1::allocator<RNSkia::RNSkDomRenderer>>::__on_zero_shared()+28) (BuildId: a5860719700b671c6e944005d980b317d4862e34)
07-22 22:50:07.414 26404 26404 F DEBUG   :       #57 pc 000000000061eb5c  /data/app/~~1jBCJoN39z3fV1DQIQtvXg==/com.arcfire.online-BetpbiQJUn2jx0c00be3dg==/base.apk!librnskia.so (offset 0x414b000) (BuildId: a5860719700b671c6e944005d980b317d4862e34)
07-22 22:50:07.414 26404 26404 F DEBUG   :       #58 pc 000000000061eb00  /data/app/~~1jBCJoN39z3fV1DQIQtvXg==/com.arcfire.online-BetpbiQJUn2jx0c00be3dg==/base.apk!librnskia.so (offset 0x414b000) (BuildId: a5860719700b671c6e944005d980b317d4862e34)
07-22 22:50:07.414 26404 26404 F DEBUG   :       #59 pc 0000000000619fcc  /data/app/~~1jBCJoN39z3fV1DQIQtvXg==/com.arcfire.online-BetpbiQJUn2jx0c00be3dg==/base.apk!librnskia.so (offset 0x414b000) (std::__ndk1::shared_ptr<RNSkia::RNSkRenderer>::~shared_ptr()+44) (BuildId: a5860719700b671c6e944005d980b317d4862e34)
07-22 22:50:07.414 26404 26404 F DEBUG   :       #60 pc 000000000061f3e0  /data/app/~~1jBCJoN39z3fV1DQIQtvXg==/com.arcfire.online-BetpbiQJUn2jx0c00be3dg==/base.apk!librnskia.so (offset 0x414b000) (RNSkia::RNSkView::~RNSkView()+56) (BuildId: a5860719700b671c6e944005d980b317d4862e34)
07-22 22:50:07.414 26404 26404 F DEBUG   :       #61 pc 000000000063054c  /data/app/~~1jBCJoN39z3fV1DQIQtvXg==/com.arcfire.online-BetpbiQJUn2jx0c00be3dg==/base.apk!librnskia.so (offset 0x414b000) (RNSkia::RNSkDomView::~RNSkDomView()+20) (BuildId: a5860719700b671c6e944005d980b317d4862e34)
07-22 22:50:07.414 26404 26404 F DEBUG   :       #62 pc 000000000062d790  /data/app/~~1jBCJoN39z3fV1DQIQtvXg==/com.arcfire.online-BetpbiQJUn2jx0c00be3dg==/base.apk!librnskia.so (offset 0x414b000) (RNSkia::RNSkAndroidView<RNSkia::RNSkDomView>::~RNSkAndroidView()+20) (BuildId: a5860719700b671c6e944005d980b317d4862e34)
07-22 22:50:07.414 26404 26404 F DEBUG   :       #63 pc 000000000062d038  /data/app/~~1jBCJoN39z3fV1DQIQtvXg==/com.arcfire.online-BetpbiQJUn2jx0c00be3dg==/base.apk!librnskia.so (offset 0x414b000) (std::__ndk1::__shared_ptr_emplace<RNSkia::RNSkAndroidView<RNSkia::RNSkDomView>, std::__ndk1::allocator<RNSkia::RNSkAndroidView<RNSkia::RNSkDomView>>>::__on_zero_shared()+36) (BuildId: a5860719700b671c6e944005d980b317d4862e34)
07-22 22:50:07.414 26404 26404 F DEBUG   :       #64 pc 000000000061eb5c  /data/app/~~1jBCJoN39z3fV1DQIQtvXg==/com.arcfire.online-BetpbiQJUn2jx0c00be3dg==/base.apk!librnskia.so (offset 0x414b000) (BuildId: a5860719700b671c6e944005d980b317d4862e34)
07-22 22:50:07.414 26404 26404 F DEBUG   :       #65 pc 000000000061eb00  /data/app/~~1jBCJoN39z3fV1DQIQtvXg==/com.arcfire.online-BetpbiQJUn2jx0c00be3dg==/base.apk!librnskia.so (offset 0x414b000) (BuildId: a5860719700b671c6e944005d980b317d4862e34)
07-22 22:50:07.414 26404 26404 F DEBUG   :       #66 pc 0000000000614a3c  /data/app/~~1jBCJoN39z3fV1DQIQtvXg==/com.arcfire.online-BetpbiQJUn2jx0c00be3dg==/base.apk!librnskia.so (offset 0x414b000) (std::__ndk1::shared_ptr<RNSkia::RNSkBaseAndroidView>::~shared_ptr()+44) (BuildId: a5860719700b671c6e944005d980b317d4862e34)
07-22 22:50:07.414 26404 26404 F DEBUG   :       #67 pc 00000000006292dc  /data/app/~~1jBCJoN39z3fV1DQIQtvXg==/com.arcfire.online-BetpbiQJUn2jx0c00be3dg==/base.apk!librnskia.so (offset 0x414b000) (RNSkia::JniSkiaBaseView::~JniSkiaBaseView()+40) (BuildId: a5860719700b671c6e944005d980b317d4862e34)
07-22 22:50:07.414 26404 26404 F DEBUG   :       #68 pc 000000000062c5fc  /data/app/~~1jBCJoN39z3fV1DQIQtvXg==/com.arcfire.online-BetpbiQJUn2jx0c00be3dg==/base.apk!librnskia.so (offset 0x414b000) (RNSkia::JniSkiaDomView::~JniSkiaDomView()+64) (BuildId: a5860719700b671c6e944005d980b317d4862e34)
07-22 22:50:07.414 26404 26404 F DEBUG   :       #69 pc 000000000062c62c  /data/app/~~1jBCJoN39z3fV1DQIQtvXg==/com.arcfire.online-BetpbiQJUn2jx0c00be3dg==/base.apk!librnskia.so (offset 0x414b000) (RNSkia::JniSkiaDomView::~JniSkiaDomView()+24) (BuildId: a5860719700b671c6e944005d980b317d4862e34)
07-22 22:50:07.414 26404 26404 F DEBUG   :       #70 pc 00000000000215c8  /data/app/~~1jBCJoN39z3fV1DQIQtvXg==/com.arcfire.online-BetpbiQJUn2jx0c00be3dg==/base.apk!libfbjni.so (offset 0x1e11000) (BuildId: a22242831a7971267de570e06121acb588ce64cd)
07-22 22:50:07.414 26404 26404 F DEBUG   :       #71 pc 0000000000557f14  [anon_shmem:dalvik-jit-code-cache] (offset 0x2000000) (art_jni_trampoline+132)
07-22 22:50:07.414 26404 26404 F DEBUG   :       #72 pc 0000000000927ba0  [anon_shmem:dalvik-jit-code-cache] (offset 0x2000000) (com.facebook.jni.HybridData$Destructor.destruct+128)
07-22 22:50:07.414 26404 26404 F DEBUG   :       #73 pc 00000000002aaf94  /apex/com.android.art/lib64/libart.so (art_quick_invoke_stub+612) (BuildId: cecb684d19b4f44ee3cbd66142c315f4)
07-22 22:50:07.414 26404 26404 F DEBUG   :       #74 pc 000000000087a868  /apex/com.android.art/lib64/libart.so (bool art::interpreter::DoCall<false>(art::ArtMethod*, art::Thread*, art::ShadowFrame&, art::Instruction const*, unsigned short, bool, art::JValue*)+1620) (BuildId: cecb684d19b4f44ee3cbd66142c315f4)
07-22 22:50:07.414 26404 26404 F DEBUG   :       #75 pc 00000000006fcf7c  /apex/com.android.art/lib64/libart.so (void art::interpreter::ExecuteSwitchImplCpp<false>(art::interpreter::SwitchImplContext*)+580) (BuildId: cecb684d19b4f44ee3cbd66142c315f4)
07-22 22:50:07.414 26404 26404 F DEBUG   :       #76 pc 00000000002fde48  /apex/com.android.art/lib64/libart.so (ExecuteSwitchImplAsm+8) (BuildId: cecb684d19b4f44ee3cbd66142c315f4)
07-22 22:50:07.414 26404 26404 F DEBUG   :       #77 pc 0000000000424f00  [anon:dalvik-classes.dex extracte....arcfire.online-BetpbiQJUn2jx0c00be3dg==/base.apk] (com.facebook.jni.HybridData.resetNative+0)
07-22 22:50:07.414 26404 26404 F DEBUG   :       #78 pc 000000000087ab14  /apex/com.android.art/lib64/libart.so (bool art::interpreter::DoCall<false>(art::ArtMethod*, art::Thread*, art::ShadowFrame&, art::Instruction const*, unsigned short, bool, art::JValue*)+2304) (BuildId: cecb684d19b4f44ee3cbd66142c315f4)
07-22 22:50:07.414 26404 26404 F DEBUG   :       #79 pc 00000000006fcf7c  /apex/com.android.art/lib64/libart.so (void art::interpreter::ExecuteSwitchImplCpp<false>(art::interpreter::SwitchImplContext*)+580) (BuildId: cecb684d19b4f44ee3cbd66142c315f4)
07-22 22:50:07.414 26404 26404 F DEBUG   :       #80 pc 00000000002fde48  /apex/com.android.art/lib64/libart.so (ExecuteSwitchImplAsm+8) (BuildId: cecb684d19b4f44ee3cbd66142c315f4)
07-22 22:50:07.414 26404 26404 F DEBUG   :       #81 pc 0000000000085d90  [anon:dalvik-classes2.dex extract....arcfire.online-BetpbiQJUn2jx0c00be3dg==/base.apk] (com.shopify.reactnative.skia.SkiaDomView.finalize+0)
07-22 22:50:07.414 26404 26404 F DEBUG   :       #82 pc 00000000002fda80  /apex/com.android.art/lib64/libart.so (art::interpreter::Execute(art::Thread*, art::CodeItemDataAccessor const&, art::ShadowFrame&, art::JValue, bool, bool) (.__uniq.112435418011751916792819755956732575238.llvm.8613519112829971472)+360) (BuildId: cecb684d19b4f44ee3cbd66142c315f4)
07-22 22:50:07.414 26404 26404 F DEBUG   :       #83 pc 00000000002fd404  /apex/com.android.art/lib64/libart.so (artQuickToInterpreterBridge+916) (BuildId: cecb684d19b4f44ee3cbd66142c315f4)
07-22 22:50:07.414 26404 26404 F DEBUG   :       #84 pc 00000000002c24d8  /apex/com.android.art/lib64/libart.so (art_quick_to_interpreter_bridge+88) (BuildId: cecb684d19b4f44ee3cbd66142c315f4)
07-22 22:50:07.414 26404 26404 F DEBUG   :       #85 pc 000000000056f650  [anon_shmem:dalvik-jit-code-cache] (offset 0x2000000) (java.lang.Daemons$FinalizerDaemon.doFinalize+208)
07-22 22:50:07.414 26404 26404 F DEBUG   :       #86 pc 000000000056f334  [anon_shmem:dalvik-jit-code-cache] (offset 0x2000000) (java.lang.Daemons$FinalizerDaemon.processReference+500)
07-22 22:50:07.414 26404 26404 F DEBUG   :       #87 pc 0000000000915c68  [anon_shmem:dalvik-jit-code-cache] (offset 0x2000000) (java.lang.Daemons$FinalizerDaemon.runInternal+328)
07-22 22:50:07.414 26404 26404 F DEBUG   :       #88 pc 00000000002ab2f0  /apex/com.android.art/lib64/libart.so (art_quick_osr_stub+64) (BuildId: cecb684d19b4f44ee3cbd66142c315f4)
07-22 22:50:07.414 26404 26404 F DEBUG   :       #89 pc 00000000002303e0  /apex/com.android.art/lib64/libart.so (art::jit::Jit::MaybeDoOnStackReplacement(art::Thread*, art::ArtMethod*, unsigned int, int, art::JValue*)+668) (BuildId: cecb684d19b4f44ee3cbd66142c315f4)
07-22 22:50:07.414 26404 26404 F DEBUG   :       #90 pc 00000000006fd248  /apex/com.android.art/lib64/libart.so (void art::interpreter::ExecuteSwitchImplCpp<false>(art::interpreter::SwitchImplContext*)+1296) (BuildId: cecb684d19b4f44ee3cbd66142c315f4)
07-22 22:50:07.414 26404 26404 F DEBUG   :       #91 pc 00000000002fde48  /apex/com.android.art/lib64/libart.so (ExecuteSwitchImplAsm+8) (BuildId: cecb684d19b4f44ee3cbd66142c315f4)
07-22 22:50:07.414 26404 26404 F DEBUG   :       #92 pc 000000000002ef2c  /apex/com.android.art/javalib/core-libart.jar (java.lang.Daemons$FinalizerDaemon.runInternal+0)
07-22 22:50:07.414 26404 26404 F DEBUG   :       #93 pc 000000000087ab14  /apex/com.android.art/lib64/libart.so (bool art::interpreter::DoCall<false>(art::ArtMethod*, art::Thread*, art::ShadowFrame&, art::Instruction const*, unsigned short, bool, art::JValue*)+2304) (BuildId: cecb684d19b4f44ee3cbd66142c315f4)
07-22 22:50:07.414 26404 26404 F DEBUG   :       #94 pc 00000000006fcf7c  /apex/com.android.art/lib64/libart.so (void art::interpreter::ExecuteSwitchImplCpp<false>(art::interpreter::SwitchImplContext*)+580) (BuildId: cecb684d19b4f44ee3cbd66142c315f4)
07-22 22:50:07.414 26404 26404 F DEBUG   :       #95 pc 00000000002fde48  /apex/com.android.art/lib64/libart.so (ExecuteSwitchImplAsm+8) (BuildId: cecb684d19b4f44ee3cbd66142c315f4)
07-22 22:50:07.414 26404 26404 F DEBUG   :       #96 pc 000000000002eb58  /apex/com.android.art/javalib/core-libart.jar (java.lang.Daemons$Daemon.run+0)
07-22 22:50:07.414 26404 26404 F DEBUG   :       #97 pc 000000000087ab14  /apex/com.android.art/lib64/libart.so (bool art::interpreter::DoCall<false>(art::ArtMethod*, art::Thread*, art::ShadowFrame&, art::Instruction const*, unsigned short, bool, art::JValue*)+2304) (BuildId: cecb684d19b4f44ee3cbd66142c315f4)
07-22 22:50:07.414 26404 26404 F DEBUG   :       #98 pc 00000000006fd380  /apex/com.android.art/lib64/libart.so (void art::interpreter::ExecuteSwitchImplCpp<false>(art::interpreter::SwitchImplContext*)+1608) (BuildId: cecb684d19b4f44ee3cbd66142c315f4)
07-22 22:50:07.414 26404 26404 F DEBUG   :       #99 pc 00000000002fde48  /apex/com.android.art/lib64/libart.so (ExecuteSwitchImplAsm+8) (BuildId: cecb684d19b4f44ee3cbd66142c315f4)
07-22 22:50:07.414 26404 26404 F DEBUG   :       #100 pc 000000000011e1a0  /apex/com.android.art/javalib/core-oj.jar (java.lang.Thread.run+0)
07-22 22:50:07.414 26404 26404 F DEBUG   :       #101 pc 00000000002fda80  /apex/com.android.art/lib64/libart.so (art::interpreter::Execute(art::Thread*, art::CodeItemDataAccessor const&, art::ShadowFrame&, art::JValue, bool, bool) (.__uniq.112435418011751916792819755956732575238.llvm.8613519112829971472)+360) (BuildId: cecb684d19b4f44ee3cbd66142c315f4)
07-22 22:50:07.414 26404 26404 F DEBUG   :       #102 pc 00000000002fd404  /apex/com.android.art/lib64/libart.so (artQuickToInterpreterBridge+916) (BuildId: cecb684d19b4f44ee3cbd66142c315f4)
07-22 22:50:07.414 26404 26404 F DEBUG   :       #103 pc 00000000002c24d8  /apex/com.android.art/lib64/libart.so (art_quick_to_interpreter_bridge+88) (BuildId: cecb684d19b4f44ee3cbd66142c315f4)
07-22 22:50:07.414 26404 26404 F DEBUG   :       #104 pc 00000000002aaf94  /apex/com.android.art/lib64/libart.so (art_quick_invoke_stub+612) (BuildId: cecb684d19b4f44ee3cbd66142c315f4)
07-22 22:50:07.414 26404 26404 F DEBUG   :       #105 pc 00000000002a9268  /apex/com.android.art/lib64/libart.so (art::ArtMethod::Invoke(art::Thread*, unsigned int*, unsigned int, art::JValue*, char const*)+148) (BuildId: cecb684d19b4f44ee3cbd66142c315f4)
07-22 22:50:07.415 26404 26404 F DEBUG   :       #106 pc 00000000004e1a68  /apex/com.android.art/lib64/libart.so (art::Thread::CreateCallback(void*)+1384) (BuildId: cecb684d19b4f44ee3cbd66142c315f4)
07-22 22:50:07.415 26404 26404 F DEBUG   :       #107 pc 00000000004e14ec  /apex/com.android.art/lib64/libart.so (art::Thread::CreateCallbackWithUffdGc(void*)+12) (BuildId: cecb684d19b4f44ee3cbd66142c315f4)
07-22 22:50:07.415 26404 26404 F DEBUG   :       #108 pc 0000000000080f8c  /apex/com.android.runtime/lib64/bionic/libc.so (__pthread_start(void*)+236) (BuildId: 8ff701fa7a74a8ad475206062b5b72aa)
07-22 22:50:07.415 26404 26404 F DEBUG   :       #109 pc 00000000000737f0  /apex/com.android.runtime/lib64/bionic/libc.so (__start_thread+64) (BuildId: 8ff701fa7a74a8ad475206062b5b72aa)
