[2026-06-28 22:28:28] exit=0 kstDay=2026-06-28
> node tools/balance-ops-audit/run-balance-ops-audit.cjs

# ArcCore Balance Ops Audit

Generated: 2026-06-28T13:28:28.436Z

**Overall:** WARN


## ??1??諛곗튂 怨꾩빟 (v4.0 짠10)

- Policy CSV: OK ??Asia/Seoul 12:00, window 24h
- 踰쎌떆怨?24h 愿痢≤룹닔吏????뺤삤 1???쇨큵 遺꾩꽍쨌?щ같移샕룸갭?곗뒪쨌媛寃⑸??몄“??- SubCore probe: `ArcCoreDailyOpsSubCore` 60s tick ??`shouldRunArcCoreDailyBatch` ??`runArcCoreDailyOpsBatch`
(node:27020) [DEP0190] DeprecationWarning: Passing args to a child process with shell option true can lead to security vulnerabilities, as the arguments are not escaped, only concatenated.
(Use `node --trace-deprecation ...` to show where the warning was created)
[2026-06-29 00:02:41] exit=0 kstDay=2026-06-29
# ArcCore Balance Ops Audit
Generated: 2026-06-28T15:02:41.445Z
**Overall:** WARN
## 일 1회 배치 계약 (v4.0 §10)
- Policy CSV: OK — Asia/Seoul 12:00, window 24h
- 벽시계 24h 관측·수집 후 정오 1회 일괄 분석·재배치·밸런스·가격미세조정
- SubCore probe: `ArcCoreDailyOpsSubCore` 60s tick → `shouldRunArcCoreDailyBatch` → `runArcCoreDailyOpsBatch`
[2026-06-30 00:05:17] exit=0 kstDay=2026-06-30
# ArcCore Balance Ops Audit
Generated: 2026-06-29T15:05:17.337Z
**Overall:** WARN
## 일 1회 배치 계약 (v4.0 §10)
- Policy CSV: OK — Asia/Seoul 12:00, window 24h
- 벽시계 24h 관측·수집 후 정오 1회 일괄 분석·재배치·밸런스·가격미세조정
- SubCore probe: `ArcCoreDailyOpsSubCore` 60s tick → `shouldRunArcCoreDailyBatch` → `runArcCoreDailyOpsBatch`
[2026-07-01 00:03:00] exit=0 kstDay=2026-07-01
# ArcCore Balance Ops Audit
Generated: 2026-06-30T15:03:00.402Z
**Overall:** WARN
## 일 1회 배치 계약 (v4.0 §10)
- Policy CSV: OK — Asia/Seoul 12:00, window 24h
- 벽시계 24h 관측·수집 후 정오 1회 일괄 분석·재배치·밸런스·가격미세조정
- SubCore probe: `ArcCoreDailyOpsSubCore` 60s tick → `shouldRunArcCoreDailyBatch` → `runArcCoreDailyOpsBatch`
[2026-07-02 08:08:09] exit=0 kstDay=2026-07-02
# ArcCore Balance Ops Audit
Generated: 2026-07-01T23:08:08.939Z
**Overall:** WARN
## 일 1회 배치 계약 (v4.0 §10)
- Policy CSV: OK — Asia/Seoul 12:00, window 24h
- 벽시계 24h 관측·수집 후 정오 1회 일괄 분석·재배치·밸런스·가격미세조정
- SubCore probe: `ArcCoreDailyOpsSubCore` 60s tick → `shouldRunArcCoreDailyBatch` → `runArcCoreDailyOpsBatch`
[2026-07-03 00:03:37] exit=0 kstDay=2026-07-03
# ArcCore Balance Ops Audit
Generated: 2026-07-02T15:03:36.924Z
**Overall:** WARN
## 일 1회 배치 계약 (v4.0 §10)
- Policy CSV: OK — Asia/Seoul 12:00, window 24h
- 벽시계 24h 관측·수집 후 정오 1회 일괄 분석·재배치·밸런스·가격미세조정
- SubCore probe: `ArcCoreDailyOpsSubCore` 60s tick → `shouldRunArcCoreDailyBatch` → `runArcCoreDailyOpsBatch`
[2026-07-04 00:01:24] exit=0 kstDay=2026-07-04
# ArcCore Balance Ops Audit
Generated: 2026-07-03T15:01:24.146Z
**Overall:** WARN
## 일 1회 배치 계약 (v4.0 §10)
- Policy CSV: OK — Asia/Seoul 12:00, window 24h
- 벽시계 24h 관측·수집 후 정오 1회 일괄 분석·재배치·밸런스·가격미세조정
- SubCore probe: `ArcCoreDailyOpsSubCore` 60s tick → `shouldRunArcCoreDailyBatch` → `runArcCoreDailyOpsBatch`
[2026-07-05 00:04:49] exit=0 kstDay=2026-07-05
# ArcCore Balance Ops Audit
Generated: 2026-07-04T15:04:45.469Z
**Overall:** WARN
## 일 1회 배치 계약 (v4.0 §10)
- Policy CSV: OK — Asia/Seoul 12:00, window 24h
- 벽시계 24h 관측·수집 후 정오 1회 일괄 분석·재배치·밸런스·가격미세조정
- SubCore probe: `ArcCoreDailyOpsSubCore` 60s tick → `shouldRunArcCoreDailyBatch` → `runArcCoreDailyOpsBatch`
[2026-07-06 00:02:45] exit=0 kstDay=2026-07-06
# ArcCore Balance Ops Audit
Generated: 2026-07-05T15:02:45.240Z
**Overall:** WARN
## 일 1회 배치 계약 (v4.0 §10)
- Policy CSV: OK — Asia/Seoul 12:00, window 24h
- 벽시계 24h 관측·수집 후 정오 1회 일괄 분석·재배치·밸런스·가격미세조정
- SubCore probe: `ArcCoreDailyOpsSubCore` 60s tick → `shouldRunArcCoreDailyBatch` → `runArcCoreDailyOpsBatch`
[2026-07-07 00:00:56] exit=0 kstDay=2026-07-07
# ArcCore Balance Ops Audit
Generated: 2026-07-06T15:00:56.081Z
**Overall:** WARN
## 일 1회 배치 계약 (v4.0 §10)
- Policy CSV: OK — Asia/Seoul 12:00, window 24h
- 벽시계 24h 관측·수집 후 정오 1회 일괄 분석·재배치·밸런스·가격미세조정
- SubCore probe: `ArcCoreDailyOpsSubCore` 60s tick → `shouldRunArcCoreDailyBatch` → `runArcCoreDailyOpsBatch`
