--------- beginning of crash
06-25 15:40:33.455 17737 17788 F libc    : Fatal signal 11 (SIGSEGV), code 2 (SEGV_ACCERR), fault addr 0x776900008b in tid 17788 (mqt_v_js), pid 17737 (.arcfire.online)
06-25 15:40:34.500 18619 18619 F DEBUG   : *** *** *** *** *** *** *** *** *** *** *** *** *** *** *** ***
06-25 15:40:34.500 18619 18619 F DEBUG   : Build fingerprint: 'samsung/a34xks/a34x:16/BP2A.250605.031.A3/A346NKSSEEZD4:user/release-keys'
06-25 15:40:34.500 18619 18619 F DEBUG   : Revision: '6'
06-25 15:40:34.500 18619 18619 F DEBUG   : ABI: 'arm64'
06-25 15:40:34.500 18619 18619 F DEBUG   : Processor: '6'
06-25 15:40:34.500 18619 18619 F DEBUG   : Timestamp: 2026-06-25 15:40:33.689500366+0900
06-25 15:40:34.500 18619 18619 F DEBUG   : Process uptime: 1593s
06-25 15:40:34.500 18619 18619 F DEBUG   : Cmdline: com.arcfire.online
06-25 15:40:34.500 18619 18619 F DEBUG   : pid: 17737, tid: 17788, name: mqt_v_js  >>> com.arcfire.online <<<
06-25 15:40:34.500 18619 18619 F DEBUG   : uid: 11069
06-25 15:40:34.500 18619 18619 F DEBUG   : tagged_addr_ctrl: 0000000000000001 (PR_TAGGED_ADDR_ENABLE)
06-25 15:40:34.500 18619 18619 F DEBUG   : signal 11 (SIGSEGV), code 2 (SEGV_ACCERR), fault addr 0x000000776900008b
06-25 15:40:34.500 18619 18619 F DEBUG   :     x0  000000776900007b  x1  00000076b5000000  x2  00000000000002aa  x3  0000000000000001
06-25 15:40:34.500 18619 18619 F DEBUG   :     x4  000000784b8adb60  x5  000000005d8121bf  x6  000000784b8adc18  x7  000000784b8adc18
06-25 15:40:34.500 18619 18619 F DEBUG   :     x8  e3cfb4b87edefdc2  x9  000000784b8adc08  x10 000000784b8adc98  x11 ffffffffffffffff
06-25 15:40:34.500 18619 18619 F DEBUG   :     x12 0000000000000000  x13 0000007841c94060  x14 0000000000000001  x15 0000007841d00240
06-25 15:40:34.500 18619 18619 F DEBUG   :     x16 0000007841c92b20  x17 0000007c58ac7c80  x18 000000784a800000  x19 000000784b8adb60
06-25 15:40:34.500 18619 18619 F DEBUG   :     x20 00000000000002aa  x21 00000076b5000000  x22 00000076b5000000  x23 b400007b619df7b8
06-25 15:40:34.500 18619 18619 F DEBUG   :     x24 000000784b8af700  x25 000000784b8adc18  x26 0000000000000001  x27 0000000000000001
06-25 15:40:34.500 18619 18619 F DEBUG   :     x28 000000784b8adc08  x29 000000784b8ada70
06-25 15:40:34.500 18619 18619 F DEBUG   :     lr  0000007841b4fb44  sp  000000784b8ada60  pc  0000007841b36fdc  pst 0000000000001000
06-25 15:40:34.500 18619 18619 F DEBUG   : 43 total frames
06-25 15:40:34.500 18619 18619 F DEBUG   : backtrace:
06-25 15:40:34.500 18619 18619 F DEBUG   :       #00 pc 00000000000a7fdc  /data/app/~~hiFj_jAkPWluV2TE_GPSRg==/com.arcfire.online-yJ60PbcfjXXYr9RpfKBhXA==/base.apk!libhermes.so (offset 0x122f000) (BuildId: 86f5d3fe3822a585f13315932b890fa3aca87d19)
06-25 15:40:34.500 18619 18619 F DEBUG   :       #01 pc 00000000000c0b40  /data/app/~~hiFj_jAkPWluV2TE_GPSRg==/com.arcfire.online-yJ60PbcfjXXYr9RpfKBhXA==/base.apk!libhermes.so (offset 0x122f000) (BuildId: 86f5d3fe3822a585f13315932b890fa3aca87d19)
06-25 15:40:34.500 18619 18619 F DEBUG   :       #02 pc 00000000000c2cb0  /data/app/~~hiFj_jAkPWluV2TE_GPSRg==/com.arcfire.online-yJ60PbcfjXXYr9RpfKBhXA==/base.apk!libhermes.so (offset 0x122f000) (BuildId: 86f5d3fe3822a585f13315932b890fa3aca87d19)
06-25 15:40:34.500 18619 18619 F DEBUG   :       #03 pc 000000000008cad0  /data/app/~~hiFj_jAkPWluV2TE_GPSRg==/com.arcfire.online-yJ60PbcfjXXYr9RpfKBhXA==/base.apk!libhermes.so (offset 0x122f000) (BuildId: 86f5d3fe3822a585f13315932b890fa3aca87d19)
06-25 15:40:34.500 18619 18619 F DEBUG   :       #04 pc 00000000000ab8a0  /data/app/~~hiFj_jAkPWluV2TE_GPSRg==/com.arcfire.online-yJ60PbcfjXXYr9RpfKBhXA==/base.apk!libreanimated.so (offset 0x1bac000) (facebook::jsi::WithRuntimeDecorator<reanimated::AroundLock, facebook::jsi::Runtime, facebook::jsi::Runtime>::setPropertyValue(facebook::jsi::Object const&, facebook::jsi::String const&, facebook::jsi::Value const&)+88) (BuildId: 46cdad22725668141510151d95da88d7c5261256)
06-25 15:40:34.500 18619 18619 F DEBUG   :       #05 pc 000000000009b23c  /data/app/~~hiFj_jAkPWluV2TE_GPSRg==/com.arcfire.online-yJ60PbcfjXXYr9RpfKBhXA==/base.apk!libreanimated.so (offset 0x1bac000) (void facebook::jsi::Object::setProperty<facebook::jsi::Value>(facebook::jsi::Runtime&, char const*, facebook::jsi::Value&&) const+112) (BuildId: 46cdad22725668141510151d95da88d7c5261256)
06-25 15:40:34.500 18619 18619 F DEBUG   :       #06 pc 00000000000b9e04  /data/app/~~hiFj_jAkPWluV2TE_GPSRg==/com.arcfire.online-yJ60PbcfjXXYr9RpfKBhXA==/base.apk!libreanimated.so (offset 0x1bac000) (reanimated::ShareableObject::toJSValue(facebook::jsi::Runtime&)+176) (BuildId: 46cdad22725668141510151d95da88d7c5261256)
06-25 15:40:34.500 18619 18619 F DEBUG   :       #07 pc 00000000000ba35c  /data/app/~~hiFj_jAkPWluV2TE_GPSRg==/com.arcfire.online-yJ60PbcfjXXYr9RpfKBhXA==/base.apk!libreanimated.so (offset 0x1bac000) (reanimated::ShareableWorklet::toJSValue(facebook::jsi::Runtime&)+44) (BuildId: 46cdad22725668141510151d95da88d7c5261256)
06-25 15:40:34.500 18619 18619 F DEBUG   :       #08 pc 00000000000a92b0  /data/app/~~hiFj_jAkPWluV2TE_GPSRg==/com.arcfire.online-yJ60PbcfjXXYr9RpfKBhXA==/base.apk!libreanimated.so (offset 0x1bac000) (reanimated::WorkletRuntime::executeSync(facebook::jsi::Runtime&, facebook::jsi::Value const&) const+184) (BuildId: 46cdad22725668141510151d95da88d7c5261256)
06-25 15:40:34.500 18619 18619 F DEBUG   :       #09 pc 0000000000096070  /data/app/~~hiFj_jAkPWluV2TE_GPSRg==/com.arcfire.online-yJ60PbcfjXXYr9RpfKBhXA==/base.apk!libhermes.so (offset 0x122f000) (BuildId: 86f5d3fe3822a585f13315932b890fa3aca87d19)
06-25 15:40:34.500 18619 18619 F DEBUG   :       #10 pc 0000000000095cd0  /data/app/~~hiFj_jAkPWluV2TE_GPSRg==/com.arcfire.online-yJ60PbcfjXXYr9RpfKBhXA==/base.apk!libhermes.so (offset 0x122f000) (BuildId: 86f5d3fe3822a585f13315932b890fa3aca87d19)
06-25 15:40:34.500 18619 18619 F DEBUG   :       #11 pc 000000000009c7b8  /data/app/~~hiFj_jAkPWluV2TE_GPSRg==/com.arcfire.online-yJ60PbcfjXXYr9RpfKBhXA==/base.apk!libhermes.so (offset 0x122f000) (BuildId: 86f5d3fe3822a585f13315932b890fa3aca87d19)
06-25 15:40:34.500 18619 18619 F DEBUG   :       #12 pc 00000000000aca40  /data/app/~~hiFj_jAkPWluV2TE_GPSRg==/com.arcfire.online-yJ60PbcfjXXYr9RpfKBhXA==/base.apk!libhermes.so (offset 0x122f000) (BuildId: 86f5d3fe3822a585f13315932b890fa3aca87d19)
06-25 15:40:34.500 18619 18619 F DEBUG   :       #13 pc 00000000000ae3f4  /data/app/~~hiFj_jAkPWluV2TE_GPSRg==/com.arcfire.online-yJ60PbcfjXXYr9RpfKBhXA==/base.apk!libhermes.so (offset 0x122f000) (BuildId: 86f5d3fe3822a585f13315932b890fa3aca87d19)
06-25 15:40:34.500 18619 18619 F DEBUG   :       #14 pc 00000000000adaac  /data/app/~~hiFj_jAkPWluV2TE_GPSRg==/com.arcfire.online-yJ60PbcfjXXYr9RpfKBhXA==/base.apk!libhermes.so (offset 0x122f000) (BuildId: 86f5d3fe3822a585f13315932b890fa3aca87d19)
06-25 15:40:34.500 18619 18619 F DEBUG   :       #15 pc 000000000009c8c8  /data/app/~~hiFj_jAkPWluV2TE_GPSRg==/com.arcfire.online-yJ60PbcfjXXYr9RpfKBhXA==/base.apk!libhermes.so (offset 0x122f000) (BuildId: 86f5d3fe3822a585f13315932b890fa3aca87d19)
06-25 15:40:34.500 18619 18619 F DEBUG   :       #16 pc 000000000009b20c  /data/app/~~hiFj_jAkPWluV2TE_GPSRg==/com.arcfire.online-yJ60PbcfjXXYr9RpfKBhXA==/base.apk!libhermes.so (offset 0x122f000) (BuildId: 86f5d3fe3822a585f13315932b890fa3aca87d19)
06-25 15:40:34.500 18619 18619 F DEBUG   :       #17 pc 00000000000c1184  /data/app/~~hiFj_jAkPWluV2TE_GPSRg==/com.arcfire.online-yJ60PbcfjXXYr9RpfKBhXA==/base.apk!libhermes.so (offset 0x122f000) (BuildId: 86f5d3fe3822a585f13315932b890fa3aca87d19)
06-25 15:40:34.500 18619 18619 F DEBUG   :       #18 pc 00000000000afce0  /data/app/~~hiFj_jAkPWluV2TE_GPSRg==/com.arcfire.online-yJ60PbcfjXXYr9RpfKBhXA==/base.apk!libhermes.so (offset 0x122f000) (BuildId: 86f5d3fe3822a585f13315932b890fa3aca87d19)
06-25 15:40:34.500 18619 18619 F DEBUG   :       #19 pc 00000000000adaac  /data/app/~~hiFj_jAkPWluV2TE_GPSRg==/com.arcfire.online-yJ60PbcfjXXYr9RpfKBhXA==/base.apk!libhermes.so (offset 0x122f000) (BuildId: 86f5d3fe3822a585f13315932b890fa3aca87d19)
06-25 15:40:34.500 18619 18619 F DEBUG   :       #20 pc 000000000009c8c8  /data/app/~~hiFj_jAkPWluV2TE_GPSRg==/com.arcfire.online-yJ60PbcfjXXYr9RpfKBhXA==/base.apk!libhermes.so (offset 0x122f000) (BuildId: 86f5d3fe3822a585f13315932b890fa3aca87d19)
06-25 15:40:34.500 18619 18619 F DEBUG   :       #21 pc 000000000009b20c  /data/app/~~hiFj_jAkPWluV2TE_GPSRg==/com.arcfire.online-yJ60PbcfjXXYr9RpfKBhXA==/base.apk!libhermes.so (offset 0x122f000) (BuildId: 86f5d3fe3822a585f13315932b890fa3aca87d19)
06-25 15:40:34.500 18619 18619 F DEBUG   :       #22 pc 00000000000e34a8  /data/app/~~hiFj_jAkPWluV2TE_GPSRg==/com.arcfire.online-yJ60PbcfjXXYr9RpfKBhXA==/base.apk!libhermes.so (offset 0x122f000) (BuildId: 86f5d3fe3822a585f13315932b890fa3aca87d19)
06-25 15:40:34.500 18619 18619 F DEBUG   :       #23 pc 000000000008a300  /data/app/~~hiFj_jAkPWluV2TE_GPSRg==/com.arcfire.online-yJ60PbcfjXXYr9RpfKBhXA==/base.apk!libhermes.so (offset 0x122f000) (BuildId: 86f5d3fe3822a585f13315932b890fa3aca87d19)
06-25 15:40:34.500 18619 18619 F DEBUG   :       #24 pc 00000000001a3140  /data/app/~~hiFj_jAkPWluV2TE_GPSRg==/com.arcfire.online-yJ60PbcfjXXYr9RpfKBhXA==/base.apk!libfabricjni.so (offset 0xec7000) (facebook::react::RuntimeScheduler_Modern::executeTask(facebook::jsi::Runtime&, facebook::react::Task&, std::__ndk1::chrono::time_point<std::__ndk1::chrono::steady_clock, std::__ndk1::chrono::duration<long long, std::__ndk1::ratio<1l, 1000000000l>>>)+80) (BuildId: 074196c1ce0fefdd)
06-25 15:40:34.500 18619 18619 F DEBUG   :       #25 pc 00000000001a2d98  /data/app/~~hiFj_jAkPWluV2TE_GPSRg==/com.arcfire.online-yJ60PbcfjXXYr9RpfKBhXA==/base.apk!libfabricjni.so (offset 0xec7000) (facebook::react::RuntimeScheduler_Modern::startWorkLoop(facebook::jsi::Runtime&, bool)+144) (BuildId: 074196c1ce0fefdd)
06-25 15:40:34.500 18619 18619 F DEBUG   :       #26 pc 00000000000560c0  /data/app/~~hiFj_jAkPWluV2TE_GPSRg==/com.arcfire.online-yJ60PbcfjXXYr9RpfKBhXA==/base.apk!librninstance.so (offset 0x1ca0000) (BuildId: 44780688da79cb26)
06-25 15:40:34.500 18619 18619 F DEBUG   :       #27 pc 0000000000093194  /data/app/~~hiFj_jAkPWluV2TE_GPSRg==/com.arcfire.online-yJ60PbcfjXXYr9RpfKBhXA==/base.apk!libreactnativejni.so (offset 0x1acc000) (BuildId: 414dcce2b8e85959)
06-25 15:40:34.500 18619 18619 F DEBUG   :       #28 pc 0000000000019804  /data/app/~~hiFj_jAkPWluV2TE_GPSRg==/com.arcfire.online-yJ60PbcfjXXYr9RpfKBhXA==/base.apk!libfbjni.so (offset 0x10e5000) (facebook::jni::detail::MethodWrapper<void (facebook::jni::JNativeRunnable::*)(), &facebook::jni::JNativeRunnable::run(), facebook::jni::JNativeRunnable, void>::dispatch(facebook::jni::alias_ref<facebook::jni::detail::JTypeFor<facebook::jni::HybridClass<facebook::jni::JNativeRunnable, facebook::jni::JRunnable>::JavaPart, facebook::jni::JRunnable, void>::_javaobject*>)+72) (BuildId: a22242831a7971267de570e06121acb588ce64cd)
06-25 15:40:34.500 18619 18619 F DEBUG   :       #29 pc 0000000000019744  /data/app/~~hiFj_jAkPWluV2TE_GPSRg==/com.arcfire.online-yJ60PbcfjXXYr9RpfKBhXA==/base.apk!libfbjni.so (offset 0x10e5000) (facebook::jni::detail::FunctionWrapper<void (*)(facebook::jni::alias_ref<facebook::jni::detail::JTypeFor<facebook::jni::HybridClass<facebook::jni::JNativeRunnable, facebook::jni::JRunnable>::JavaPart, facebook::jni::JRunnable, void>::_javaobject*>), facebook::jni::detail::JTypeFor<facebook::jni::HybridClass<facebook::jni::JNativeRunnable, facebook::jni::JRunnable>::JavaPart, facebook::jni::JRunnable, void>::_javaobject*, void>::call(_JNIEnv*, _jobject*, void (*)(facebook::jni::alias_ref<facebook::jni::detail::JTypeFor<facebook::jni::HybridClass<facebook::jni::JNativeRunnable, facebook::jni::JRunnable>::JavaPart, facebook::jni::JRunnable, void>::_javaobject*>))+60) (BuildId: a22242831a7971267de570e06121acb588ce64cd)
06-25 15:40:34.500 18619 18619 F DEBUG   :       #30 pc 0000000000f2f23c  /data/misc/apexdata/com.android.art/dalvik-cache/arm64/boot.oat (art_jni_trampoline+108)
06-25 15:40:34.500 18619 18619 F DEBUG   :       #31 pc 0000000000095378  [anon_shmem:dalvik-jit-code-cache] (offset 0x2000000) (com.facebook.react.bridge.queue.MessageQueueThreadHandler.dispatchMessage+72)
06-25 15:40:34.500 18619 18619 F DEBUG   :       #32 pc 00000000009c3500  /data/misc/apexdata/com.android.art/dalvik-cache/arm64/boot.oat (android.os.Looper.loopOnce+1952)
06-25 15:40:34.500 18619 18619 F DEBUG   :       #33 pc 00000000009c2ce4  /data/misc/apexdata/com.android.art/dalvik-cache/arm64/boot.oat (android.os.Looper.loop+244)
06-25 15:40:34.500 18619 18619 F DEBUG   :       #34 pc 000000000072c104  /apex/com.android.art/lib64/libart.so (nterp_helper+116) (BuildId: 1f156fc62660d075a8d675db850b95d5)
06-25 15:40:34.500 18619 18619 F DEBUG   :       #35 pc 000000000043c0f4  /data/app/~~hiFj_jAkPWluV2TE_GPSRg==/com.arcfire.online-yJ60PbcfjXXYr9RpfKBhXA==/oat/arm64/base.vdex (com.facebook.react.bridge.queue.MessageQueueThreadImpl$4.run+80)
06-25 15:40:34.501 18619 18619 F DEBUG   :       #36 pc 000000000038dd10  /data/misc/apexdata/com.android.art/dalvik-cache/arm64/boot.oat (java.lang.Thread.run+64)
06-25 15:40:34.501 18619 18619 F DEBUG   :       #37 pc 0000000000298f94  /apex/com.android.art/lib64/libart.so (art_quick_invoke_stub+612) (BuildId: 1f156fc62660d075a8d675db850b95d5)
06-25 15:40:34.501 18619 18619 F DEBUG   :       #38 pc 000000000029738c  /apex/com.android.art/lib64/libart.so (art::ArtMethod::Invoke(art::Thread*, unsigned int*, unsigned int, art::JValue*, char const*)+148) (BuildId: 1f156fc62660d075a8d675db850b95d5)
06-25 15:40:34.501 18619 18619 F DEBUG   :       #39 pc 00000000004d5fd0  /apex/com.android.art/lib64/libart.so (art::Thread::CreateCallback(void*)+1384) (BuildId: 1f156fc62660d075a8d675db850b95d5)
06-25 15:40:34.501 18619 18619 F DEBUG   :       #40 pc 00000000004d5a54  /apex/com.android.art/lib64/libart.so (art::Thread::CreateCallbackWithUffdGc(void*)+12) (BuildId: 1f156fc62660d075a8d675db850b95d5)
06-25 15:40:34.501 18619 18619 F DEBUG   :       #41 pc 0000000000080f8c  /apex/com.android.runtime/lib64/bionic/libc.so (__pthread_start(void*)+236) (BuildId: 8ff701fa7a74a8ad475206062b5b72aa)
06-25 15:40:34.501 18619 18619 F DEBUG   :       #42 pc 00000000000737f0  /apex/com.android.runtime/lib64/bionic/libc.so (__start_thread+64) (BuildId: 8ff701fa7a74a8ad475206062b5b72aa)
--------- beginning of system
06-25 15:40:34.562  1909 18637 W ActivityManager: crash : com.arcfire.online,11069
