Applications Memory Usage (in Kilobytes):
Uptime: 1412773430 Realtime: 1502889696

** MEMINFO in pid 17131 [com.arcfire.online] **
                   Pss  Private  Private  SwapPss      Rss     Heap     Heap     Heap
                 Total    Dirty    Clean    Dirty    Total     Size    Alloc     Free
                ------   ------   ------   ------   ------   ------   ------   ------
  Native Heap   599376   599296       56       50   600064   793328   652148   124194
  Dalvik Heap    19773    18076       40       26    24188    24957    12479    12478
 Dalvik Other    17984     8760        0        0    27504                           
        Stack     3976     3976        0        0     3984                           
       Ashmem       16        0        0        0      544                           
    Other dev       45       20       20        0      576                           
     .so mmap    29023      248    24908       27    57944                           
    .jar mmap    10701        0     5928        0    44932                           
    .apk mmap    66829     2612    56404        0    85864                           
    .ttf mmap     3586        0     3288        0     3936                           
    .dex mmap    35661    34200      780        0    37912                           
    .oat mmap      111        0       36        0     1416                           
    .art mmap    10289     8356      368       59    21820                           
   Other mmap    22789        4    17764        0    28712                           
   EGL mtrack    20311    20311        0        0    20311                           
    GL mtrack    38960    38960        0        0    38960                           
      Unknown    70123    69668      444        5    70636                           
        TOTAL   949720   804487   110036      167  1069303   818285   664627   136672
 
 App Summary
                       Pss(KB)                        Rss(KB)
                        ------                         ------
           Java Heap:    26800                          46008
         Native Heap:   599296                         600064
                Code:   128804                         250820
               Stack:     3976                           3984
            Graphics:    59271                          59271
       Private Other:    96376
              System:    35197
             Unknown:                                  109156
 
           TOTAL PSS:   949720            TOTAL RSS:  1069303       TOTAL SWAP PSS:      167
 
 Objects
               Views:      287         ViewRootImpl:        1
         AppContexts:       16           Activities:        1
              Assets:       41        AssetManagers:        0
       Local Binders:       25        Proxy Binders:       70
       Parcel memory:       26         Parcel count:       86
    Death Recipients:        0             WebViews:        0
 
 Native Allocations
                         Count                       Total(kB)
                        ------                         ------
    Other (malloced):     2161                            205
 Other (nonmalloced):      111                             79
   Bitmap (malloced):        4                           5569
 
 SQL
         MEMORY_USED:     1603
  PAGECACHE_OVERFLOW:     1432          MALLOC_SIZE:     4074
 
 DATABASES
      pgsz     dbsz   Lookaside(b) cache hits cache misses cache size  Dbname
PER CONNECTION STATS
         4     1188             41  1361  1290     4  /data/user/0/com.arcfire.online/databases/RKStorage
         4      180             92  1176   708    25  /data/user/0/com.arcfire.online/databases/firestore.%5BDEFAULT%5D.arcfire-49d69.%28default%29
POOL STATS
     cache hits  cache misses    cache size  Dbname
           1361          1291          2652  /data/user/0/com.arcfire.online/databases/RKStorage
           1176           709          1885  /data/user/0/com.arcfire.online/databases/firestore.%5BDEFAULT%5D.arcfire-49d69.%28default%29

