Applications Memory Usage (in Kilobytes):
Uptime: 1536816607 Realtime: 1626932873

** MEMINFO in pid 31346 [com.arcfire.online] **
                   Pss  Private  Private  SwapPss      Rss     Heap     Heap     Heap
                 Total    Dirty    Clean    Dirty    Total     Size    Alloc     Free
                ------   ------   ------   ------   ------   ------   ------   ------
  Native Heap   593219   593148       48       50   593916   732456   660963    60839
  Dalvik Heap    47371    45668       64       25    51772    47821    23911    23910
 Dalvik Other    18408     9156        0        0    27956                           
        Stack     4373     4372        0        0     4380                           
       Ashmem       15        0        0        0      544                           
    Other dev       30       16        8        0      564                           
     .so mmap    15591      248    10200       23    47064                           
    .jar mmap     5790        0     2444        0    38872                           
    .apk mmap    58075     2612    48468        0    77024                           
    .ttf mmap     2975        0     2548        0     3640                           
    .dex mmap    35091    34200      244        0    37324                           
    .oat mmap       68        0       24        0     1340                           
    .art mmap    10234     8364      304       58    21824                           
   Other mmap    38249       12    32924        0    44548                           
   EGL mtrack    20447    20447        0        0    20447                           
    GL mtrack    54892    54892        0        0    54892                           
      Unknown    71798    71252      536        5    72304                           
        TOTAL   976787   844387    97812      161  1098411   780277   684874    84749
 
 App Summary
                       Pss(KB)                        Rss(KB)
                        ------                         ------
           Java Heap:    54336                          73596
         Native Heap:   593148                         593916
                Code:   101428                         224176
               Stack:     4372                           4380
            Graphics:    75339                          75339
       Private Other:   113576
              System:    34588
             Unknown:                                  127004
 
           TOTAL PSS:   976787            TOTAL RSS:  1098411       TOTAL SWAP PSS:      161
 
 Objects
               Views:      292         ViewRootImpl:        1
         AppContexts:       16           Activities:        1
              Assets:       41        AssetManagers:        0
       Local Binders:       25        Proxy Binders:       70
       Parcel memory:       27         Parcel count:       92
    Death Recipients:        0             WebViews:        0
 
 Native Allocations
                         Count                       Total(kB)
                        ------                         ------
   Bitmap (malloced):        4                           5569
    Other (malloced):     2165                            205
 Other (nonmalloced):      111                             79
 
 SQL
         MEMORY_USED:     1608
  PAGECACHE_OVERFLOW:     1436          MALLOC_SIZE:     4079
 
 DATABASES
      pgsz     dbsz   Lookaside(b) cache hits cache misses cache size  Dbname
PER CONNECTION STATS
         4      180             92  1526  1535    25  /data/user/0/com.arcfire.online/databases/firestore.%5BDEFAULT%5D.arcfire-49d69.%28default%29
         4     1192             41  1739  1725     4  /data/user/0/com.arcfire.online/databases/RKStorage
POOL STATS
     cache hits  cache misses    cache size  Dbname
           1526          1536          3062  /data/user/0/com.arcfire.online/databases/firestore.%5BDEFAULT%5D.arcfire-49d69.%28default%29
           1739          1726          3465  /data/user/0/com.arcfire.online/databases/RKStorage

