Applications Memory Usage (in Kilobytes):
Uptime: 1545349236 Realtime: 1635465502

** MEMINFO in pid 31346 [com.arcfire.online] **
                   Pss  Private  Private  SwapPss      Rss     Heap     Heap     Heap
                 Total    Dirty    Clean    Dirty    Total     Size    Alloc     Free
                ------   ------   ------   ------   ------   ------   ------   ------
  Native Heap   606823   606784       16    14742   607524   753484   671772    71454
  Dalvik Heap    39594    37888       64       25    43992    57847    33271    24576
 Dalvik Other    17772     8464        0      116    27376                           
        Stack     4140     4140        0      240     4148                           
       Ashmem       15        0        0        0      544                           
    Other dev       15        0        8        0      556                           
     .so mmap    12935      228     6580       43    45604                           
    .jar mmap     4043        0     1284        0    35364                           
    .apk mmap    33223     1872    25248      740    52236                           
    .ttf mmap     2425        0     1916        0     3180                           
    .dex mmap    21483    20892       84    13308    23652                           
    .oat mmap       67        0       24        0     1336                           
    .art mmap    10098     8256      288      166    21704                           
   Other mmap    38110        4    32788        0    44340                           
   EGL mtrack    20311    20311        0        0    20311                           
    GL mtrack    54892    54892        0        0    54892                           
      Unknown    76524    75984      516     1133    77052                           
        TOTAL   972983   839715    68816    30513  1063811   811331   705043    96030
 
 App Summary
                       Pss(KB)                        Rss(KB)
                        ------                         ------
           Java Heap:    46432                          65696
         Native Heap:   606784                         607524
                Code:    58168                         179996
               Stack:     4140                           4148
            Graphics:    75203                          75203
       Private Other:   117804
              System:    64452
             Unknown:                                  131244
 
           TOTAL PSS:   972983            TOTAL RSS:  1063811       TOTAL SWAP PSS:    30513
 
 Objects
               Views:      288         ViewRootImpl:        1
         AppContexts:       16           Activities:        1
              Assets:       41        AssetManagers:        0
       Local Binders:       25        Proxy Binders:       70
       Parcel memory:       27         Parcel count:       92
    Death Recipients:        0             WebViews:        0
 
 Native Allocations
                         Count                       Total(kB)
                        ------                         ------
    Other (malloced):     2157                            204
 Other (nonmalloced):      111                             79
   Bitmap (malloced):        4                           5569
 
 SQL
         MEMORY_USED:     1603
  PAGECACHE_OVERFLOW:     1432          MALLOC_SIZE:     4081
 
 DATABASES
      pgsz     dbsz   Lookaside(b) cache hits cache misses cache size  Dbname
PER CONNECTION STATS
         4      180             92  1790  2217    25  /data/user/0/com.arcfire.online/databases/firestore.%5BDEFAULT%5D.arcfire-49d69.%28default%29
         4     1188             41  1877  1985     4  /data/user/0/com.arcfire.online/databases/RKStorage
POOL STATS
     cache hits  cache misses    cache size  Dbname
           1790          2218          4008  /data/user/0/com.arcfire.online/databases/firestore.%5BDEFAULT%5D.arcfire-49d69.%28default%29
           1877          1986          3863  /data/user/0/com.arcfire.online/databases/RKStorage

