Applications Memory Usage (in Kilobytes):
Uptime: 1539174648 Realtime: 1629290914

** MEMINFO in pid 31346 [com.arcfire.online] **
                   Pss  Private  Private  SwapPss      Rss     Heap     Heap     Heap
                 Total    Dirty    Clean    Dirty    Total     Size    Alloc     Free
                ------   ------   ------   ------   ------   ------   ------   ------
  Native Heap   602955   602884       48       50   603652   737880   668440    58549
  Dalvik Heap    43302    41600       64       25    47704    50070    25494    24576
 Dalvik Other    18456     9192        0        0    28016                           
        Stack     4457     4456        0        0     4464                           
       Ashmem       15        0        0        0      544                           
    Other dev       30       16        8        0      564                           
     .so mmap    15580      248    10188       23    47064                           
    .jar mmap     5710        0     2424        0    38872                           
    .apk mmap    58057     2612    48432        0    77024                           
    .ttf mmap     2893        0     2360        0     3672                           
    .dex mmap    35091    34200      244        0    37324                           
    .oat mmap       68        0       24        0     1340                           
    .art mmap    10231     8364      304       58    21824                           
   Other mmap    38253        4    32924        0    44564                           
   EGL mtrack    20311    20311        0        0    20311                           
    GL mtrack    54892    54892        0        0    54892                           
      Unknown    73398    72844      544        5    73904                           
        TOTAL   983860   851623    97564      161  1105735   787950   693934    83125
 
 App Summary
                       Pss(KB)                        Rss(KB)
                        ------                         ------
           Java Heap:    50268                          69528
         Native Heap:   602884                         603652
                Code:   101172                         224232
               Stack:     4456                           4464
            Graphics:    75203                          75203
       Private Other:   115204
              System:    34673
             Unknown:                                  128656
 
           TOTAL PSS:   983860            TOTAL RSS:  1105735       TOTAL SWAP PSS:      161
 
 Objects
               Views:      288         ViewRootImpl:        1
         AppContexts:       16           Activities:        1
              Assets:       41        AssetManagers:        0
       Local Binders:       25        Proxy Binders:       70
       Parcel memory:       27         Parcel count:       90
    Death Recipients:        0             WebViews:        0
 
 Native Allocations
                         Count                       Total(kB)
                        ------                         ------
    Other (malloced):     2157                            204
 Other (nonmalloced):      111                             79
   Bitmap (malloced):        4                           5569
 
 SQL
         MEMORY_USED:     1608
  PAGECACHE_OVERFLOW:     1436          MALLOC_SIZE:     4079
 
 DATABASES
      pgsz     dbsz   Lookaside(b) cache hits cache misses cache size  Dbname
PER CONNECTION STATS
         4      180             92  1614  1728    25  /data/user/0/com.arcfire.online/databases/firestore.%5BDEFAULT%5D.arcfire-49d69.%28default%29
         4     1192             41  1777  1796     4  /data/user/0/com.arcfire.online/databases/RKStorage
POOL STATS
     cache hits  cache misses    cache size  Dbname
           1614          1729          3343  /data/user/0/com.arcfire.online/databases/firestore.%5BDEFAULT%5D.arcfire-49d69.%28default%29
           1777          1797          3574  /data/user/0/com.arcfire.online/databases/RKStorage

