Applications Memory Usage (in Kilobytes):
Uptime: 1615920774 Realtime: 1706037040

** MEMINFO in pid 20142 [com.arcfire.online] **
                   Pss  Private  Private  SwapPss      Rss     Heap     Heap     Heap
                 Total    Dirty    Clean    Dirty    Total     Size    Alloc     Free
                ------   ------   ------   ------   ------   ------   ------   ------
  Native Heap   610979   610900       60       48   611672   797108   677026   108882
  Dalvik Heap    37935    36264       28       25    42364    40977    20489    20488
 Dalvik Other    18828     9200        0        0    28752                           
        Stack     4465     4464        0        0     4472                           
       Ashmem       15        0        0        0      544                           
    Other dev       46       20       20        0      576                           
     .so mmap    29229      248    24392       22    58008                           
    .jar mmap     8154        0     3876        0    42424                           
    .apk mmap    59866     2612    48980        0    82376                           
    .ttf mmap     4908        0     4412        0     5560                           
    .dex mmap    36093    34768      652        0    38568                           
    .oat mmap       82        0       16        0     1372                           
    .art mmap    10251     8372      316       56    21832                           
   Other mmap    40317        4    34504        0    47212                           
   EGL mtrack    20311    20311        0        0    20311                           
    GL mtrack    52432    52432        0        0    52432                           
      Unknown    93156    92604      536        5    93668                           
        TOTAL  1027223   872199   117792      156  1152143   838085   697515   129370
 
 App Summary
                       Pss(KB)                        Rss(KB)
                        ------                         ------
           Java Heap:    44952                          64196
         Native Heap:   610900                         611672
                Code:   120340                         247916
               Stack:     4464                           4472
            Graphics:    72743                          72743
       Private Other:   136592
              System:    37232
             Unknown:                                  151144
 
           TOTAL PSS:  1027223            TOTAL RSS:  1152143       TOTAL SWAP PSS:      156
 
 Objects
               Views:      372         ViewRootImpl:        1
         AppContexts:       16           Activities:        1
              Assets:       41        AssetManagers:        0
       Local Binders:       25        Proxy Binders:       70
       Parcel memory:       28         Parcel count:       94
    Death Recipients:        0             WebViews:        0
 
 Native Allocations
                         Count                       Total(kB)
                        ------                         ------
    Other (malloced):     2696                            256
 Other (nonmalloced):      111                             79
   Bitmap (malloced):       14                           6691
 
 SQL
         MEMORY_USED:     1518
  PAGECACHE_OVERFLOW:     1346          MALLOC_SIZE:     4421
 
 DATABASES
      pgsz     dbsz   Lookaside(b) cache hits cache misses cache size  Dbname
PER CONNECTION STATS
         4     1300             41  1655  1516     4  /data/user/0/com.arcfire.online/databases/RKStorage
         4      192             92  1572  1016    25  /data/user/0/com.arcfire.online/databases/firestore.%5BDEFAULT%5D.arcfire-49d69.%28default%29
POOL STATS
     cache hits  cache misses    cache size  Dbname
           1655          1517          3172  /data/user/0/com.arcfire.online/databases/RKStorage
           1572          1017          2589  /data/user/0/com.arcfire.online/databases/firestore.%5BDEFAULT%5D.arcfire-49d69.%28default%29

