Applications Memory Usage (in Kilobytes):
Uptime: 1632095273 Realtime: 1722211539

** MEMINFO in pid 20142 [com.arcfire.online] **
                   Pss  Private  Private  SwapPss      Rss     Heap     Heap     Heap
                 Total    Dirty    Clean    Dirty    Total     Size    Alloc     Free
                ------   ------   ------   ------   ------   ------   ------   ------
  Native Heap   640135   640084       28    14498   640828   837916   700757   125515
  Dalvik Heap    36942    35264       28       29    41364    56160    31584    24576
 Dalvik Other    18504     8800        0      160    28504                           
        Stack     4401     4400        0      192     4408                           
       Ashmem       15        0        0        0      544                           
    Other dev       21        0       12        0      560                           
     .so mmap    17028      232    12984       39    46396                           
    .jar mmap     4081        0     1236        0    34984                           
    .apk mmap    30767     1872    22804      740    51644                           
    .ttf mmap     2916        0     2592        0     3308                           
    .dex mmap    21878    21300       72    13412    24312                           
    .oat mmap       77        0       36        0     1324                           
    .art mmap     9843     7996      276      435    21408                           
   Other mmap    37848        4    32588        0    44016                           
   EGL mtrack    20311    20311        0        0    20311                           
    GL mtrack    52404    52404        0        0    52404                           
      Unknown    89683    89152      512     1053    90212                           
        TOTAL  1017412   881819    73168    30558  1106527   894076   732341   150091
 
 App Summary
                       Pss(KB)                        Rss(KB)
                        ------                         ------
           Java Heap:    43536                          62772
         Native Heap:   640084                         640828
                Code:    63200                         181416
               Stack:     4400                           4408
            Graphics:    72715                          72715
       Private Other:   131052
              System:    62425
             Unknown:                                  144388
 
           TOTAL PSS:  1017412            TOTAL RSS:  1106527       TOTAL SWAP PSS:    30558
 
 Objects
               Views:      368         ViewRootImpl:        1
         AppContexts:       16           Activities:        1
              Assets:       41        AssetManagers:        0
       Local Binders:       25        Proxy Binders:       70
       Parcel memory:       28         Parcel count:       96
    Death Recipients:        0             WebViews:        0
 
 Native Allocations
                         Count                       Total(kB)
                        ------                         ------
    Other (malloced):     2690                            255
 Other (nonmalloced):      111                             79
   Bitmap (malloced):       14                           6691
 
 SQL
         MEMORY_USED:     1522
  PAGECACHE_OVERFLOW:     1351          MALLOC_SIZE:     4424
 
 DATABASES
      pgsz     dbsz   Lookaside(b) cache hits cache misses cache size  Dbname
PER CONNECTION STATS
         4     1300             41  1917  1957     4  /data/user/0/com.arcfire.online/databases/RKStorage
         4      192             92  2056  2251    25  /data/user/0/com.arcfire.online/databases/firestore.%5BDEFAULT%5D.arcfire-49d69.%28default%29
POOL STATS
     cache hits  cache misses    cache size  Dbname
           1917          1958          3875  /data/user/0/com.arcfire.online/databases/RKStorage
           2056          2252          4308  /data/user/0/com.arcfire.online/databases/firestore.%5BDEFAULT%5D.arcfire-49d69.%28default%29

