Applications Memory Usage (in Kilobytes):
Uptime: 1488079418 Realtime: 1578195684

** MEMINFO in pid 19255 [com.arcfire.online] **
                   Pss  Private  Private  SwapPss      Rss     Heap     Heap     Heap
                 Total    Dirty    Clean    Dirty    Total     Size    Alloc     Free
                ------   ------   ------   ------   ------   ------   ------   ------
  Native Heap   430649   430584       48       49   431348   547752   485974    43291
  Dalvik Heap    22186    20512       20       25    26624    23676    11838    11838
 Dalvik Other     4647     3904        0        1     5884                           
        Stack     1844     1844        0        0     1848                           
       Ashmem       15        0        0        0      544                           
    Other dev       28        4       20        0      492                           
     .so mmap    13697      244     4852       22    50244                           
    .jar mmap     3544        0      996        0    34332                           
    .apk mmap    34477     1256    25588        0    52400                           
    .ttf mmap     3183        0     2244        0     4548                           
    .dex mmap    23864       12    23204        0    26164                           
    .oat mmap     1048        0      188        0    12820                           
    .art mmap     5730     3936      136      127    20728                           
   Other mmap      964        4      296        0     2624                           
   EGL mtrack    20311    20311        0        0    20311                           
    GL mtrack   233880   233880        0        0   233880                           
      Unknown    40703    40348      292        5    41292                           
        TOTAL   840999   756839    57884      229   966083   571428   497812    55129
 
 App Summary
                       Pss(KB)                        Rss(KB)
                        ------                         ------
           Java Heap:    24584                          47352
         Native Heap:   430584                         431348
                Code:    58600                         181972
               Stack:     1844                           1848
            Graphics:   254191                         254191
       Private Other:    44920
              System:    26276
             Unknown:                                   49372
 
           TOTAL PSS:   840999            TOTAL RSS:   966083       TOTAL SWAP PSS:      229
 
 Objects
               Views:      936         ViewRootImpl:        1
         AppContexts:       16           Activities:        1
              Assets:       41        AssetManagers:        0
       Local Binders:       23        Proxy Binders:       65
       Parcel memory:       24         Parcel count:       78
    Death Recipients:        0             WebViews:        0
 
 Native Allocations
                         Count                       Total(kB)
                        ------                         ------
    Other (malloced):    10553                           1008
 Other (nonmalloced):      106                             75
   Bitmap (malloced):        2                          84109
 
 SQL
         MEMORY_USED:      595
  PAGECACHE_OVERFLOW:      425          MALLOC_SIZE:      424
 
 DATABASES
      pgsz     dbsz   Lookaside(b) cache hits cache misses cache size  Dbname
PER CONNECTION STATS
         4      176             92   514   288    25  /data/user/0/com.arcfire.online/databases/firestore.%5BDEFAULT%5D.arcfire-49d69.%28default%29
         4      248             41   905   837     4  /data/user/0/com.arcfire.online/databases/RKStorage
POOL STATS
     cache hits  cache misses    cache size  Dbname
            514           289           803  /data/user/0/com.arcfire.online/databases/firestore.%5BDEFAULT%5D.arcfire-49d69.%28default%29
            905           838          1743  /data/user/0/com.arcfire.online/databases/RKStorage
 
 Asset Allocations
    : 4100K

