Applications Memory Usage (in Kilobytes):
Uptime: 1533119097 Realtime: 1623235363

** MEMINFO in pid 31346 [com.arcfire.online] **
                   Pss  Private  Private  SwapPss      Rss     Heap     Heap     Heap
                 Total    Dirty    Clean    Dirty    Total     Size    Alloc     Free
                ------   ------   ------   ------   ------   ------   ------   ------
  Native Heap   584888   584816       48       50   585584   717352   657421    49785
  Dalvik Heap    40284    38576       64       26    44680    41789    20895    20894
 Dalvik Other    18338     9092        0        0    27880                           
        Stack     4365     4364        0        0     4372                           
       Ashmem       16        0        0        0      544                           
    Other dev       30       16        8        0      564                           
     .so mmap    15772      248    10348       27    47064                           
    .jar mmap     5909        0     2456        0    38872                           
    .apk mmap    57484     2612    47928        0    77024                           
    .ttf mmap     3009        0     2620        0     3640                           
    .dex mmap    35053    34200      188        0    37324                           
    .oat mmap       72        0       24        0     1340                           
    .art mmap    10238     8364      300       59    21824                           
   Other mmap    38458        4    33372        0    44520                           
   EGL mtrack    20311    20311        0        0    20311                           
    GL mtrack    54892    54892        0        0    54892                           
      Unknown    69288    68812      464        5    69796                           
        TOTAL   958574   826307    97820      167  1080231   759141   678316    70679
 
 App Summary
                       Pss(KB)                        Rss(KB)
                        ------                         ------
           Java Heap:    47240                          66504
         Native Heap:   584816                         585584
                Code:   101052                         224152
               Stack:     4364                           4372
            Graphics:    75203                          75203
       Private Other:   111452
              System:    34447
             Unknown:                                  124416
 
           TOTAL PSS:   958574            TOTAL RSS:  1080231       TOTAL SWAP PSS:      167
 
 Objects
               Views:      292         ViewRootImpl:        1
         AppContexts:       16           Activities:        1
              Assets:       41        AssetManagers:        0
       Local Binders:       25        Proxy Binders:       70
       Parcel memory:       27         Parcel count:       90
    Death Recipients:        0             WebViews:        0
 
 Native Allocations
                         Count                       Total(kB)
                        ------                         ------
   Bitmap (malloced):        4                           5569
    Other (malloced):     2163                            205
 Other (nonmalloced):      111                             79
 
 SQL
         MEMORY_USED:     1608
  PAGECACHE_OVERFLOW:     1436          MALLOC_SIZE:     4078
 
 DATABASES
      pgsz     dbsz   Lookaside(b) cache hits cache misses cache size  Dbname
PER CONNECTION STATS
         4      180             92  1438  1258    25  /data/user/0/com.arcfire.online/databases/firestore.%5BDEFAULT%5D.arcfire-49d69.%28default%29
         4     1192             41  1677  1618     4  /data/user/0/com.arcfire.online/databases/RKStorage
POOL STATS
     cache hits  cache misses    cache size  Dbname
           1438          1259          2697  /data/user/0/com.arcfire.online/databases/firestore.%5BDEFAULT%5D.arcfire-49d69.%28default%29
           1677          1619          3296  /data/user/0/com.arcfire.online/databases/RKStorage

