Applications Memory Usage (in Kilobytes):
Uptime: 1614792321 Realtime: 1704908587

** MEMINFO in pid 20142 [com.arcfire.online] **
                   Pss  Private  Private  SwapPss      Rss     Heap     Heap     Heap
                 Total    Dirty    Clean    Dirty    Total     Size    Alloc     Free
                ------   ------   ------   ------   ------   ------   ------   ------
  Native Heap   607821   607740       60       48   608512   795076   658603   125181
  Dalvik Heap    23816    22144       28       25    28244    37209    18605    18604
 Dalvik Other    18794     9188        0        0    28696                           
        Stack     4401     4400        0        0     4408                           
       Ashmem       15        0        0        0      544                           
    Other dev       46       20       20        0      576                           
     .so mmap    29239      248    24392       22    58008                           
    .jar mmap     8222        0     3864        0    42424                           
    .apk mmap    60051     2612    49024        0    82376                           
    .ttf mmap     4908        0     4412        0     5560                           
    .dex mmap    36095    34768      652        0    38568                           
    .oat mmap       83        0       16        0     1372                           
    .art mmap    10253     8372      316       56    21832                           
   Other mmap    40335       16    34504        0    47220                           
   EGL mtrack    35131    35131        0        0    35131                           
    GL mtrack    53472    53472        0        0    53472                           
      Unknown    97252    96700      536        5    97764                           
        TOTAL  1030090   874811   117824      156  1154707   832285   677208   143785
 
 App Summary
                       Pss(KB)                        Rss(KB)
                        ------                         ------
           Java Heap:    30832                          50076
         Native Heap:   607740                         608512
                Code:   120372                         247872
               Stack:     4400                           4408
            Graphics:    88603                          88603
       Private Other:   140688
              System:    37455
             Unknown:                                  155236
 
           TOTAL PSS:  1030090            TOTAL RSS:  1154707       TOTAL SWAP PSS:      156
 
 Objects
               Views:      393         ViewRootImpl:        1
         AppContexts:       16           Activities:        1
              Assets:       41        AssetManagers:        0
       Local Binders:       25        Proxy Binders:       70
       Parcel memory:       28         Parcel count:       94
    Death Recipients:        0             WebViews:        0
 
 Native Allocations
                         Count                       Total(kB)
                        ------                         ------
    Other (malloced):     2807                            267
 Other (nonmalloced):      111                             79
   Bitmap (malloced):       14                           6691
 
 SQL
         MEMORY_USED:     1569
  PAGECACHE_OVERFLOW:     1398          MALLOC_SIZE:     4421
 
 DATABASES
      pgsz     dbsz   Lookaside(b) cache hits cache misses cache size  Dbname
PER CONNECTION STATS
         4     1300             41  1641  1488     4  /data/user/0/com.arcfire.online/databases/RKStorage
         4      192             92  1528   926    25  /data/user/0/com.arcfire.online/databases/firestore.%5BDEFAULT%5D.arcfire-49d69.%28default%29
POOL STATS
     cache hits  cache misses    cache size  Dbname
           1641          1489          3130  /data/user/0/com.arcfire.online/databases/RKStorage
           1528           927          2455  /data/user/0/com.arcfire.online/databases/firestore.%5BDEFAULT%5D.arcfire-49d69.%28default%29

