Applications Memory Usage (in Kilobytes):
Uptime: 1622830092 Realtime: 1712946358

** MEMINFO in pid 20142 [com.arcfire.online] **
                   Pss  Private  Private  SwapPss      Rss     Heap     Heap     Heap
                 Total    Dirty    Clean    Dirty    Total     Size    Alloc     Free
                ------   ------   ------   ------   ------   ------   ------   ------
  Native Heap   619143   619092       32    14501   619836   817188   702516   103231
  Dalvik Heap    47012    45348       28       29    51448    47489    23745    23744
 Dalvik Other    18616     8964        0      160    28564                           
        Stack     4420     4420        0      192     4428                           
       Ashmem       15        0        0        0      544                           
    Other dev       31       16       12        0      560                           
     .so mmap    20199      232    16876       38    48144                           
    .jar mmap     4680        0     1400        0    36920                           
    .apk mmap    34093     1872    25788      740    54904                           
    .ttf mmap     3143        0     2812        0     3600                           
    .dex mmap    21889    21300      140    13456    24288                           
    .oat mmap       64        0        0        0     1328                           
    .art mmap     9803     7996      268      433    21408                           
   Other mmap    39640        4    34096        0    46080                           
   EGL mtrack    20311    20311        0        0    20311                           
    GL mtrack    52404    52404        0        0    52404                           
      Unknown    83964    83396      552     1053    84476                           
        TOTAL  1010029   865355    82004    30602  1099243   864677   726261   126975
 
 App Summary
                       Pss(KB)                        Rss(KB)
                        ------                         ------
           Java Heap:    53612                          72856
         Native Heap:   619092                         619836
                Code:    70504                         188540
               Stack:     4420                           4428
            Graphics:    72715                          72715
       Private Other:   127016
              System:    62670
             Unknown:                                  140868
 
           TOTAL PSS:  1010029            TOTAL RSS:  1099243       TOTAL SWAP PSS:    30602
 
 Objects
               Views:      368         ViewRootImpl:        1
         AppContexts:       16           Activities:        1
              Assets:       41        AssetManagers:        0
       Local Binders:       25        Proxy Binders:       70
       Parcel memory:       29         Parcel count:       98
    Death Recipients:        0             WebViews:        0
 
 Native Allocations
                         Count                       Total(kB)
                        ------                         ------
    Other (malloced):     2690                            255
 Other (nonmalloced):      111                             79
   Bitmap (malloced):       14                           6691
 
 SQL
         MEMORY_USED:     1561
  PAGECACHE_OVERFLOW:     1389          MALLOC_SIZE:     4422
 
 DATABASES
      pgsz     dbsz   Lookaside(b) cache hits cache misses cache size  Dbname
PER CONNECTION STATS
         4     1300             41  1797  1725     4  /data/user/0/com.arcfire.online/databases/RKStorage
         4      192             92  1836  1555    25  /data/user/0/com.arcfire.online/databases/firestore.%5BDEFAULT%5D.arcfire-49d69.%28default%29
POOL STATS
     cache hits  cache misses    cache size  Dbname
           1797          1726          3523  /data/user/0/com.arcfire.online/databases/RKStorage
           1836          1556          3392  /data/user/0/com.arcfire.online/databases/firestore.%5BDEFAULT%5D.arcfire-49d69.%28default%29

