Applications Memory Usage (in Kilobytes):
Uptime: 1344384713 Realtime: 1434500979

** MEMINFO in pid 21407 [com.arcfire.online] **
                   Pss  Private  Private  SwapPss      Rss     Heap     Heap     Heap
                 Total    Dirty    Clean    Dirty    Total     Size    Alloc     Free
                ------   ------   ------   ------   ------   ------   ------   ------
  Native Heap   370261   370216       20   142330   370952   717592   612922    97500
  Dalvik Heap    20901    19200       60      165    25304    31735    15868    15867
 Dalvik Other    17538     8280        0      248    27092                           
        Stack     3500     3500        0      688     3508                           
       Ashmem       15        0        0        0      548                           
    Other dev       16        4        8        0      556                           
     .so mmap    10459      224     5320       47    46640                           
    .jar mmap     2956        0      696        0    32460                           
    .apk mmap    29155     1728    22184      884    43272                           
    .ttf mmap     2984        0     2460        0     4372                           
    .dex mmap    15091    14392      552    19256    16128                           
    .oat mmap       48        0       12        0     1180                           
    .art mmap     5332     3800       36     4647    16916                           
   Other mmap     9302        4     3876        0    15640                           
   EGL mtrack    20311    20311        0        0    20311                           
    GL mtrack   268432   268432        0        0   268432                           
      Unknown    67035    66660      340    10005    67628                           
        TOTAL  1021606   776751    35564   178270   960939   749327   628790   113367
 
 App Summary
                       Pss(KB)                        Rss(KB)
                        ------                         ------
           Java Heap:    23036                          42220
         Native Heap:   370216                         370952
                Code:    47644                         162612
               Stack:     3500                           3508
            Graphics:   288743                         288743
       Private Other:    79176
              System:   209291
             Unknown:                                   92904
 
           TOTAL PSS:  1021606            TOTAL RSS:   960939       TOTAL SWAP PSS:   178270
 
 Objects
               Views:      951         ViewRootImpl:        1
         AppContexts:       16           Activities:        1
              Assets:       41        AssetManagers:        0
       Local Binders:       25        Proxy Binders:       70
       Parcel memory:       26         Parcel count:       86
    Death Recipients:        0             WebViews:        0
 
 Native Allocations
                         Count                       Total(kB)
                        ------                         ------
    Other (malloced):     8260                            788
 Other (nonmalloced):      111                             79
   Bitmap (malloced):        6                          94839
 
 SQL
         MEMORY_USED:     1612
  PAGECACHE_OVERFLOW:     1440          MALLOC_SIZE:     4083
 
 DATABASES
      pgsz     dbsz   Lookaside(b) cache hits cache misses cache size  Dbname
PER CONNECTION STATS
         4     1196             41  1909  1334     4  /data/user/0/com.arcfire.online/databases/RKStorage
         4      180             92  1866   878    25  /data/user/0/com.arcfire.online/databases/firestore.%5BDEFAULT%5D.arcfire-49d69.%28default%29
POOL STATS
     cache hits  cache misses    cache size  Dbname
           1909          1335          3244  /data/user/0/com.arcfire.online/databases/RKStorage
           1866           879          2745  /data/user/0/com.arcfire.online/databases/firestore.%5BDEFAULT%5D.arcfire-49d69.%28default%29

