Applications Memory Usage (in Kilobytes):
Uptime: 1630866750 Realtime: 1720983017

** MEMINFO in pid 20142 [com.arcfire.online] **
                   Pss  Private  Private  SwapPss      Rss     Heap     Heap     Heap
                 Total    Dirty    Clean    Dirty    Total     Size    Alloc     Free
                ------   ------   ------   ------   ------   ------   ------   ------
  Native Heap   636343   636292       28    14498   637036   835356   701228   122717
  Dalvik Heap    37130    35452       28       29    41552    53212    28636    24576
 Dalvik Other    18638     8936        0      160    28636                           
        Stack     4401     4400        0      192     4408                           
       Ashmem       15        0        0        0      544                           
    Other dev       21        0       12        0      560                           
     .so mmap    17028      232    12984       39    46396                           
    .jar mmap     4083        0     1236        0    34984                           
    .apk mmap    30769     1872    22804      740    51644                           
    .ttf mmap     2916        0     2592        0     3308                           
    .dex mmap    21878    21300       72    13412    24312                           
    .oat mmap       77        0       36        0     1324                           
    .art mmap     9844     7996      276      435    21408                           
   Other mmap    37846        4    32588        0    44012                           
   EGL mtrack    20311    20311        0        0    20311                           
    GL mtrack    54456    54456        0        0    54456                           
      Unknown    88215    87696      500     1053    88744                           
        TOTAL  1014529   878947    73156    30558  1103635   888568   729864   147293
 
 App Summary
                       Pss(KB)                        Rss(KB)
                        ------                         ------
           Java Heap:    43724                          62960
         Native Heap:   636292                         637036
                Code:    63200                         181412
               Stack:     4400                           4408
            Graphics:    74767                          74767
       Private Other:   129720
              System:    62426
             Unknown:                                  143052
 
           TOTAL PSS:  1014529            TOTAL RSS:  1103635       TOTAL SWAP PSS:    30558
 
 Objects
               Views:      368         ViewRootImpl:        1
         AppContexts:       16           Activities:        1
              Assets:       41        AssetManagers:        0
       Local Binders:       25        Proxy Binders:       70
       Parcel memory:       29         Parcel count:       98
    Death Recipients:        0             WebViews:        0
 
 Native Allocations
                         Count                       Total(kB)
                        ------                         ------
    Other (malloced):     2690                            255
 Other (nonmalloced):      111                             79
   Bitmap (malloced):       14                           6691
 
 SQL
         MEMORY_USED:     1561
  PAGECACHE_OVERFLOW:     1389          MALLOC_SIZE:     4423
 
 DATABASES
      pgsz     dbsz   Lookaside(b) cache hits cache misses cache size  Dbname
PER CONNECTION STATS
         4     1300             41  1905  1931     4  /data/user/0/com.arcfire.online/databases/RKStorage
         4      192             92  2012  2157    25  /data/user/0/com.arcfire.online/databases/firestore.%5BDEFAULT%5D.arcfire-49d69.%28default%29
POOL STATS
     cache hits  cache misses    cache size  Dbname
           1905          1932          3837  /data/user/0/com.arcfire.online/databases/RKStorage
           2012          2158          4170  /data/user/0/com.arcfire.online/databases/firestore.%5BDEFAULT%5D.arcfire-49d69.%28default%29

