Applications Memory Usage (in Kilobytes):
Uptime: 1631470965 Realtime: 1721587231

** MEMINFO in pid 20142 [com.arcfire.online] **
                   Pss  Private  Private  SwapPss      Rss     Heap     Heap     Heap
                 Total    Dirty    Clean    Dirty    Total     Size    Alloc     Free
                ------   ------   ------   ------   ------   ------   ------   ------
  Native Heap   639375   639324       28    14498   640068   837932   709308   116778
  Dalvik Heap    43146    41468       28       29    47568    56210    31634    24576
 Dalvik Other    18498     8796        0      160    28496                           
        Stack     4281     4280        0      192     4288                           
       Ashmem       15        0        0        0      544                           
    Other dev       21        0       12        0      560                           
     .so mmap    17028      232    12984       39    46396                           
    .jar mmap     4083        0     1236        0    34984                           
    .apk mmap    30769     1872    22804      740    51644                           
    .ttf mmap     2916        0     2592        0     3308                           
    .dex mmap    21878    21300       72    13412    24312                           
    .oat mmap       77        0       36        0     1324                           
    .art mmap     9843     7996      276      435    21408                           
   Other mmap    37858       16    32588        0    44024                           
   EGL mtrack    35131    35131        0        0    35131                           
    GL mtrack    56820    56820        0        0    56820                           
      Unknown    89527    89012      496     1053    90056                           
        TOTAL  1041824   906247    73152    30558  1130931   894142   740942   141354
 
 App Summary
                       Pss(KB)                        Rss(KB)
                        ------                         ------
           Java Heap:    49740                          68976
         Native Heap:   639324                         640068
                Code:    63204                         181416
               Stack:     4280                           4288
            Graphics:    91951                          91951
       Private Other:   130900
              System:    62425
             Unknown:                                  144232
 
           TOTAL PSS:  1041824            TOTAL RSS:  1130931       TOTAL SWAP PSS:    30558
 
 Objects
               Views:      393         ViewRootImpl:        1
         AppContexts:       16           Activities:        1
              Assets:       41        AssetManagers:        0
       Local Binders:       25        Proxy Binders:       70
       Parcel memory:       28         Parcel count:       94
    Death Recipients:        0             WebViews:        0
 
 Native Allocations
                         Count                       Total(kB)
                        ------                         ------
    Other (malloced):     2807                            267
 Other (nonmalloced):      111                             79
   Bitmap (malloced):       14                           6691
 
 SQL
         MEMORY_USED:     1522
  PAGECACHE_OVERFLOW:     1351          MALLOC_SIZE:     4424
 
 DATABASES
      pgsz     dbsz   Lookaside(b) cache hits cache misses cache size  Dbname
PER CONNECTION STATS
         4     1300             41  1917  1948     4  /data/user/0/com.arcfire.online/databases/RKStorage
         4      192             92  2056  2208    25  /data/user/0/com.arcfire.online/databases/firestore.%5BDEFAULT%5D.arcfire-49d69.%28default%29
POOL STATS
     cache hits  cache misses    cache size  Dbname
           1917          1949          3866  /data/user/0/com.arcfire.online/databases/RKStorage
           2056          2209          4265  /data/user/0/com.arcfire.online/databases/firestore.%5BDEFAULT%5D.arcfire-49d69.%28default%29

