Applications Memory Usage (in Kilobytes):
Uptime: 1381970486 Realtime: 1472086752

** MEMINFO in pid 23327 [com.arcfire.online] **
                   Pss  Private  Private  SwapPss      Rss     Heap     Heap     Heap
                 Total    Dirty    Clean    Dirty    Total     Size    Alloc     Free
                ------   ------   ------   ------   ------   ------   ------   ------
  Native Heap    12141    12080       36       89    12812    22472    15663     2951
  Dalvik Heap    15945    15916        4     1107    16564    21589    10795    10794
 Dalvik Other     9744     4452        4       79    15064                           
        Stack     1693     1692        0        0     1700                           
       Ashmem       16        0        0        0      532                           
    Other dev       37       16       16        0      564                           
     .so mmap    22176      196    19600       29    47912                           
    .jar mmap     7807        0     3752        0    42388                           
    .apk mmap    24109     1144    21564        0    29308                           
    .ttf mmap      472        0      352        0      620                           
    .dex mmap    34222    34184       12        0    35000                           
    .oat mmap      216        0      172        0     1456                           
    .art mmap     9942     8140      992      104    19252                           
   Other mmap     2889        4       32        0     6484                           
   EGL mtrack    56383    56383        0        0    56383                           
    GL mtrack     6100     6100        0        0     6100                           
      Unknown     1029      844      172        8     1564                           
        TOTAL   206337   141151    46708     1416   293703    44061    26458    13745
 
 App Summary
                       Pss(KB)                        Rss(KB)
                        ------                         ------
           Java Heap:    25048                          35816
         Native Heap:    12080                          12812
                Code:    81208                         167492
               Stack:     1692                           1700
            Graphics:    62483                          62483
       Private Other:     5348
              System:    18478
             Unknown:                                   13400
 
           TOTAL PSS:   206337            TOTAL RSS:   293703       TOTAL SWAP PSS:     1416
 
 Objects
               Views:       14         ViewRootImpl:        2
         AppContexts:       18           Activities:        1
              Assets:       40        AssetManagers:        0
       Local Binders:       33        Proxy Binders:       80
       Parcel memory:       22         Parcel count:       45
    Death Recipients:        2             WebViews:        0
 
 Native Allocations
                         Count                       Total(kB)
                        ------                         ------
    Other (malloced):      406                             37
 Other (nonmalloced):      149                            101
   Bitmap (malloced):        1                           1238
 
 SQL
         MEMORY_USED:        0
  PAGECACHE_OVERFLOW:        0          MALLOC_SIZE:       46
 

