Applications Memory Usage (in Kilobytes):
Uptime: 1760453150 Realtime: 1850569416

** MEMINFO in pid 30973 [com.arcfire.online] **
                   Pss  Private  Private  SwapPss      Rss     Heap     Heap     Heap
                 Total    Dirty    Clean    Dirty    Total     Size    Alloc     Free
                ------   ------   ------   ------   ------   ------   ------   ------
  Native Heap   494587   494524       44   133015   495272   826048   746031    61046
  Dalvik Heap    22751    21080       20      668    27176    33499    16750    16749
 Dalvik Other    17756     8220        0      260    27588                           
        Stack     3709     3708        0      380     3716                           
       Ashmem       14        0        0        0      544                           
    Other dev       14        4        8        0      540                           
     .so mmap     6408      216     3904       59    33824                           
    .jar mmap     3133        0     1028        0    31616                           
    .apk mmap    28504     1632    21620      916    44744                           
    .ttf mmap     3104        0     2768        0     3488                           
    .dex mmap    16126    14504     1024    19512    18072                           
    .oat mmap       33        0        0        0     1100                           
    .art mmap     6669     5048      128     3379    18260                           
   Other mmap     8424        4     3196        0    14532                           
   EGL mtrack    20311    20311        0        0    20311                           
    GL mtrack   163360   163360        0        0   163360                           
      Unknown    49386    49068      308     1693    49892                           
        TOTAL  1004171   781679    34048   159882   954035   859547   762781    77795
 
 App Summary
                       Pss(KB)                        Rss(KB)
                        ------                         ------
           Java Heap:    26256                          45436
         Native Heap:   494524                         495272
                Code:    46740                         151928
               Stack:     3708                           3716
            Graphics:   183671                         183671
       Private Other:    60828
              System:   188444
             Unknown:                                   74012
 
           TOTAL PSS:  1004171            TOTAL RSS:   954035       TOTAL SWAP PSS:   159882
 
 Objects
               Views:      632         ViewRootImpl:        1
         AppContexts:       16           Activities:        1
              Assets:       41        AssetManagers:        0
       Local Binders:       26        Proxy Binders:       70
       Parcel memory:       25         Parcel count:       84
    Death Recipients:        0             WebViews:        0
 
 Native Allocations
                         Count                       Total(kB)
                        ------                         ------
    Other (malloced):     5405                            515
 Other (nonmalloced):      112                             79
   Bitmap (malloced):        2                          81259
 
 SQL
         MEMORY_USED:     1181
  PAGECACHE_OVERFLOW:     1009          MALLOC_SIZE:     5095
 
 DATABASES
      pgsz     dbsz   Lookaside(b) cache hits cache misses cache size  Dbname
PER CONNECTION STATS
         4      200             92  3098  1408    25  /data/user/0/com.arcfire.online/databases/firestore.%5BDEFAULT%5D.arcfire-49d69.%28default%29
         4     1488             41  4441  3474     4  /data/user/0/com.arcfire.online/databases/RKStorage
POOL STATS
     cache hits  cache misses    cache size  Dbname
           3098          1409          4507  /data/user/0/com.arcfire.online/databases/firestore.%5BDEFAULT%5D.arcfire-49d69.%28default%29
           4441          3475          7916  /data/user/0/com.arcfire.online/databases/RKStorage

