Applications Memory Usage (in Kilobytes):
Uptime: 1541023360 Realtime: 1631139626

** MEMINFO in pid 31346 [com.arcfire.online] **
                   Pss  Private  Private  SwapPss      Rss     Heap     Heap     Heap
                 Total    Dirty    Clean    Dirty    Total     Size    Alloc     Free
                ------   ------   ------   ------   ------   ------   ------   ------
  Native Heap   608627   608556       48       50   609324   744536   664966    68972
  Dalvik Heap    41326    39624       64       25    45728    52842    28266    24576
 Dalvik Other    18486     9216        0        0    28052                           
        Stack     4401     4400        0        0     4408                           
       Ashmem       15        0        0        0      544                           
    Other dev       30       16        8        0      564                           
     .so mmap    14504      248     9224       23    45700                           
    .jar mmap     4091        0     1360        0    35372                           
    .apk mmap    34605     2612    25344        0    53000                           
    .ttf mmap     2565        0     2052        0     3324                           
    .dex mmap    34854    34200       76        0    36960                           
    .oat mmap       68        0       24        0     1340                           
    .art mmap    10163     8296      304      126    21756                           
   Other mmap    38143       20    32808        0    44380                           
   EGL mtrack    41631    41631        0        0    41631                           
    GL mtrack    55536    55536        0        0    55536                           
      Unknown    74638    74092      536       21    75144                           
        TOTAL   983928   878447    71848      245  1102763   797378   693232    93548
 
 App Summary
                       Pss(KB)                        Rss(KB)
                        ------                         ------
           Java Heap:    48224                          67484
         Native Heap:   608556                         609324
                Code:    75580                         194644
               Stack:     4400                           4408
            Graphics:    97167                          97167
       Private Other:   116368
              System:    33633
             Unknown:                                  129736
 
           TOTAL PSS:   983928            TOTAL RSS:  1102763       TOTAL SWAP PSS:      245
 
 Objects
               Views:      307         ViewRootImpl:        1
         AppContexts:       16           Activities:        1
              Assets:       41        AssetManagers:        0
       Local Binders:       25        Proxy Binders:       70
       Parcel memory:       28         Parcel count:       94
    Death Recipients:        0             WebViews:        0
 
 Native Allocations
                         Count                       Total(kB)
                        ------                         ------
    Other (malloced):     2241                            212
 Other (nonmalloced):      111                             79
   Bitmap (malloced):        4                           5569
 
 SQL
         MEMORY_USED:     1603
  PAGECACHE_OVERFLOW:     1432          MALLOC_SIZE:     4080
 
 DATABASES
      pgsz     dbsz   Lookaside(b) cache hits cache misses cache size  Dbname
PER CONNECTION STATS
         4      180             92  1702  1880    25  /data/user/0/com.arcfire.online/databases/firestore.%5BDEFAULT%5D.arcfire-49d69.%28default%29
         4     1188             41  1817  1860     4  /data/user/0/com.arcfire.online/databases/RKStorage
POOL STATS
     cache hits  cache misses    cache size  Dbname
           1702          1881          3583  /data/user/0/com.arcfire.online/databases/firestore.%5BDEFAULT%5D.arcfire-49d69.%28default%29
           1817          1861          3678  /data/user/0/com.arcfire.online/databases/RKStorage

