Applications Memory Usage (in Kilobytes):
Uptime: 1577577323 Realtime: 1667693589

** MEMINFO in pid 30549 [com.arcfire.online] **
                   Pss  Private  Private  SwapPss      Rss     Heap     Heap     Heap
                 Total    Dirty    Clean    Dirty    Total     Size    Alloc     Free
                ------   ------   ------   ------   ------   ------   ------   ------
  Native Heap   258246   258220        8   153277   258916   610972   515809    88746
  Dalvik Heap    21158    19496       24      163    25596    32292    16146    16146
 Dalvik Other    16628     8116        0      412    25436                           
        Stack     3012     3012        0      872     3020                           
       Ashmem       15        4        0        0      544                           
    Other dev       18        4       12        0      540                           
     .so mmap     5238      168     1756       94    32452                           
    .jar mmap     2603        0      732        0    28680                           
    .apk mmap    25850      512    22456     1140    39040                           
    .ttf mmap     3485        0     3140        0     4104                           
    .dex mmap    12417     3004     9344    22416    13388                           
    .oat mmap       17        0        0        0     1008                           
    .art mmap     5492     4004       88     4427    16912                           
   Other mmap     7526       44     2188        0    13716                           
   EGL mtrack    20311    20311        0        0    20311                           
    GL mtrack   230824   230824        0        0   230824                           
      Unknown    47938    47464      468     4240    48444                           
        TOTAL   847819   595183    40216   187041   762931   643264   531955   104892
 
 App Summary
                       Pss(KB)                        Rss(KB)
                        ------                         ------
           Java Heap:    23588                          42508
         Native Heap:   258220                         258916
                Code:    41132                         135684
               Stack:     3012                           3020
            Graphics:   251135                         251135
       Private Other:    58312
              System:   212420
             Unknown:                                   71668
 
           TOTAL PSS:   847819            TOTAL RSS:   762931       TOTAL SWAP PSS:   187041
 
 Objects
               Views:      928         ViewRootImpl:        1
         AppContexts:       16           Activities:        1
              Assets:       41        AssetManagers:        0
       Local Binders:       27        Proxy Binders:       70
       Parcel memory:       25         Parcel count:       84
    Death Recipients:        0             WebViews:        0
 
 Native Allocations
                         Count                       Total(kB)
                        ------                         ------
   Bitmap (malloced):        2                          83834
    Other (malloced):     8191                            782
 Other (nonmalloced):      112                             79
 
 SQL
         MEMORY_USED:     1612
  PAGECACHE_OVERFLOW:     1440          MALLOC_SIZE:     4094
 
 DATABASES
      pgsz     dbsz   Lookaside(b) cache hits cache misses cache size  Dbname
PER CONNECTION STATS
         4     1196             41  2547  1915     4  /data/user/0/com.arcfire.online/databases/RKStorage
         4      180             92  2260  1888    25  /data/user/0/com.arcfire.online/databases/firestore.%5BDEFAULT%5D.arcfire-49d69.%28default%29
POOL STATS
     cache hits  cache misses    cache size  Dbname
           2547          1916          4463  /data/user/0/com.arcfire.online/databases/RKStorage
           2260          1889          4149  /data/user/0/com.arcfire.online/databases/firestore.%5BDEFAULT%5D.arcfire-49d69.%28default%29

