Applications Memory Usage (in Kilobytes):
Uptime: 1620351736 Realtime: 1710468002

** MEMINFO in pid 20142 [com.arcfire.online] **
                   Pss  Private  Private  SwapPss      Rss     Heap     Heap     Heap
                 Total    Dirty    Clean    Dirty    Total     Size    Alloc     Free
                ------   ------   ------   ------   ------   ------   ------   ------
  Native Heap   623123   623044       60       52   623816   810416   690312   108793
  Dalvik Heap    49704    48040       28       25    54140    48489    24245    24244
 Dalvik Other    18630     8984        0        8    28572                           
        Stack     4548     4548        0       32     4556                           
       Ashmem       15        0        0        0      544                           
    Other dev       45       20       20        0      576                           
     .so mmap    20275      244    16940       26    48220                           
    .jar mmap     4709        0     1440        0    36920                           
    .apk mmap    34834     2612    25788        0    55644                           
    .ttf mmap     3143        0     2812        0     3600                           
    .dex mmap    32009    31428      132     3336    34408                           
    .oat mmap       64        0        0        0     1328                           
    .art mmap    10017     8176      300      253    21624                           
   Other mmap    39634        4    34096        0    46068                           
   EGL mtrack    20311    20311        0        0    20311                           
    GL mtrack    52420    52420        0        0    52420                           
      Unknown    82956    82404      536       41    83468                           
        TOTAL  1000210   882235    82152     3773  1116215   858905   714557   133037
 
 App Summary
                       Pss(KB)                        Rss(KB)
                        ------                         ------
           Java Heap:    56516                          75764
         Native Heap:   623044                         623816
                Code:    81776                         199760
               Stack:     4548                           4556
            Graphics:    72731                          72731
       Private Other:   125772
              System:    35823
             Unknown:                                  139588
 
           TOTAL PSS:  1000210            TOTAL RSS:  1116215       TOTAL SWAP PSS:     3773
 
 Objects
               Views:      368         ViewRootImpl:        1
         AppContexts:       16           Activities:        1
              Assets:       41        AssetManagers:        0
       Local Binders:       25        Proxy Binders:       70
       Parcel memory:       28         Parcel count:       96
    Death Recipients:        0             WebViews:        0
 
 Native Allocations
                         Count                       Total(kB)
                        ------                         ------
    Other (malloced):     2690                            255
 Other (nonmalloced):      111                             79
   Bitmap (malloced):       14                           6691
 
 SQL
         MEMORY_USED:     1518
  PAGECACHE_OVERFLOW:     1346          MALLOC_SIZE:     4422
 
 DATABASES
      pgsz     dbsz   Lookaside(b) cache hits cache misses cache size  Dbname
PER CONNECTION STATS
         4     1300             41  1703  1622     4  /data/user/0/com.arcfire.online/databases/RKStorage
         4      192             92  1704  1356    25  /data/user/0/com.arcfire.online/databases/firestore.%5BDEFAULT%5D.arcfire-49d69.%28default%29
POOL STATS
     cache hits  cache misses    cache size  Dbname
           1703          1623          3326  /data/user/0/com.arcfire.online/databases/RKStorage
           1704          1357          3061  /data/user/0/com.arcfire.online/databases/firestore.%5BDEFAULT%5D.arcfire-49d69.%28default%29

