Applications Memory Usage (in Kilobytes):
Uptime: 1627765139 Realtime: 1717881405

** MEMINFO in pid 20142 [com.arcfire.online] **
                   Pss  Private  Private  SwapPss      Rss     Heap     Heap     Heap
                 Total    Dirty    Clean    Dirty    Total     Size    Alloc     Free
                ------   ------   ------   ------   ------   ------   ------   ------
  Native Heap   637777   637716       32    14498   638460   828972   704240   113117
  Dalvik Heap    55213    53540       28       30    59640    54186    29610    24576
 Dalvik Other    19460     9764        0      160    29452                           
        Stack     4384     4384        0      192     4392                           
       Ashmem       16        0        0        0      544                           
    Other dev       32       16       12        0      560                           
     .so mmap    19839      232    16308       43    46396                           
    .jar mmap     4393        0     1360        0    34952                           
    .apk mmap    33033     1872    24632      740    51644                           
    .ttf mmap     2997        0     2752        0     3308                           
    .dex mmap    21973    21300      180    13420    24304                           
    .oat mmap       85        0       36        0     1324                           
    .art mmap     9879     7996      276      436    21408                           
   Other mmap    37902       16    32640        0    44004                           
   EGL mtrack    35131    35131        0        0    35131                           
    GL mtrack    54696    54696        0        0    54696                           
      Unknown    86312    85772      528     1053    86820                           
        TOTAL  1053694   912435    78784    30572  1137035   883158   733850   137693
 
 App Summary
                       Pss(KB)                        Rss(KB)
                        ------                         ------
           Java Heap:    61812                          81048
         Native Heap:   637716                         638460
                Code:    68744                         181360
               Stack:     4384                           4392
            Graphics:    89827                          89827
       Private Other:   128736
              System:    62475
             Unknown:                                  141948
 
           TOTAL PSS:  1053694            TOTAL RSS:  1137035       TOTAL SWAP PSS:    30572
 
 Objects
               Views:      389         ViewRootImpl:        1
         AppContexts:       16           Activities:        1
              Assets:       41        AssetManagers:        0
       Local Binders:       25        Proxy Binders:       70
       Parcel memory:       28         Parcel count:       96
    Death Recipients:        0             WebViews:        0
 
 Native Allocations
                         Count                       Total(kB)
                        ------                         ------
    Other (malloced):     2785                            265
 Other (nonmalloced):      111                             79
   Bitmap (malloced):       14                           6691
 
 SQL
         MEMORY_USED:     1518
  PAGECACHE_OVERFLOW:     1346          MALLOC_SIZE:     4423
 
 DATABASES
      pgsz     dbsz   Lookaside(b) cache hits cache misses cache size  Dbname
PER CONNECTION STATS
         4     1300             41  1893  1872     4  /data/user/0/com.arcfire.online/databases/RKStorage
         4      192             92  2012  1942    25  /data/user/0/com.arcfire.online/databases/firestore.%5BDEFAULT%5D.arcfire-49d69.%28default%29
POOL STATS
     cache hits  cache misses    cache size  Dbname
           1893          1873          3766  /data/user/0/com.arcfire.online/databases/RKStorage
           2012          1943          3955  /data/user/0/com.arcfire.online/databases/firestore.%5BDEFAULT%5D.arcfire-49d69.%28default%29

