Applications Memory Usage (in Kilobytes):
Uptime: 1624683522 Realtime: 1714799789

** MEMINFO in pid 20142 [com.arcfire.online] **
                   Pss  Private  Private  SwapPss      Rss     Heap     Heap     Heap
                 Total    Dirty    Clean    Dirty    Total     Size    Alloc     Free
                ------   ------   ------   ------   ------   ------   ------   ------
  Native Heap   621335   621284       32    14501   622028   822044   678020   132396
  Dalvik Heap    30464    28800       28       29    34900    50420    25844    24576
 Dalvik Other    18398     8708        0      160    28384                           
        Stack     4356     4356        0      192     4364                           
       Ashmem       15        0        0        0      544                           
    Other dev       31       16       12        0      560                           
     .so mmap    20199      232    16876       38    48144                           
    .jar mmap     4669        0     1396        0    36920                           
    .apk mmap    33994     1872    25716      740    54904                           
    .ttf mmap     3143        0     2812        0     3600                           
    .dex mmap    21913    21300      164    13432    24312                           
    .oat mmap       64        0        0        0     1328                           
    .art mmap     9803     7996      268      433    21408                           
   Other mmap    39644        4    34096        0    46092                           
   EGL mtrack    20311    20311        0        0    20311                           
    GL mtrack    52404    52404        0        0    52404                           
      Unknown    84356    83796      544     1053    84868                           
        TOTAL   995677   851079    81944    30578  1085071   872464   703864   156972
 
 App Summary
                       Pss(KB)                        Rss(KB)
                        ------                         ------
           Java Heap:    37064                          56308
         Native Heap:   621284                         622028
                Code:    70440                         188628
               Stack:     4356                           4364
            Graphics:    72715                          72715
       Private Other:   127164
              System:    62654
             Unknown:                                  141028
 
           TOTAL PSS:   995677            TOTAL RSS:  1085071       TOTAL SWAP PSS:    30578
 
 Objects
               Views:      368         ViewRootImpl:        1
         AppContexts:       16           Activities:        1
              Assets:       41        AssetManagers:        0
       Local Binders:       25        Proxy Binders:       70
       Parcel memory:       28         Parcel count:       94
    Death Recipients:        0             WebViews:        0
 
 Native Allocations
                         Count                       Total(kB)
                        ------                         ------
    Other (malloced):     2690                            255
 Other (nonmalloced):      111                             79
   Bitmap (malloced):       14                           6691
 
 SQL
         MEMORY_USED:     1407
  PAGECACHE_OVERFLOW:     1235          MALLOC_SIZE:     4423
 
 DATABASES
      pgsz     dbsz   Lookaside(b) cache hits cache misses cache size  Dbname
PER CONNECTION STATS
         4     1300             41  1829  1777     4  /data/user/0/com.arcfire.online/databases/RKStorage
         4      192             92  1880  1693    25  /data/user/0/com.arcfire.online/databases/firestore.%5BDEFAULT%5D.arcfire-49d69.%28default%29
POOL STATS
     cache hits  cache misses    cache size  Dbname
           1829          1778          3607  /data/user/0/com.arcfire.online/databases/RKStorage
           1880          1694          3574  /data/user/0/com.arcfire.online/databases/firestore.%5BDEFAULT%5D.arcfire-49d69.%28default%29

