[2026-06-14 14:15:23] PSS +127.3MB GL 115.8MB
[2026-06-14 14:45:28] GL +15.4MB (PSS 93.4MB) ??ArcCore inbound/intercept Canvas likely
[2026-06-14 14:56:28] GL +22.4MB (PSS 56.5MB) ??ArcCore inbound/intercept Canvas likely
[2026-06-14 15:06:30] GL +28.6MB (PSS 15.8MB) ??ArcCore inbound/intercept Canvas likely
[2026-06-14 15:16:31] GL +100.6MB (PSS 174.5MB) ??ArcCore inbound/intercept Canvas likely
[2026-06-14 15:25:12] GL +63.4MB (PSS 496MB) ??ArcCore inbound/intercept Canvas likely
[2026-06-14 15:26:32] GL +8.9MB (PSS 19.7MB) ??ArcCore inbound/intercept Canvas likely
[2026-06-14 15:36:34] GL +215.5MB (PSS 179.1MB) ??ArcCore inbound/intercept Canvas likely
[2026-06-14 15:46:37] GL +16.7MB (PSS 102.4MB) ??ArcCore inbound/intercept Canvas likely
[2026-06-14 15:55:15] GL +243.3MB (PSS 264.5MB) ??ArcCore inbound/intercept Canvas likely
[2026-06-14 15:56:37] GL +145.4MB (PSS 189.8MB) ??ArcCore inbound/intercept Canvas likely
[2026-06-14 16:46:42] GL +23MB (PSS 47.7MB) ??ArcCore inbound/intercept Canvas likely
[2026-06-14 16:55:18] GL +44.3MB (PSS 72.7MB) ??ArcCore inbound/intercept Canvas likely
[2026-06-14 16:56:43] PSS +46.7MB GL 165.4MB
[2026-06-14 17:06:43] GL +156.8MB (PSS 203.1MB) ??ArcCore inbound/intercept Canvas likely
[2026-06-14 17:16:45] GL +136.8MB (PSS 157.9MB) ??ArcCore inbound/intercept Canvas likely
[2026-06-14 17:25:19] GL +35.8MB (PSS 8.1MB) ??ArcCore inbound/intercept Canvas likely
[2026-06-14 17:26:46] GL +17MB (PSS 51.9MB) ??ArcCore inbound/intercept Canvas likely
[2026-06-14 17:46:51] GL +12.9MB (PSS 46.5MB) ??ArcCore inbound/intercept Canvas likely
[2026-06-14 17:52:32] GL +36.7MB (PSS 99.3MB) ??ArcCore inbound/intercept Canvas likely
[2026-06-14 17:55:22] GL +51MB (PSS 88.2MB) ??ArcCore inbound/intercept Canvas likely
[2026-06-14 17:56:52] GL +28.5MB (PSS 45.9MB) ??ArcCore inbound/intercept Canvas likely
[2026-06-14 18:06:52] PSS +52.2MB GL 296.8MB
[2026-06-15 02:05:15] PSS +64MB GL 28.7MB
[2026-06-15 02:36:11] PSS +67.5MB GL 36.4MB
[2026-06-15 03:06:12] PSS +94.8MB GL 38.7MB
[2026-06-15 03:36:13] GL +19MB (PSS 80.4MB) ??hub Skia / nebula / combat
[2026-06-15 05:06:17] GL +10.8MB (PSS 35.7MB) ??hub Skia / nebula / combat
[2026-06-15 05:36:18] GL +8.4MB (PSS 28MB) ??hub Skia / nebula / combat
[2026-06-15 08:57:07] GL +33.9MB (PSS 150.3MB) ??hub Skia / nebula / combat
[2026-06-15 10:36:49] GL +24.8MB (PSS 40.9MB) ??hub Skia / nebula / combat
[2026-06-15 14:36:59] PSS +101.3MB GL 41.2MB
[2026-06-15 16:11:58] GL +21.1MB views=329 (PSS -13MB) ??active hub
[2026-06-15 16:41:59] GL +27.6MB views=339 (PSS 99.9MB) ??active hub
[2026-06-15 18:42:06] PSS +46.1MB GL 65.4MB views=344
[2026-06-16 00:42:24] GL +88.5MB views=922 (PSS 90.2MB) ??active hub
[2026-06-16 17:13:39] GL +15.7MB views=289 (PSS 1.6MB) ??active hub
[2026-06-16 19:43:43] GL +8.9MB views=312 (PSS 44.5MB) ??active hub
[2026-06-17 01:14:05] GL +45.2MB views=306 (PSS 2.2MB) ??active hub
[2026-06-17 12:45:03] CRITICAL process not running ??check crash-*.log
[2026-06-18 01:24:34] PSS +90.2MB GL 49.8MB views=286
[2026-06-18 14:25:03] GL +14.5MB views=287 (PSS 30.3MB) ??active hub
[2026-06-18 15:25:08] GL +17.1MB views=286 (PSS 79.3MB) ??active hub
[2026-06-18 17:55:13] PSS +59.1MB GL 31.1MB views=121
[2026-06-18 22:55:23] GL +9.3MB views=337 (PSS 10.6MB) ??active hub
[2026-06-18 23:55:25] GL +11.8MB views=311 (PSS 33.8MB) ??active hub
[2026-06-19 00:25:29] GL +98.8MB views=309 (PSS 610.1MB) ??active hub
[2026-06-19 06:26:23] GL +26.1MB views=333 (PSS 106.9MB) ??active hub
[2026-06-19 07:26:26] GL +9.4MB views=299 (PSS 10.2MB) ??active hub
[2026-06-19 08:56:28] GL +10.7MB views=320 (PSS -12.5MB) ??active hub
[2026-06-19 11:26:33] GL +8.3MB views=340 (PSS 24.9MB) ??active hub
[2026-06-19 15:16:05] PSS +53.9MB GL 55.6MB views=325
[2026-06-19 15:46:06] GL +19.7MB views=306 (PSS 43MB) ??active hub
[2026-06-19 20:16:16] PSS +230.9MB GL 50.1MB views=104
[2026-06-19 22:32:15] GL +98MB views=933 (PSS 133.9MB) ??active hub
[2026-06-20 10:03:23] PSS +198.3MB GL 32.1MB views=101
[2026-06-20 17:05:10] PSS +175.9MB GL 49.4MB views=271
[2026-06-20 20:05:17] GL +9.1MB views=318 (PSS -17.9MB) ??active hub
[2026-06-20 21:05:20] PSS +145.9MB GL 53.8MB views=306
[2026-06-20 23:06:07] PSS +60.4MB GL 58MB views=302
[2026-06-21 01:36:16] GL +9.3MB views=305 (PSS 16.9MB) ??active hub
[2026-06-21 12:36:42] GL +15.4MB views=308 (PSS 15.1MB) ??active hub
[2026-06-21 13:06:43] GL +8.8MB views=322 (PSS 29.9MB) ??active hub
[2026-06-21 13:41:28] CRITICAL process not running ??check crash-*.log
[2026-06-21 13:41:29] CRITICAL process not running ??check crash-*.log
[2026-06-21 13:41:29] CRITICAL process not running ??check crash-*.log
[2026-06-21 13:41:29] CRITICAL process not running ??check crash-*.log
[2026-06-21 13:41:29] CRITICAL process not running ??check crash-*.log
[2026-06-21 13:41:30] CRITICAL process not running ??check crash-*.log
[2026-06-21 13:41:30] CRITICAL process not running ??check crash-*.log
[2026-06-21 13:41:30] CRITICAL process not running ??check crash-*.log
[2026-06-21 13:41:30] CRITICAL process not running ??check crash-*.log
[2026-06-21 13:41:30] CRITICAL process not running ??check crash-*.log
[2026-06-21 13:41:30] CRITICAL process not running ??check crash-*.log
[2026-06-21 13:41:31] CRITICAL process not running ??check crash-*.log
[2026-06-21 13:41:31] CRITICAL process not running ??check crash-*.log
[2026-06-21 13:41:31] CRITICAL process not running ??check crash-*.log
[2026-06-21 13:41:31] CRITICAL process not running ??check crash-*.log
[2026-06-21 13:41:31] CRITICAL process not running ??check crash-*.log
[2026-06-21 13:41:32] CRITICAL process not running ??check crash-*.log
[2026-06-21 13:41:32] CRITICAL process not running ??check crash-*.log
[2026-06-21 13:41:32] CRITICAL process not running ??check crash-*.log
[2026-06-21 13:41:32] CRITICAL process not running ??check crash-*.log
[2026-06-21 13:41:32] CRITICAL process not running ??check crash-*.log
[2026-06-21 13:41:33] CRITICAL process not running ??check crash-*.log
[2026-06-21 13:41:33] CRITICAL process not running ??check crash-*.log
[2026-06-21 13:41:33] CRITICAL process not running ??check crash-*.log
[2026-06-21 13:41:33] CRITICAL process not running ??check crash-*.log
[2026-06-21 13:41:34] CRITICAL process not running ??check crash-*.log
[2026-06-21 13:41:34] CRITICAL process not running ??check crash-*.log
[2026-06-21 13:41:34] CRITICAL process not running ??check crash-*.log
[2026-06-21 13:41:34] CRITICAL process not running ??check crash-*.log
[2026-06-21 13:41:34] CRITICAL process not running ??check crash-*.log
[2026-06-21 13:41:35] CRITICAL process not running ??check crash-*.log
[2026-06-21 13:41:35] CRITICAL process not running ??check crash-*.log
[2026-06-21 13:41:35] CRITICAL process not running ??check crash-*.log
[2026-06-21 13:41:35] CRITICAL process not running ??check crash-*.log
[2026-06-21 13:41:36] CRITICAL process not running ??check crash-*.log
[2026-06-21 13:41:36] CRITICAL process not running ??check crash-*.log
[2026-06-21 13:41:36] CRITICAL process not running ??check crash-*.log
[2026-06-21 13:41:37] CRITICAL process not running ??check crash-*.log
[2026-06-21 13:41:37] CRITICAL process not running ??check crash-*.log
[2026-06-21 13:41:37] CRITICAL process not running ??check crash-*.log
[2026-06-21 13:41:37] CRITICAL process not running ??check crash-*.log
[2026-06-21 13:41:37] CRITICAL process not running ??check crash-*.log
[2026-06-21 13:41:37] CRITICAL process not running ??check crash-*.log
[2026-06-21 13:41:38] CRITICAL process not running ??check crash-*.log
[2026-06-21 13:41:38] CRITICAL process not running ??check crash-*.log
[2026-06-21 13:41:38] CRITICAL process not running ??check crash-*.log
[2026-06-21 13:41:38] CRITICAL process not running ??check crash-*.log
[2026-06-21 13:41:38] CRITICAL process not running ??check crash-*.log
[2026-06-21 13:41:38] CRITICAL process not running ??check crash-*.log
[2026-06-21 13:41:39] CRITICAL process not running ??check crash-*.log
[2026-06-21 13:41:39] CRITICAL process not running ??check crash-*.log
[2026-06-21 13:41:39] CRITICAL process not running ??check crash-*.log
[2026-06-21 13:41:39] CRITICAL process not running ??check crash-*.log
[2026-06-21 13:41:39] CRITICAL process not running ??check crash-*.log
[2026-06-21 13:41:40] CRITICAL process not running ??check crash-*.log
[2026-06-21 13:41:40] CRITICAL process not running ??check crash-*.log
[2026-06-21 13:41:40] CRITICAL process not running ??check crash-*.log
[2026-06-21 13:41:40] CRITICAL process not running ??check crash-*.log
[2026-06-21 13:41:40] CRITICAL process not running ??check crash-*.log
[2026-06-21 13:41:41] CRITICAL process not running ??check crash-*.log
[2026-06-21 13:41:41] CRITICAL process not running ??check crash-*.log
[2026-06-21 13:41:41] CRITICAL process not running ??check crash-*.log
[2026-06-21 13:41:41] CRITICAL process not running ??check crash-*.log
[2026-06-21 13:41:41] CRITICAL process not running ??check crash-*.log
[2026-06-21 13:41:42] CRITICAL process not running ??check crash-*.log
[2026-06-21 13:41:42] CRITICAL process not running ??check crash-*.log
[2026-06-21 13:41:42] CRITICAL process not running ??check crash-*.log
[2026-06-21 13:41:42] CRITICAL process not running ??check crash-*.log
[2026-06-21 13:41:42] CRITICAL process not running ??check crash-*.log
[2026-06-21 13:41:42] CRITICAL process not running ??check crash-*.log
[2026-06-21 13:41:43] CRITICAL process not running ??check crash-*.log
[2026-06-21 13:41:43] CRITICAL process not running ??check crash-*.log
[2026-06-21 13:41:43] CRITICAL process not running ??check crash-*.log
[2026-06-21 13:41:43] CRITICAL process not running ??check crash-*.log
[2026-06-21 13:41:43] CRITICAL process not running ??check crash-*.log
[2026-06-21 13:41:43] CRITICAL process not running ??check crash-*.log
[2026-06-21 13:41:44] CRITICAL process not running ??check crash-*.log
[2026-06-21 13:41:44] CRITICAL process not running ??check crash-*.log
[2026-06-21 13:41:44] CRITICAL process not running ??check crash-*.log
[2026-06-21 13:41:44] CRITICAL process not running ??check crash-*.log
[2026-06-21 13:41:45] CRITICAL process not running ??check crash-*.log
[2026-06-21 13:41:45] CRITICAL process not running ??check crash-*.log
[2026-06-21 13:41:46] CRITICAL process not running ??check crash-*.log
[2026-06-21 13:41:46] CRITICAL process not running ??check crash-*.log
[2026-06-21 13:41:46] CRITICAL process not running ??check crash-*.log
[2026-06-21 13:41:47] CRITICAL process not running ??check crash-*.log
[2026-06-21 13:41:47] CRITICAL process not running ??check crash-*.log
[2026-06-21 13:41:47] CRITICAL process not running ??check crash-*.log
[2026-06-21 13:41:48] CRITICAL process not running ??check crash-*.log
[2026-06-21 13:41:48] CRITICAL process not running ??check crash-*.log
[2026-06-21 13:41:49] CRITICAL process not running ??check crash-*.log
[2026-06-21 13:41:49] CRITICAL process not running ??check crash-*.log
[2026-06-21 13:41:49] CRITICAL process not running ??check crash-*.log
[2026-06-21 13:41:49] CRITICAL process not running ??check crash-*.log
[2026-06-21 13:41:49] CRITICAL process not running ??check crash-*.log
[2026-06-21 13:41:50] CRITICAL process not running ??check crash-*.log
[2026-06-21 13:41:50] CRITICAL process not running ??check crash-*.log
[2026-06-21 13:41:50] CRITICAL process not running ??check crash-*.log
[2026-06-21 13:41:50] CRITICAL process not running ??check crash-*.log
[2026-06-21 13:41:57] CRITICAL process not running ??check crash-*.log
[2026-06-21 13:41:57] CRITICAL process not running ??check crash-*.log
[2026-06-21 13:41:58] CRITICAL process not running ??check crash-*.log
[2026-06-21 13:41:58] CRITICAL process not running ??check crash-*.log
[2026-06-21 13:41:58] CRITICAL process not running ??check crash-*.log
[2026-06-21 13:41:58] CRITICAL process not running ??check crash-*.log
[2026-06-21 13:41:58] CRITICAL process not running ??check crash-*.log
[2026-06-21 13:41:58] CRITICAL process not running ??check crash-*.log
[2026-06-21 13:41:59] CRITICAL process not running ??check crash-*.log
[2026-06-21 13:41:59] CRITICAL process not running ??check crash-*.log
[2026-06-21 13:41:59] CRITICAL process not running ??check crash-*.log
[2026-06-21 13:41:59] CRITICAL process not running ??check crash-*.log
[2026-06-21 13:41:59] CRITICAL process not running ??check crash-*.log
[2026-06-21 13:42:00] CRITICAL process not running ??check crash-*.log
[2026-06-21 13:42:00] CRITICAL process not running ??check crash-*.log
[2026-06-21 13:42:00] CRITICAL process not running ??check crash-*.log
[2026-06-21 13:42:00] CRITICAL process not running ??check crash-*.log
[2026-06-21 13:42:00] CRITICAL process not running ??check crash-*.log
[2026-06-21 13:42:00] CRITICAL process not running ??check crash-*.log
[2026-06-21 13:42:01] CRITICAL process not running ??check crash-*.log
[2026-06-21 13:42:01] CRITICAL process not running ??check crash-*.log
[2026-06-21 13:42:01] CRITICAL process not running ??check crash-*.log
[2026-06-21 13:42:01] CRITICAL process not running ??check crash-*.log
[2026-06-21 13:42:01] CRITICAL process not running ??check crash-*.log
[2026-06-21 13:42:02] CRITICAL process not running ??check crash-*.log
[2026-06-21 13:42:02] CRITICAL process not running ??check crash-*.log
[2026-06-21 13:42:02] CRITICAL process not running ??check crash-*.log
[2026-06-21 13:42:02] CRITICAL process not running ??check crash-*.log
[2026-06-21 13:42:02] CRITICAL process not running ??check crash-*.log
[2026-06-21 13:42:02] CRITICAL process not running ??check crash-*.log
[2026-06-21 13:42:02] CRITICAL process not running ??check crash-*.log
[2026-06-21 13:42:03] CRITICAL process not running ??check crash-*.log
[2026-06-21 13:42:03] CRITICAL process not running ??check crash-*.log
[2026-06-21 13:42:03] CRITICAL process not running ??check crash-*.log
[2026-06-21 13:42:03] CRITICAL process not running ??check crash-*.log
[2026-06-21 13:42:03] CRITICAL process not running ??check crash-*.log
[2026-06-21 13:42:04] CRITICAL process not running ??check crash-*.log
[2026-06-21 13:42:04] CRITICAL process not running ??check crash-*.log
[2026-06-21 13:42:04] CRITICAL process not running ??check crash-*.log
[2026-06-21 13:42:04] CRITICAL process not running ??check crash-*.log
[2026-06-21 13:42:04] CRITICAL process not running ??check crash-*.log
[2026-06-21 13:42:04] CRITICAL process not running ??check crash-*.log
[2026-06-21 13:42:05] CRITICAL process not running ??check crash-*.log
[2026-06-21 13:42:05] CRITICAL process not running ??check crash-*.log
[2026-06-21 13:42:05] CRITICAL process not running ??check crash-*.log
[2026-06-21 13:42:05] CRITICAL process not running ??check crash-*.log
[2026-06-21 13:42:05] CRITICAL process not running ??check crash-*.log
[2026-06-21 13:42:06] CRITICAL process not running ??check crash-*.log
[2026-06-21 13:42:06] CRITICAL process not running ??check crash-*.log
[2026-06-21 13:42:06] CRITICAL process not running ??check crash-*.log
[2026-06-21 13:42:06] CRITICAL process not running ??check crash-*.log
[2026-06-21 13:42:06] CRITICAL process not running ??check crash-*.log
[2026-06-21 13:42:06] CRITICAL process not running ??check crash-*.log
[2026-06-21 13:42:07] CRITICAL process not running ??check crash-*.log
[2026-06-21 13:42:07] CRITICAL process not running ??check crash-*.log
[2026-06-21 13:42:07] CRITICAL process not running ??check crash-*.log
[2026-06-21 13:42:07] CRITICAL process not running ??check crash-*.log
[2026-06-21 13:42:07] CRITICAL process not running ??check crash-*.log
[2026-06-21 13:42:08] CRITICAL process not running ??check crash-*.log
[2026-06-21 13:42:08] CRITICAL process not running ??check crash-*.log
[2026-06-21 13:42:08] CRITICAL process not running ??check crash-*.log
[2026-06-21 13:42:08] CRITICAL process not running ??check crash-*.log
[2026-06-21 13:42:08] CRITICAL process not running ??check crash-*.log
[2026-06-21 13:42:08] CRITICAL process not running ??check crash-*.log
[2026-06-21 13:42:09] CRITICAL process not running ??check crash-*.log
[2026-06-21 13:42:11] CRITICAL process not running ??check crash-*.log
[2026-06-21 13:42:11] CRITICAL process not running ??check crash-*.log
[2026-06-21 13:42:11] CRITICAL process not running ??check crash-*.log
[2026-06-21 13:42:11] CRITICAL process not running ??check crash-*.log
[2026-06-21 13:42:11] CRITICAL process not running ??check crash-*.log
[2026-06-21 13:42:12] CRITICAL process not running ??check crash-*.log
[2026-06-21 13:42:12] CRITICAL process not running ??check crash-*.log
[2026-06-21 13:42:12] CRITICAL process not running ??check crash-*.log
[2026-06-21 13:42:12] CRITICAL process not running ??check crash-*.log
[2026-06-21 13:42:12] CRITICAL process not running ??check crash-*.log
[2026-06-21 13:42:13] CRITICAL process not running ??check crash-*.log
[2026-06-21 13:42:13] CRITICAL process not running ??check crash-*.log
[2026-06-21 13:42:13] CRITICAL process not running ??check crash-*.log
[2026-06-21 13:42:13] CRITICAL process not running ??check crash-*.log
[2026-06-21 13:42:13] CRITICAL process not running ??check crash-*.log
[2026-06-21 13:42:13] CRITICAL process not running ??check crash-*.log
[2026-06-21 13:42:14] CRITICAL process not running ??check crash-*.log
[2026-06-21 13:42:14] CRITICAL process not running ??check crash-*.log
[2026-06-21 13:42:14] CRITICAL process not running ??check crash-*.log
[2026-06-21 13:42:14] CRITICAL process not running ??check crash-*.log
[2026-06-21 13:42:14] CRITICAL process not running ??check crash-*.log
[2026-06-21 13:42:14] CRITICAL process not running ??check crash-*.log
[2026-06-21 13:42:15] CRITICAL process not running ??check crash-*.log
[2026-06-21 13:42:15] CRITICAL process not running ??check crash-*.log
[2026-06-21 13:42:15] CRITICAL process not running ??check crash-*.log
[2026-06-21 13:42:15] CRITICAL process not running ??check crash-*.log
[2026-06-21 13:42:15] CRITICAL process not running ??check crash-*.log
[2026-06-21 13:42:15] CRITICAL process not running ??check crash-*.log
[2026-06-21 13:42:16] CRITICAL process not running ??check crash-*.log
[2026-06-21 13:42:16] CRITICAL process not running ??check crash-*.log
[2026-06-21 13:42:16] CRITICAL process not running ??check crash-*.log
[2026-06-21 13:42:16] CRITICAL process not running ??check crash-*.log
[2026-06-21 13:42:16] CRITICAL process not running ??check crash-*.log
[2026-06-21 13:42:16] CRITICAL process not running ??check crash-*.log
[2026-06-21 13:42:17] CRITICAL process not running ??check crash-*.log
[2026-06-21 13:42:17] CRITICAL process not running ??check crash-*.log
[2026-06-21 13:42:17] CRITICAL process not running ??check crash-*.log
[2026-06-21 13:42:17] CRITICAL process not running ??check crash-*.log
[2026-06-21 13:42:17] CRITICAL process not running ??check crash-*.log
[2026-06-21 13:42:17] CRITICAL process not running ??check crash-*.log
[2026-06-21 13:42:18] CRITICAL process not running ??check crash-*.log
[2026-06-21 13:42:18] CRITICAL process not running ??check crash-*.log
[2026-06-21 13:42:18] CRITICAL process not running ??check crash-*.log
[2026-06-21 13:42:18] CRITICAL process not running ??check crash-*.log
[2026-06-21 13:42:18] CRITICAL process not running ??check crash-*.log
[2026-06-21 13:42:18] CRITICAL process not running ??check crash-*.log
[2026-06-21 13:42:19] CRITICAL process not running ??check crash-*.log
[2026-06-21 13:42:19] CRITICAL process not running ??check crash-*.log
[2026-06-21 13:42:19] CRITICAL process not running ??check crash-*.log
[2026-06-21 13:42:19] CRITICAL process not running ??check crash-*.log
[2026-06-21 13:42:19] CRITICAL process not running ??check crash-*.log
[2026-06-21 13:42:19] CRITICAL process not running ??check crash-*.log
[2026-06-21 13:42:20] CRITICAL process not running ??check crash-*.log
[2026-06-21 13:42:20] CRITICAL process not running ??check crash-*.log
[2026-06-21 13:42:20] CRITICAL process not running ??check crash-*.log
[2026-06-21 13:42:20] CRITICAL process not running ??check crash-*.log
[2026-06-21 13:42:20] CRITICAL process not running ??check crash-*.log
[2026-06-21 13:42:20] CRITICAL process not running ??check crash-*.log
[2026-06-21 13:42:21] CRITICAL process not running ??check crash-*.log
[2026-06-21 13:42:21] CRITICAL process not running ??check crash-*.log
[2026-06-21 13:42:21] CRITICAL process not running ??check crash-*.log
[2026-06-21 13:42:21] CRITICAL process not running ??check crash-*.log
[2026-06-21 13:42:21] CRITICAL process not running ??check crash-*.log
[2026-06-21 13:42:22] CRITICAL process not running ??check crash-*.log
[2026-06-21 13:42:22] CRITICAL process not running ??check crash-*.log
[2026-06-21 13:42:22] CRITICAL process not running ??check crash-*.log
[2026-06-21 13:42:22] CRITICAL process not running ??check crash-*.log
[2026-06-21 13:42:22] CRITICAL process not running ??check crash-*.log
[2026-06-21 13:42:22] CRITICAL process not running ??check crash-*.log
[2026-06-21 13:42:23] CRITICAL process not running ??check crash-*.log
[2026-06-21 13:42:23] CRITICAL process not running ??check crash-*.log
[2026-06-21 13:42:23] CRITICAL process not running ??check crash-*.log
[2026-06-21 13:42:23] CRITICAL process not running ??check crash-*.log
[2026-06-21 13:42:23] CRITICAL process not running ??check crash-*.log
[2026-06-21 13:42:23] CRITICAL process not running ??check crash-*.log
[2026-06-21 13:42:24] CRITICAL process not running ??check crash-*.log
[2026-06-21 13:42:24] CRITICAL process not running ??check crash-*.log
[2026-06-21 13:42:24] CRITICAL process not running ??check crash-*.log
[2026-06-21 13:42:24] CRITICAL process not running ??check crash-*.log
[2026-06-21 13:42:24] CRITICAL process not running ??check crash-*.log
[2026-06-21 13:42:24] CRITICAL process not running ??check crash-*.log
[2026-06-21 13:42:25] CRITICAL process not running ??check crash-*.log
[2026-06-21 13:42:25] CRITICAL process not running ??check crash-*.log
[2026-06-21 13:42:25] CRITICAL process not running ??check crash-*.log
[2026-06-21 13:42:25] CRITICAL process not running ??check crash-*.log
[2026-06-21 13:42:25] CRITICAL process not running ??check crash-*.log
[2026-06-21 13:42:25] CRITICAL process not running ??check crash-*.log
[2026-06-21 13:42:26] CRITICAL process not running ??check crash-*.log
[2026-06-21 13:42:26] CRITICAL process not running ??check crash-*.log
[2026-06-21 13:42:26] CRITICAL process not running ??check crash-*.log
[2026-06-21 13:42:26] CRITICAL process not running ??check crash-*.log
[2026-06-21 13:42:26] CRITICAL process not running ??check crash-*.log
[2026-06-21 13:42:26] CRITICAL process not running ??check crash-*.log
[2026-06-21 13:42:27] CRITICAL process not running ??check crash-*.log
[2026-06-21 13:42:27] CRITICAL process not running ??check crash-*.log
[2026-06-21 13:42:27] CRITICAL process not running ??check crash-*.log
[2026-06-21 13:42:27] CRITICAL process not running ??check crash-*.log
[2026-06-21 13:42:27] CRITICAL process not running ??check crash-*.log
[2026-06-21 13:42:28] CRITICAL process not running ??check crash-*.log
[2026-06-21 13:42:28] CRITICAL process not running ??check crash-*.log
[2026-06-21 13:42:28] CRITICAL process not running ??check crash-*.log
[2026-06-21 13:42:28] CRITICAL process not running ??check crash-*.log
[2026-06-21 13:42:28] CRITICAL process not running ??check crash-*.log
[2026-06-21 13:42:29] CRITICAL process not running ??check crash-*.log
[2026-06-21 13:42:29] CRITICAL process not running ??check crash-*.log
[2026-06-21 13:42:29] CRITICAL process not running ??check crash-*.log
[2026-06-21 13:42:29] CRITICAL process not running ??check crash-*.log
[2026-06-21 13:42:29] CRITICAL process not running ??check crash-*.log
[2026-06-21 13:42:29] CRITICAL process not running ??check crash-*.log
[2026-06-21 13:42:30] CRITICAL process not running ??check crash-*.log
[2026-06-21 13:42:30] CRITICAL process not running ??check crash-*.log
[2026-06-21 13:42:30] CRITICAL process not running ??check crash-*.log
[2026-06-21 13:42:30] CRITICAL process not running ??check crash-*.log
[2026-06-21 13:42:30] CRITICAL process not running ??check crash-*.log
[2026-06-21 13:42:30] CRITICAL process not running ??check crash-*.log
[2026-06-21 13:42:31] CRITICAL process not running ??check crash-*.log
[2026-06-21 13:42:31] CRITICAL process not running ??check crash-*.log
[2026-06-21 13:42:31] CRITICAL process not running ??check crash-*.log
[2026-06-21 13:42:31] CRITICAL process not running ??check crash-*.log
[2026-06-21 13:42:31] CRITICAL process not running ??check crash-*.log
[2026-06-21 13:42:31] CRITICAL process not running ??check crash-*.log
[2026-06-21 13:42:32] CRITICAL process not running ??check crash-*.log
[2026-06-21 13:42:32] CRITICAL process not running ??check crash-*.log
[2026-06-21 13:42:32] CRITICAL process not running ??check crash-*.log
[2026-06-21 13:42:32] CRITICAL process not running ??check crash-*.log
[2026-06-21 13:42:32] CRITICAL process not running ??check crash-*.log
[2026-06-21 13:42:32] CRITICAL process not running ??check crash-*.log
[2026-06-21 13:42:33] CRITICAL process not running ??check crash-*.log
[2026-06-21 13:42:33] CRITICAL process not running ??check crash-*.log
[2026-06-21 13:42:33] CRITICAL process not running ??check crash-*.log
[2026-06-21 13:42:33] CRITICAL process not running ??check crash-*.log
[2026-06-21 13:42:33] CRITICAL process not running ??check crash-*.log
[2026-06-21 13:42:33] CRITICAL process not running ??check crash-*.log
[2026-06-21 13:42:34] CRITICAL process not running ??check crash-*.log
[2026-06-21 13:42:34] CRITICAL process not running ??check crash-*.log
[2026-06-21 13:44:35] GL +32MB views=283 (PSS 46.8MB) ??active hub
[2026-06-21 13:45:35] PSS +45.3MB GL 35.8MB views=294
[2026-06-21 13:45:44] GL +9.9MB views=308 (PSS 19.8MB) ??active hub
[2026-06-21 14:27:13] GL +13MB views=288 (PSS 32.5MB) ??active hub
[2026-06-21 14:28:12] PSS +58.7MB GL 43MB views=292
[2026-06-21 15:12:23] GL +8.3MB views=410 (PSS 32.5MB) ??active hub
[2026-06-21 15:12:25] GL +13.5MB views=291 (PSS 25.1MB) ??active hub
[2026-06-21 15:13:25] GL +11.5MB views=298 (PSS 61MB) ??active hub
[2026-06-21 15:13:36] GL +10.1MB views=287 (PSS 38.2MB) ??active hub
[2026-06-21 15:59:39] GL +9.5MB views=290 (PSS 59.3MB) ??active hub
[2026-06-21 15:59:48] GL +9.9MB views=303 (PSS 10.8MB) ??active hub
[2026-06-21 16:08:59] GL +9.4MB views=343 (PSS 6.2MB) ??active hub
[2026-06-21 16:53:25] GL +10.8MB views=446 (PSS 15.1MB) ??active hub
[2026-06-21 17:21:24] GL +11.4MB views=294 (PSS 16.6MB) ??active hub
[2026-06-21 19:13:21] GL +89.1MB views=928 (PSS 124.6MB) ??active hub
[2026-06-21 19:13:30] GL +35.1MB views=286 (PSS 47.7MB) ??active hub
[2026-06-21 20:13:34] GL +12.6MB views=347 (PSS 18.2MB) ??active hub
[2026-06-21 20:19:33] GL +194MB views=937 (PSS 224.1MB) ??active hub
[2026-06-21 20:21:58] PSS +52.7MB GL 11MB views=223
[2026-06-21 20:35:27] PSS +135.2MB GL 2.8MB views=13
[2026-06-21 20:35:57] PSS +41.7MB GL 2.8MB views=13
[2026-06-21 20:36:01] PSS +126.8MB GL 8.6MB views=110
[2026-06-21 20:36:10] PSS +54.3MB GL 10MB views=126
[2026-06-21 20:38:05] PSS +131.1MB GL 8.5MB views=100
[2026-06-21 20:39:06] GL +13.2MB views=293 (PSS 31.4MB) ??active hub
[2026-06-21 20:40:06] GL +11.5MB views=310 (PSS 59.3MB) ??active hub
[2026-06-21 20:40:13] GL +10MB views=320 (PSS 22.6MB) ??active hub
[2026-06-21 20:42:28] PSS +115.1MB GL 4.4MB views=15
[2026-06-21 20:42:32] PSS +46.1MB GL 4.4MB views=13
[2026-06-21 20:43:06] PSS +67.3MB GL 5.1MB views=18
[2026-06-21 20:43:09] PSS +104.8MB GL 8.6MB views=102
[2026-06-21 20:44:25] GL +18.7MB views=319 (PSS 10.2MB) ??active hub
[2026-06-21 20:44:40] GL +11.5MB views=320 (PSS 36.4MB) ??active hub
[2026-06-21 20:44:48] GL +10MB views=312 (PSS 21.2MB) ??active hub
[2026-06-21 20:46:27] GL +8.8MB views=303 (PSS 42.2MB) ??active hub
[2026-06-21 20:54:27] PSS +54.4MB GL 27.8MB views=338
[2026-06-21 20:55:28] GL +32.9MB views=295 (PSS 38.6MB) ??active hub
[2026-06-21 20:57:44] GL +10.2MB views=306 (PSS 27.8MB) ??active hub
[2026-06-21 21:06:27] GL +11.4MB views=320 (PSS 7.7MB) ??active hub
[2026-06-21 21:13:46] GL +9.6MB views=320 (PSS 8.3MB) ??active hub
[2026-06-21 21:15:15] GL +26.3MB views=303 (PSS 33.3MB) ??active hub
[2026-06-21 21:15:56] GL +8.3MB views=319 (PSS 22.7MB) ??active hub
[2026-06-21 21:23:44] GL +11MB views=292 (PSS 12.7MB) ??active hub
[2026-06-21 21:24:07] PSS +90.6MB GL 60.8MB views=27
[2026-06-21 21:24:11] PSS +92.1MB GL 60.8MB views=27
[2026-06-21 21:24:46] PSS +60.7MB GL 50MB views=110
[2026-06-21 21:24:50] PSS +85.9MB GL 36.7MB views=110
[2026-06-21 21:25:50] GL +22.2MB views=296 (PSS 58.4MB) ??active hub
[2026-06-21 21:32:44] GL +10.8MB views=305 (PSS 12MB) ??active hub
[2026-06-21 21:38:12] PSS +100.4MB GL 32.4MB views=27
[2026-06-21 21:38:39] PSS +70.2MB GL 32.7MB views=112
[2026-06-21 21:38:42] PSS +119.1MB GL 32.6MB views=110
[2026-06-21 21:38:50] GL +22MB views=310 (PSS 20.8MB) ??active hub
[2026-06-21 21:42:31] GL +26.3MB views=299 (PSS 31MB) ??active hub
[2026-06-21 21:48:18] PSS +113.6MB GL 32.4MB views=27
[2026-06-21 21:48:48] PSS +164.4MB GL 34.2MB views=360
[2026-06-21 21:48:52] GL +32.4MB views=310 (PSS -14.9MB) ??active hub
[2026-06-21 22:02:16] PSS +186.1MB GL 3.7MB views=13
[2026-06-21 22:02:48] PSS +168MB GL 8.4MB views=98
[2026-06-21 22:02:54] GL +34.5MB views=287 (PSS 40.6MB) ??active hub
[2026-06-21 22:05:57] GL +13.6MB views=299 (PSS 49.4MB) ??active hub
[2026-06-21 22:06:05] GL +9.9MB views=299 (PSS 20MB) ??active hub
[2026-06-21 23:26:35] GL +94.3MB views=923 (PSS 106.2MB) ??active hub
[2026-06-21 23:27:25] GL +8.3MB views=931 (PSS 5.1MB) ??active hub
[2026-06-21 23:27:31] GL +22.2MB views=283 (PSS 34.5MB) ??active hub
[2026-06-21 23:27:51] GL +96.5MB views=934 (PSS 143.4MB) ??active hub
[2026-06-21 23:31:08] GL +30.7MB views=294 (PSS 68.7MB) ??active hub
[2026-06-21 23:51:02] PSS +88.8MB GL 30.7MB views=15
[2026-06-21 23:51:41] PSS +77MB GL 30.8MB views=20
[2026-06-21 23:51:46] PSS +97.8MB GL 26.2MB views=98
[2026-06-22 00:02:33] PSS +181.8MB GL 3.7MB views=13
[2026-06-22 00:03:03] PSS +75.2MB GL 4.4MB views=95
[2026-06-22 00:03:07] PSS +63.9MB GL 8.3MB views=98
[2026-06-22 00:03:22] GL +90.8MB views=933 (PSS 132.7MB) ??active hub
[2026-06-22 00:03:31] GL +108.3MB views=942 (PSS 106.9MB) ??active hub
[2026-06-22 00:04:20] PSS +87MB GL 8.6MB views=99
[2026-06-22 00:04:25] PSS +146.4MB GL 8.4MB views=98
[2026-06-22 00:04:37] GL +77.4MB views=942 (PSS 109.8MB) ??active hub
[2026-06-22 00:04:40] GL +31.6MB views=287 (PSS 30.9MB) ??active hub
[2026-06-22 00:04:53] GL +191.7MB views=934 (PSS 249.8MB) ??active hub
[2026-06-22 00:05:57] PSS +121.6MB GL 8.5MB views=98
[2026-06-22 00:06:02] PSS +74.6MB GL 8.4MB views=98
[2026-06-22 00:06:35] GL +34MB views=284 (PSS 65.3MB) ??active hub
[2026-06-22 00:07:34] GL +9.8MB views=311 (PSS 86.5MB) ??active hub
[2026-06-22 00:07:44] GL +8MB views=293 (PSS 35.2MB) ??active hub
[2026-06-22 00:13:31] GL +15.3MB views=346 (PSS 4MB) ??active hub
[2026-06-22 00:13:48] GL +24.6MB views=412 (PSS 36MB) ??active hub
[2026-06-22 00:15:30] PSS +153.6MB GL 35.2MB views=15
[2026-06-22 00:16:04] PSS +172.6MB GL 35.2MB views=98
[2026-06-22 01:03:33] CRITICAL process not running ??check crash-*.log
[2026-06-22 09:34:45] PSS +70.3MB GL 51.9MB views=298
[2026-06-22 10:04:50] CRITICAL process not running ??check crash-*.log
[2026-06-22 13:05:14] GL +91.6MB views=933 (PSS 86.6MB) ??active hub
[2026-06-22 16:35:43] PSS +62.4MB GL 50.9MB views=309
[2026-06-22 17:05:47] CRITICAL process not running ??check crash-*.log
[2026-06-22 18:29:38] CRITICAL process not running ??check crash-*.log
[2026-06-22 18:35:57] CRITICAL process not running ??check crash-*.log
[2026-06-22 19:36:01] GL +31MB views=363 (PSS 103.5MB) ??active hub
[2026-06-22 20:36:09] GL +95.5MB views=943 (PSS 85.3MB) ??active hub
[2026-06-22 23:00:27] PSS +44.5MB GL 61.7MB views=347
[2026-06-22 23:30:31] GL +91.3MB views=929 (PSS 126.8MB) ??active hub
[2026-06-23 00:31:25] PSS +122.2MB GL 55.9MB views=314
[2026-06-23 03:01:44] CRITICAL process not running ??check crash-*.log
[2026-06-23 03:04:36] CRITICAL process not running ??check crash-*.log
[2026-06-23 03:07:12] CRITICAL process not running ??check crash-*.log
[2026-06-23 04:01:48] GL +10.2MB views=293 (PSS -7.1MB) ??active hub
[2026-06-23 10:02:53] CRITICAL process not running ??check crash-*.log
[2026-06-23 10:05:40] CRITICAL process not running ??check crash-*.log
[2026-06-23 11:42:59] GL +16.6MB views=310 (PSS 44.4MB) ??active hub
[2026-06-23 12:13:05] GL +98.8MB views=284 (PSS 128.5MB) ??active hub
[2026-06-23 13:13:14] GL +10.5MB views=293 (PSS 17MB) ??active hub
[2026-06-23 14:43:28] CRITICAL process not running ??check crash-*.log
[2026-06-23 15:07:55] GL +126.6MB views=286 (PSS 177.2MB) ??active hub
[2026-06-23 16:58:45] GL +9.4MB views=289 (PSS 4.5MB) ??active hub
[2026-06-23 17:08:49] GL +8MB views=280 (PSS -13.3MB) ??active hub
[2026-06-23 19:09:45] GL +126.4MB views=282 (PSS 165.6MB) ??active hub
[2026-06-23 19:50:05] CRITICAL process not running ??check crash-*.log
[2026-06-23 20:30:25] GL +109.7MB views=957 (PSS 179.5MB) ??active hub
[2026-06-23 20:40:32] GL +9.9MB views=325 (PSS 105.2MB) ??active hub
[2026-06-23 22:24:11] GL +9.9MB views=302 (PSS 33.3MB) ??active hub
[2026-06-23 23:14:45] GL +10.9MB views=300 (PSS 56.8MB) ??active hub
[2026-06-23 23:34:57] PSS +61.3MB GL 46.6MB views=366
[2026-06-23 23:45:05] GL +33.2MB views=922 (PSS 26.6MB) ??active hub
