
===== 2026-06-27 23:41:57 pid=32559 =====
Applications Memory Usage (in Kilobytes):
Uptime: 1687970054 Realtime: 1778086320

** MEMINFO in pid 32559 [com.arcfire.online] **
                   Pss  Private  Private  SwapPss      Rss     Heap     Heap     Heap
                 Total    Dirty    Clean    Dirty    Total     Size    Alloc     Free
                ------   ------   ------   ------   ------   ------   ------   ------
  Native Heap   591384   591336        8       47   592096   790592   712554    65103
  Dalvik Heap    18612    15964     1492       24    22056    31259    15630    15629
 Dalvik Other    18356     8880        0        0    28128                           
        Stack     4764     4764        0        0     4772                           
       Ashmem       15        0        0        0      544                           
    Other dev       40       12       20        0      576                           
     .so mmap    13874      248     4732       22    48768                           
    .jar mmap     8482        0     4096        0    42864                           
    .apk mmap    62360     2612    51316        0    82072                           
    .ttf mmap     3432        0     2836        0     4244                           
    .dex mmap    36036    34768      548        0    37744                           
    .oat mmap       92        0       24        0     1344                           
    .art mmap    10214     8368      284       55    21824                           
   Other mmap    39951        4    34552        0    46528                           
   EGL mtrack    20311    20311        0        0    20311                           
    GL mtrack   146196   146196        0        0   146196                           
      Unknown    63576    62992      512        4    64148                           
        TOTAL  1037847   896455   100420      152  1164215   821851   728184    80732
 
 App Summary
                       Pss(KB)                        Rss(KB)
                        ------                         ------
           Java Heap:    24616                          43880
         Native Heap:   591336                         592096
                Code:   101568                         236344
               Stack:     4764                           4772
            Graphics:   166507                         166507
       Private Other:   108084
              System:    40972
             Unknown:                                  120616
 
           TOTAL PSS:  1037847            TOTAL RSS:  1164215       TOTAL SWAP PSS:      152
 
 Objects
               Views:      547         ViewRootImpl:        1
         AppContexts:       16           Activities:        1
              Assets:       41        AssetManagers:        0
       Local Binders:       26        Proxy Binders:       69
       Parcel memory:       30         Parcel count:      104
    Death Recipients:        0             WebViews:        0
 
 Native Allocations
                         Count                       Total(kB)
                        ------                         ------
    Other (malloced):     4799                            457
 Other (nonmalloced):      110                             78
   Bitmap (malloced):        2                          83834
 
 SQL
         MEMORY_USED:     1638
  PAGECACHE_OVERFLOW:     1466          MALLOC_SIZE:     4443
 
 DATABASES
      pgsz     dbsz   Lookaside(b) cache hits cache misses cache size  Dbname
PER CONNECTION STATS
         4      196             92  1430   614    25  /data/user/0/com.arcfire.online/databases/firestore.%5BDEFAULT%5D.arcfire-49d69.%28default%29
         4     1296             41  1603   934     4  /data/user/0/com.arcfire.online/databases/RKStorage
POOL STATS
     cache hits  cache misses    cache size  Dbname
           1430           615          2045  /data/user/0/com.arcfire.online/databases/firestore.%5BDEFAULT%5D.arcfire-49d69.%28default%29
           1603           935          2538  /data/user/0/com.arcfire.online/databases/RKStorage

VmRSS:	 1148956 kB
VmSwap:	   17328 kB
Threads:	124
