
===== 2026-06-17 16:16:30 pid=15021 =====
Applications Memory Usage (in Kilobytes):
Uptime: 799467525 Realtime: 887358474

** MEMINFO in pid 15021 [com.arcfire.online] **
                   Pss  Private  Private  SwapPss      Rss     Heap     Heap     Heap
                 Total    Dirty    Clean    Dirty    Total     Size    Alloc     Free
                ------   ------   ------   ------   ------   ------   ------   ------
  Native Heap   277385   277320       40       48   278076   383492   350330    27882
  Dalvik Heap    26999    22212     4576       25    28328    25278    12639    12639
 Dalvik Other    17216     8888       24        0    25804                           
        Stack     4020     4020        0        0     4028                           
       Ashmem       16        0        0        0      544                           
    Other dev       29        0       20        0      576                           
     .so mmap    16173      248     4448       22    57624                           
    .jar mmap     8827        0     4284        0    48492                           
    .apk mmap    63272     2604    50900        0    91056                           
    .ttf mmap     2447        0     1592        0     3968                           
    .dex mmap    35487    34196      572        0    37972                           
    .oat mmap       85        0       24        0     1584                           
    .art mmap    11904     8344     2532       57    21752                           
   Other mmap    20769       12    16084        0    26792                           
   EGL mtrack    33311    33311        0        0    33311                           
    GL mtrack    54236    54236        0        0    54236                           
      Unknown    33104    32632      396        5    33696                           
        TOTAL   605437   478023    85492      157   747839   408770   362969    40521
 
 App Summary
                       Pss(KB)                        Rss(KB)
                        ------                         ------
           Java Heap:    33088                          50080
         Native Heap:   277320                         278076
                Code:    99320                         257736
               Stack:     4020                           4028
            Graphics:    87547                          87547
       Private Other:    62220
              System:    41922
             Unknown:                                   70372
 
           TOTAL PSS:   605437            TOTAL RSS:   747839       TOTAL SWAP PSS:      157
 
 Objects
               Views:      285         ViewRootImpl:        1
         AppContexts:       16           Activities:        1
              Assets:       41        AssetManagers:        0
       Local Binders:       46        Proxy Binders:       70
       Parcel memory:       23         Parcel count:       76
    Death Recipients:        1             WebViews:        0
 
 Native Allocations
                         Count                       Total(kB)
                        ------                         ------
    Other (malloced):     2130                            202
 Other (nonmalloced):      129                             87
   Bitmap (malloced):        5                           6975
 
 SQL
         MEMORY_USED:     1582
  PAGECACHE_OVERFLOW:     1410          MALLOC_SIZE:     3978
 
 DATABASES
      pgsz     dbsz   Lookaside(b) cache hits cache misses cache size  Dbname
PER CONNECTION STATS
         4     1172             36   108    77     3  /data/user/0/com.arcfire.online/databases/RKStorage
         4      176             92   118    96    25  /data/user/0/com.arcfire.online/databases/firestore.%5BDEFAULT%5D.arcfire-49d69.%28default%29
POOL STATS
     cache hits  cache misses    cache size  Dbname
            108            78           186  /data/user/0/com.arcfire.online/databases/RKStorage
            118            97           215  /data/user/0/com.arcfire.online/databases/firestore.%5BDEFAULT%5D.arcfire-49d69.%28default%29

VmRSS:	  712700 kB
VmSwap:	   17544 kB
Threads:	105
