[2026-06-14 14:46:27] monitor start package=com.arcfire.online interval=10m
[2026-06-14 14:46:27] meminfo -> D:\arcfire20260607\tools\long-run-monitor\logs\meminfo-20260614-144627.log
[2026-06-14 14:46:27] timeline -> D:\arcfire20260607\tools\long-run-monitor\logs\mem-timeline.csv
[2026-06-14 14:46:27] alerts -> D:\arcfire20260607\tools\long-run-monitor\logs\mem-alerts.log
[2026-06-14 14:46:27] FOCUS: ArcCore inbound+intercept Skia (GL mtrack stair-step = primary leak signal)
[2026-06-14 14:46:28] snap PSS=787.6MB GL=131.1MB dPSS=7.5 dGL=3.3 
[2026-06-14 14:56:29] ALERT GL +22.4MB
[2026-06-14 14:56:29] snap PSS=844.1MB GL=153.5MB dPSS=56.5 dGL=22.4 GL_SPIKE suspect=arc_core_missile_or_intercept_skia
[2026-06-14 15:06:30] ALERT GL +28.6MB
[2026-06-14 15:06:30] snap PSS=859.9MB GL=182.1MB dPSS=15.8 dGL=28.6 GL_SPIKE suspect=arc_core_missile_or_intercept_skia
[2026-06-14 15:16:32] ALERT GL +100.6MB
[2026-06-14 15:16:32] snap PSS=1034.4MB GL=282.7MB dPSS=174.5 dGL=100.6 GL_SPIKE suspect=arc_core_missile_or_intercept_skia
[2026-06-14 15:26:33] ALERT GL +8.9MB
[2026-06-14 15:26:33] snap PSS=695.1MB GL=76.8MB dPSS=19.7 dGL=8.9 GL_SPIKE suspect=arc_core_missile_or_intercept_skia
[2026-06-14 15:36:37] ALERT GL +215.5MB
[2026-06-14 15:36:37] snap PSS=874.2MB GL=292.3MB dPSS=179.1 dGL=215.5 GL_SPIKE suspect=arc_core_missile_or_intercept_skia
[2026-06-14 15:46:37] ALERT GL +16.7MB
[2026-06-14 15:46:37] snap PSS=976.6MB GL=309MB dPSS=102.4 dGL=16.7 GL_SPIKE suspect=arc_core_missile_or_intercept_skia
[2026-06-14 15:56:38] ALERT GL +145.4MB
[2026-06-14 15:56:38] snap PSS=1430.9MB GL=697.7MB dPSS=189.8 dGL=145.4 GL_SPIKE suspect=arc_core_missile_or_intercept_skia
[2026-06-14 16:06:39] snap PSS=600.2MB GL=41.3MB dPSS=-830.7 dGL=-656.4 GL_RECOVERED strike_cleanup_ok
[2026-06-14 16:16:40] snap PSS=597.3MB GL=33.1MB dPSS=-2.9 dGL=-8.2 GL_RECOVERED strike_cleanup_ok
[2026-06-14 16:26:41] snap PSS=581.6MB GL=33MB dPSS=-1.6 dGL=0 
[2026-06-14 16:36:42] snap PSS=573.2MB GL=32.9MB dPSS=-8.4 dGL=-0.1 
[2026-06-14 16:46:43] ALERT GL +23MB
[2026-06-14 16:46:43] snap PSS=620.9MB GL=55.9MB dPSS=47.7 dGL=23 GL_SPIKE suspect=arc_core_missile_or_intercept_skia
[2026-06-14 16:56:43] ALERT PSS +46.7MB
[2026-06-14 16:56:43] snap PSS=795MB GL=165.4MB dPSS=46.7 dGL=5.6 PSS_SPIKE review=graphics+native
[2026-06-14 17:06:45] ALERT GL +156.8MB
[2026-06-14 17:06:45] snap PSS=998.1MB GL=322.2MB dPSS=203.1 dGL=156.8 GL_SPIKE suspect=arc_core_missile_or_intercept_skia
[2026-06-14 17:16:46] ALERT GL +136.8MB
[2026-06-14 17:16:46] snap PSS=1156MB GL=459MB dPSS=157.9 dGL=136.8 GL_SPIKE suspect=arc_core_missile_or_intercept_skia
[2026-06-14 17:26:48] ALERT GL +17MB
[2026-06-14 17:26:48] snap PSS=1194.7MB GL=490MB dPSS=51.9 dGL=17 GL_SPIKE suspect=arc_core_missile_or_intercept_skia
[2026-06-14 17:36:51] snap PSS=MB GL=MB dPSS= dGL= GL_RECOVERED strike_cleanup_ok
[2026-06-14 17:46:52] ALERT GL +12.9MB
[2026-06-14 17:46:52] snap PSS=785.1MB GL=181.1MB dPSS=46.5 dGL=12.9 GL_SPIKE suspect=arc_core_missile_or_intercept_skia
[2026-06-14 17:56:52] ALERT GL +28.5MB
[2026-06-14 17:56:52] snap PSS=1018.5MB GL=297.3MB dPSS=45.9 dGL=28.5 GL_SPIKE suspect=arc_core_missile_or_intercept_skia
[2026-06-14 18:06:53] ALERT PSS +52.2MB
[2026-06-14 18:06:54] snap PSS=1070.7MB GL=296.8MB dPSS=52.2 dGL=-0.5 PSS_SPIKE review=graphics+native
[2026-06-14 18:16:54] snap PSS=1031.1MB GL=287.5MB dPSS=1.6 dGL=0 
[2026-06-14 18:26:56] snap PSS=MB GL=MB dPSS= dGL= GL_RECOVERED strike_cleanup_ok
