[2026-06-28 08:57:20] monitor start package=com.arcfire.online interval=30m rules=v2(hub_activation_excluded)
[2026-06-28 08:57:20] meminfo -> D:\arcfire20260607\tools\long-run-monitor\logs\meminfo-20260628-085720.log
[2026-06-28 08:57:20] timeline -> D:\arcfire20260607\tools\long-run-monitor\logs\mem-timeline.csv
[2026-06-28 08:57:20] alerts -> D:\arcfire20260607\tools\long-run-monitor\logs\mem-alerts.log
[2026-06-28 08:57:20] FOCUS: hub Skia orbit + nebula + combat ??restart only active hub GL>=80MB or 3x dGL>=8MB
[2026-06-28 08:57:24] snap PSS=814.4MB GL=36.6MB views=405 dPSS=1.2 dGL=0 
[2026-06-28 09:27:43] snap PSS=877.1MB GL=127.5MB views=574 dPSS=-32.2 dGL=-22.1 GL_RECOVERED idle_ok
[2026-06-28 09:58:01] snap PSS=783.8MB GL=33MB views=368 dPSS= dGL= 
[2026-06-28 10:28:20] snap PSS=635.1MB GL=16.6MB views=17 dPSS=-225.3 dGL=-21.6 GL_RECOVERED idle_ok
[2026-06-28 10:58:38] snap PSS=631.6MB GL=45.2MB views=433 dPSS= dGL= 
[2026-06-28 11:28:58] snap PSS=520.9MB GL=5.5MB views=99 dPSS= dGL= 
[2026-06-28 11:59:23] snap PSS=622.3MB GL=17.2MB views=107 dPSS=-7.4 dGL=0 
[2026-06-28 12:29:42] snap PSS=572.7MB GL=13.8MB views=107 dPSS=-35.7 dGL=1.7 
[2026-06-28 13:00:00] snap PSS=686.6MB GL=13.4MB views=107 dPSS=-42 dGL=0 
[2026-06-28 13:30:19] snap PSS=676.7MB GL=14.5MB views=107 dPSS=16.1 dGL=1.1 
[2026-06-28 14:00:35] snap PSS=674.3MB GL=14.5MB views=107 dPSS=4.8 dGL=0 
[2026-06-28 14:30:51] WARN: com.arcfire.online not running
[2026-06-28 15:00:53] snap PSS=836MB GL=39.4MB views=326 dPSS=-34.6 dGL=-0.6 
[2026-06-28 15:31:12] snap PSS=812.8MB GL=33.3MB views=99 dPSS=-14 dGL=0 
[2026-06-28 16:01:32] snap PSS=827.5MB GL=33.3MB views=99 dPSS=-85.5 dGL=-25.9 GL_RECOVERED idle_ok
[2026-06-28 16:31:53] ALERT PSS +152.1MB
[2026-06-28 16:31:53] snap PSS=930.2MB GL=22.3MB views=235 dPSS=152.1 dGL=0.1 PSS_SPIKE review=graphics+native
[2026-06-28 17:02:17] WARN: com.arcfire.online not running
[2026-06-28 17:32:20] snap PSS=510.3MB GL=10.1MB views=99 dPSS=-6.2 dGL=1.7 
[2026-06-28 18:02:38] snap PSS=715.6MB GL=34.5MB views=379 dPSS=1.9 dGL=-6.9 GL_RECOVERED idle_ok
[2026-06-28 18:32:56] snap PSS=705.2MB GL=36.5MB views=379 dPSS=-7.3 dGL=1.7 
[2026-06-28 19:03:15] snap PSS=738MB GL=51.1MB views=394 dPSS=22.6 dGL=2.7 
[2026-06-28 19:33:37] ALERT GL +62.1MB active hub views=632
[2026-06-28 19:33:37] snap PSS=845.8MB GL=114.4MB views=632 dPSS=54 dGL=62.1 GL_SPIKE suspect=hub_skia_orbit_nebula_combat
[2026-06-28 20:03:54] snap PSS=687.7MB GL=43.5MB views=398 dPSS= dGL= 
[2026-06-28 20:34:12] snap PSS=679.6MB GL=32.3MB views=382 dPSS=-5.6 dGL=-0.3 
[2026-06-28 21:04:34] snap PSS=708.9MB GL=35.4MB views=399 dPSS=29.8 dGL=-1.3 
[2026-06-28 21:34:54] snap PSS=643.3MB GL=43.3MB views=374 dPSS= dGL= 
[2026-06-28 22:05:12] snap PSS=564.3MB GL=12.2MB views=99 dPSS=-1.7 dGL=0 
