[2026-07-10 14:19:26] monitor start package=com.arcfire.online interval=15m rules=v2(hub_activation_excluded)
[2026-07-10 14:19:26] meminfo -> D:\arcfire20260607\tools\long-run-monitor\logs\meminfo-20260710-141926.log
[2026-07-10 14:19:26] timeline -> D:\arcfire20260607\tools\long-run-monitor\logs\mem-timeline.csv
[2026-07-10 14:19:26] alerts -> D:\arcfire20260607\tools\long-run-monitor\logs\mem-alerts.log
[2026-07-10 14:19:26] FOCUS: hub Skia orbit + nebula + combat ??restart only active hub GL>=80MB or 3x dGL>=8MB
[2026-07-10 14:19:30] snap PSS=669MB GL=44.2MB views=346 dPSS= dGL= 
[2026-07-10 14:34:59] snap PSS=654.8MB GL=46.6MB views=370 dPSS= dGL= 
[2026-07-10 14:50:19] snap PSS=627.2MB GL=27MB views=346 dPSS=-27.6 dGL=-19.6 GL_RECOVERED idle_ok
[2026-07-10 15:05:42] snap PSS=659.1MB GL=31.3MB views=386 dPSS=31.9 dGL=4.3 
[2026-07-10 15:21:03] snap PSS=636.7MB GL=28.6MB views=364 dPSS=-22.4 dGL=-2.7 
[2026-07-10 15:36:23] snap PSS=632.9MB GL=33MB views=362 dPSS=-3.8 dGL=4.4 
[2026-07-10 15:51:44] snap PSS=565.7MB GL=16.2MB views=425 dPSS=-67.2 dGL=-16.8 GL_RECOVERED idle_ok
[2026-07-10 16:07:04] snap PSS=523.1MB GL=16.2MB views=57 dPSS=-42.6 dGL=0 
[2026-07-10 16:22:24] snap PSS=388.9MB GL=16.2MB views=57 dPSS=-134.2 dGL=0 
[2026-07-10 16:37:43] snap PSS=389.5MB GL=16.2MB views=57 dPSS=0.6 dGL=0 
[2026-07-10 16:53:04] snap PSS=388.8MB GL=16.2MB views=57 dPSS=-0.7 dGL=0 
[2026-07-10 17:08:24] snap PSS=377.3MB GL=16.1MB views=57 dPSS=-11.5 dGL=-0.1 
[2026-07-10 17:23:44] snap PSS=377.9MB GL=16.1MB views=57 dPSS=0.6 dGL=0 
[2026-07-10 17:39:05] snap PSS=377.8MB GL=16.1MB views=57 dPSS=-0.1 dGL=0 
[2026-07-10 17:54:27] snap PSS=402.7MB GL=11.7MB views=57 dPSS=24.9 dGL=-4.4 
[2026-07-10 18:09:54] snap PSS=678.7MB GL=38.8MB views=356 dPSS= dGL= 
[2026-07-10 18:25:22] snap PSS=643.5MB GL=34.6MB views=338 dPSS= dGL= 
[2026-07-10 18:40:49] snap PSS=678.6MB GL=39MB views=386 dPSS=35.1 dGL=4.4 
[2026-07-10 18:56:21] snap PSS=674.4MB GL=38.7MB views=339 dPSS=-4.2 dGL=-0.3 
[2026-07-10 19:11:42] snap PSS=709.7MB GL=39.6MB views=368 dPSS=35.3 dGL=0.9 
[2026-07-10 19:27:02] ALERT GL +84.5MB active hub views=567
[2026-07-10 19:27:02] snap PSS=785.1MB GL=124.1MB views=567 dPSS=75.4 dGL=84.5 GL_SPIKE suspect=hub_skia_orbit_nebula_combat
[2026-07-10 19:42:26] snap PSS=697.8MB GL=19.9MB views=99 dPSS=-87.3 dGL=-104.2 GL_RECOVERED idle_ok
[2026-07-10 19:57:52] INFO hub activation GL 19.9->120.7MB views 99->568 (no restart)
[2026-07-10 19:57:52] snap PSS=971MB GL=120.7MB views=568 dPSS=273.2 dGL=100.8 HUB_ACTIVATION gl_mount_ok
[2026-07-10 20:14:01] snap PSS=531.1MB GL=9.2MB views=99 dPSS= dGL= 
[2026-07-10 20:29:28] INFO hub activation GL 9.2->97.9MB views 99->577 (no restart)
[2026-07-10 20:29:28] snap PSS=692MB GL=97.9MB views=577 dPSS=160.9 dGL=88.7 HUB_ACTIVATION gl_mount_ok
[2026-07-10 20:44:56] ALERT GL +32.4MB active hub views=561
[2026-07-10 20:44:56] ALERT GL/PSS hard-ceiling breach gl=130.3MB pss=973.2MB ??defer remediation to check-and-remediate
[2026-07-10 20:44:56] snap PSS=973.2MB GL=130.3MB views=561 dPSS=281.2 dGL=32.4 GL_SPIKE suspect=hub_skia_orbit_nebula_combat
[2026-07-10 21:01:03] snap PSS=1075.4MB GL=120.9MB views=561 dPSS= dGL= 
[2026-07-10 21:17:12] snap PSS=503.9MB GL=9.3MB views=99 dPSS= dGL= 
[2026-07-10 21:32:34] snap PSS=509.7MB GL=9.3MB views=99 dPSS=5.8 dGL=0 
[2026-07-10 21:47:58] INFO hub activation GL 9.3->43.6MB views 99->360 (no restart)
[2026-07-10 21:47:58] snap PSS=670.2MB GL=43.6MB views=360 dPSS=160.5 dGL=34.3 HUB_ACTIVATION gl_mount_ok
[2026-07-10 22:03:21] ALERT PSS +73.7MB
[2026-07-10 22:03:21] snap PSS=743.9MB GL=42.6MB views=382 dPSS=73.7 dGL=-1 PSS_SPIKE review=graphics+native
[2026-07-10 22:18:51] snap PSS=738.8MB GL=38.7MB views=383 dPSS=-5.1 dGL=-3.9 
[2026-07-10 22:34:14] ALERT PSS +106.7MB
[2026-07-10 22:34:14] snap PSS=845.5MB GL=40MB views=380 dPSS=106.7 dGL=1.3 PSS_SPIKE review=graphics+native
[2026-07-10 22:49:39] snap PSS=823.9MB GL=36.1MB views=382 dPSS=-21.6 dGL=-3.9 
[2026-07-10 23:05:04] snap PSS=844.5MB GL=42.8MB views=379 dPSS=20.6 dGL=6.7 
[2026-07-10 23:20:29] snap PSS=845.4MB GL=32.4MB views=391 dPSS=0.9 dGL=-10.4 GL_RECOVERED idle_ok
[2026-07-10 23:35:57] snap PSS=821.2MB GL=31.8MB views=379 dPSS=-24.2 dGL=-0.6 
[2026-07-10 23:51:24] snap PSS=809.9MB GL=27.7MB views=379 dPSS=-11.3 dGL=-4.1 
[2026-07-11 00:06:50] snap PSS=673.8MB GL=36.3MB views=369 dPSS= dGL= 
[2026-07-11 00:22:14] snap PSS=686.3MB GL=31.9MB views=378 dPSS= dGL= 
[2026-07-11 00:37:47] ALERT GL +9.2MB active hub views=379
[2026-07-11 00:37:47] snap PSS=715.3MB GL=41.1MB views=379 dPSS=29 dGL=9.2 GL_SPIKE suspect=hub_skia_orbit_nebula_combat
[2026-07-11 00:53:11] snap PSS=734.6MB GL=39.8MB views=401 dPSS=19.3 dGL=-1.3 
[2026-07-11 01:08:32] snap PSS=738.6MB GL=33.4MB views=394 dPSS=4 dGL=-6.4 GL_RECOVERED idle_ok
[2026-07-11 01:23:53] snap PSS=698MB GL=29.2MB views=375 dPSS=-40.6 dGL=-4.2 
[2026-07-11 01:39:14] snap PSS=696.4MB GL=27.1MB views=378 dPSS=-1.6 dGL=-2.1 
[2026-07-11 01:54:34] snap PSS=701.3MB GL=29.2MB views=371 dPSS=4.9 dGL=2.1 
[2026-07-11 02:09:56] snap PSS=702.9MB GL=31.5MB views=400 dPSS=1.6 dGL=2.3 
[2026-07-11 02:25:17] snap PSS=681.9MB GL=29.3MB views=371 dPSS=-21 dGL=-2.2 
[2026-07-11 02:40:38] snap PSS=672.4MB GL=29.3MB views=375 dPSS=-9.5 dGL=0 
[2026-07-11 02:56:00] snap PSS=673.5MB GL=31.3MB views=371 dPSS=1.1 dGL=2 
[2026-07-11 03:11:20] snap PSS=680MB GL=29.3MB views=384 dPSS=6.5 dGL=-2 
[2026-07-11 03:26:41] snap PSS=674.7MB GL=29.3MB views=384 dPSS=-5.3 dGL=0 
[2026-07-11 03:42:01] snap PSS=687.4MB GL=31.3MB views=384 dPSS=12.7 dGL=2 
[2026-07-11 03:57:23] snap PSS=675.8MB GL=29.3MB views=384 dPSS=-11.6 dGL=-2 
[2026-07-11 04:12:43] snap PSS=690.4MB GL=29.3MB views=382 dPSS=14.6 dGL=0 
[2026-07-11 04:28:04] snap PSS=667.7MB GL=29.3MB views=382 dPSS=-22.7 dGL=0 
[2026-07-11 04:43:25] snap PSS=694.5MB GL=31.3MB views=384 dPSS=26.8 dGL=2 
[2026-07-11 04:58:45] snap PSS=679MB GL=29.3MB views=384 dPSS=-15.5 dGL=-2 
[2026-07-11 05:14:06] snap PSS=687.2MB GL=29.4MB views=384 dPSS=8.2 dGL=0.1 
[2026-07-11 05:29:27] snap PSS=664.4MB GL=27.4MB views=384 dPSS=-22.8 dGL=-2 
[2026-07-11 05:44:48] ALERT PSS +44MB
[2026-07-11 05:44:48] snap PSS=708.4MB GL=30.1MB views=409 dPSS=44 dGL=2.7 PSS_SPIKE review=graphics+native
[2026-07-11 06:00:09] snap PSS=680MB GL=29.4MB views=384 dPSS=-28.4 dGL=-0.7 
[2026-07-11 06:15:28] snap PSS=696.1MB GL=29.6MB views=405 dPSS=16.1 dGL=0.2 
[2026-07-11 06:30:49] snap PSS=679.2MB GL=29.4MB views=384 dPSS=-16.9 dGL=-0.2 
[2026-07-11 06:46:09] snap PSS=684MB GL=29.4MB views=384 dPSS=4.8 dGL=0 
[2026-07-11 07:01:30] snap PSS=690.5MB GL=27.5MB views=390 dPSS=6.5 dGL=-1.9 
[2026-07-11 07:16:50] snap PSS=690.5MB GL=29.4MB views=384 dPSS=0 dGL=1.9 
[2026-07-11 07:32:07] snap PSS=717.9MB GL=30MB views=407 dPSS=27.4 dGL=0.6 
[2026-07-11 07:47:28] snap PSS=699.5MB GL=31.4MB views=384 dPSS=-18.4 dGL=1.4 
[2026-07-11 08:02:49] snap PSS=714.9MB GL=30MB views=403 dPSS=15.4 dGL=-1.4 
[2026-07-11 08:18:10] snap PSS=694.3MB GL=31.4MB views=384 dPSS=-20.6 dGL=1.4 
[2026-07-11 08:33:31] snap PSS=709.9MB GL=31.7MB views=409 dPSS=15.6 dGL=0.3 
[2026-07-11 08:48:53] snap PSS=691.6MB GL=29.4MB views=384 dPSS=-18.3 dGL=-2.3 
[2026-07-11 09:04:14] snap PSS=704.1MB GL=29.7MB views=403 dPSS=12.5 dGL=0.3 
[2026-07-11 09:19:35] snap PSS=697.8MB GL=29.4MB views=378 dPSS=-6.3 dGL=-0.3 
[2026-07-11 09:34:56] snap PSS=704.3MB GL=29.7MB views=399 dPSS=6.5 dGL=0.3 
[2026-07-11 09:50:21] ALERT GL +11.3MB active hub views=384
[2026-07-11 09:50:21] snap PSS=755.2MB GL=41MB views=384 dPSS=50.9 dGL=11.3 GL_SPIKE suspect=hub_skia_orbit_nebula_combat
[2026-07-11 10:05:43] snap PSS=737.2MB GL=40.4MB views=365 dPSS=-18 dGL=-0.6 
[2026-07-11 10:21:05] snap PSS=739.4MB GL=35.4MB views=365 dPSS=2.2 dGL=-5 GL_RECOVERED idle_ok
[2026-07-11 10:36:27] snap PSS=738.6MB GL=37.4MB views=365 dPSS=-0.8 dGL=2 
[2026-07-11 10:51:49] ALERT GL +82.9MB active hub views=579
[2026-07-11 10:51:49] snap PSS=813.8MB GL=120.3MB views=579 dPSS=75.2 dGL=82.9 GL_SPIKE suspect=hub_skia_orbit_nebula_combat
[2026-07-11 11:07:12] snap PSS=737MB GL=137.9MB views=562 dPSS= dGL= 
[2026-07-11 11:22:39] snap PSS=186.3MB GL=5.9MB views=14 dPSS= dGL= 
[2026-07-11 11:38:03] snap PSS=647.1MB GL=45.7MB views=372 dPSS= dGL= 
[2026-07-11 11:53:31] ALERT PSS +69.3MB
[2026-07-11 11:53:31] snap PSS=716.4MB GL=44.5MB views=512 dPSS=69.3 dGL=-1.2 PSS_SPIKE review=graphics+native
[2026-07-11 12:09:02] ALERT GL +12.7MB active hub views=378
[2026-07-11 12:09:02] snap PSS=707.5MB GL=57.2MB views=378 dPSS=-8.9 dGL=12.7 GL_SPIKE suspect=hub_skia_orbit_nebula_combat
[2026-07-11 12:24:26] snap PSS=727.5MB GL=59.4MB views=390 dPSS=20 dGL=2.2 
[2026-07-11 12:39:47] snap PSS=705.1MB GL=57.2MB views=377 dPSS=-22.4 dGL=-2.2 
[2026-07-11 12:55:08] snap PSS=704.3MB GL=57.2MB views=377 dPSS=-0.8 dGL=0 
[2026-07-11 13:10:30] snap PSS=731.2MB GL=58MB views=398 dPSS=26.9 dGL=0.8 
[2026-07-11 13:25:52] snap PSS=705.3MB GL=59.5MB views=378 dPSS=-25.9 dGL=1.5 
[2026-07-11 13:41:16] snap PSS=718MB GL=58.1MB views=395 dPSS=12.7 dGL=-1.4 
[2026-07-11 13:56:39] snap PSS=699.6MB GL=59.6MB views=377 dPSS=-18.4 dGL=1.5 
[2026-07-11 14:11:57] snap PSS=661.4MB GL=40MB views=363 dPSS=-38.2 dGL=-19.6 GL_RECOVERED idle_ok
[2026-07-11 14:27:18] snap PSS=670.9MB GL=44.6MB views=392 dPSS=9.5 dGL=4.6 
[2026-07-11 14:42:39] snap PSS=644.2MB GL=33.4MB views=370 dPSS=-26.7 dGL=-11.2 GL_RECOVERED idle_ok
[2026-07-11 14:58:00] snap PSS=672.4MB GL=40MB views=371 dPSS=28.2 dGL=6.6 
[2026-07-11 15:13:21] snap PSS=648.2MB GL=29MB views=353 dPSS=-24.2 dGL=-11 GL_RECOVERED idle_ok
[2026-07-11 15:28:43] ALERT GL +11.8MB active hub views=346
[2026-07-11 15:28:43] snap PSS=648.5MB GL=40.8MB views=346 dPSS=0.3 dGL=11.8 GL_SPIKE suspect=hub_skia_orbit_nebula_combat
[2026-07-11 15:44:07] snap PSS=638MB GL=29.9MB views=349 dPSS=-10.5 dGL=-10.9 GL_RECOVERED idle_ok
[2026-07-11 15:59:30] snap PSS=645.7MB GL=29.9MB views=356 dPSS=7.7 dGL=0 
[2026-07-11 16:14:52] snap PSS=647.6MB GL=31.9MB views=349 dPSS=1.9 dGL=2 
[2026-07-11 16:30:14] snap PSS=637MB GL=31.9MB views=356 dPSS=-10.6 dGL=0 
[2026-07-11 16:45:43] snap PSS=635.9MB GL=31.9MB views=356 dPSS=-1.1 dGL=0 
[2026-07-11 17:01:10] snap PSS=642.2MB GL=29.9MB views=349 dPSS=6.3 dGL=-2 
[2026-07-11 17:16:33] snap PSS=661.5MB GL=36.8MB views=359 dPSS=19.3 dGL=6.9 
[2026-07-11 17:31:55] snap PSS=647.8MB GL=36.2MB views=349 dPSS=-13.7 dGL=-0.6 
[2026-07-11 17:47:17] snap PSS=639.2MB GL=29.9MB views=349 dPSS=-8.6 dGL=-6.3 GL_RECOVERED idle_ok
[2026-07-11 18:02:33] snap PSS=647.7MB GL=36.2MB views=380 dPSS=8.5 dGL=6.3 
[2026-07-11 18:17:51] snap PSS=651.3MB GL=34.2MB views=386 dPSS=3.6 dGL=-2 
[2026-07-11 18:33:20] snap PSS=653.8MB GL=36.2MB views=380 dPSS=2.5 dGL=2 
[2026-07-11 18:48:43] snap PSS=656.4MB GL=34.2MB views=378 dPSS=2.6 dGL=-2 
[2026-07-11 19:04:06] snap PSS=681MB GL=38.8MB views=405 dPSS=24.6 dGL=4.6 
[2026-07-11 19:19:30] snap PSS=650.7MB GL=34.2MB views=380 dPSS=-30.3 dGL=-4.6 
[2026-07-11 19:34:55] snap PSS=661.8MB GL=34.2MB views=381 dPSS=11.1 dGL=0 
[2026-07-11 19:50:19] snap PSS=664.4MB GL=34.2MB views=380 dPSS=2.6 dGL=0 
[2026-07-11 20:05:43] snap PSS=666.6MB GL=36.2MB views=401 dPSS=2.2 dGL=2 
[2026-07-11 20:21:06] snap PSS=666.5MB GL=40.4MB views=380 dPSS=-0.1 dGL=4.2 
[2026-07-11 20:36:31] snap PSS=664.6MB GL=29.9MB views=380 dPSS=-1.9 dGL=-10.5 GL_RECOVERED idle_ok
[2026-07-11 20:51:55] snap PSS=658.2MB GL=34.2MB views=379 dPSS=-6.4 dGL=4.3 
[2026-07-11 21:07:22] snap PSS=659MB GL=42.1MB views=352 dPSS=0.8 dGL=7.9 
[2026-07-11 21:22:47] ALERT GL +22.3MB active hub views=358
[2026-07-11 21:22:47] snap PSS=698.5MB GL=64.4MB views=358 dPSS=39.5 dGL=22.3 GL_SPIKE suspect=hub_skia_orbit_nebula_combat
[2026-07-11 21:38:12] snap PSS=656.6MB GL=41.5MB views=356 dPSS=-41.9 dGL=-22.9 GL_RECOVERED idle_ok
[2026-07-11 21:53:36] ALERT PSS +59.8MB
[2026-07-11 21:53:36] snap PSS=716.4MB GL=46.2MB views=317 dPSS=59.8 dGL=4.7 PSS_SPIKE review=graphics+native
[2026-07-11 22:09:05] ALERT GL +9.4MB active hub views=374
[2026-07-11 22:09:05] snap PSS=712.1MB GL=55.6MB views=374 dPSS=-4.3 dGL=9.4 GL_SPIKE suspect=hub_skia_orbit_nebula_combat
[2026-07-11 22:24:33] snap PSS=696.6MB GL=44.8MB views=370 dPSS=-15.5 dGL=-10.8 GL_RECOVERED idle_ok
[2026-07-11 22:40:02] snap PSS=696.5MB GL=44.8MB views=372 dPSS=-0.1 dGL=0 
[2026-07-11 22:55:32] snap PSS=697.5MB GL=40.7MB views=374 dPSS=1 dGL=-4.1 
[2026-07-11 23:10:57] snap PSS=697MB GL=44.8MB views=370 dPSS=-0.5 dGL=4.1 
[2026-07-11 23:26:23] snap PSS=702.7MB GL=44.8MB views=370 dPSS=5.7 dGL=0 
[2026-07-11 23:41:54] snap PSS=691.5MB GL=38.5MB views=376 dPSS=-11.2 dGL=-6.3 GL_RECOVERED idle_ok
[2026-07-11 23:57:20] ALERT GL +16.2MB active hub views=373
[2026-07-11 23:57:20] snap PSS=732.4MB GL=54.7MB views=373 dPSS=40.9 dGL=16.2 GL_SPIKE suspect=hub_skia_orbit_nebula_combat
[2026-07-12 00:12:45] snap PSS=723.4MB GL=58.1MB views=380 dPSS=-9 dGL=3.4 
[2026-07-12 00:28:07] snap PSS=727.1MB GL=56.1MB views=380 dPSS=3.7 dGL=-2 
[2026-07-12 00:43:29] snap PSS=733MB GL=45.2MB views=380 dPSS=5.9 dGL=-10.9 GL_RECOVERED idle_ok
[2026-07-12 00:58:53] snap PSS=723.7MB GL=45.2MB views=380 dPSS=-9.3 dGL=0 
[2026-07-12 01:14:23] snap PSS=741MB GL=45.2MB views=380 dPSS=17.3 dGL=0 
[2026-07-12 01:29:50] snap PSS=715MB GL=45.2MB views=379 dPSS=-26 dGL=0 
[2026-07-12 01:45:13] ALERT PSS +42MB
[2026-07-12 01:45:13] snap PSS=757MB GL=47.5MB views=399 dPSS=42 dGL=2.3 PSS_SPIKE review=graphics+native
[2026-07-12 02:00:41] snap PSS=732.3MB GL=45.3MB views=393 dPSS=-24.7 dGL=-2.2 
[2026-07-12 02:16:01] snap PSS=726.4MB GL=46.1MB views=381 dPSS=-5.9 dGL=0.8 
[2026-07-12 02:31:24] snap PSS=748.7MB GL=46.8MB views=393 dPSS=22.3 dGL=0.7 
[2026-07-12 02:46:47] snap PSS=732.8MB GL=46.1MB views=381 dPSS=-15.9 dGL=-0.7 
[2026-07-12 03:02:08] snap PSS=722.4MB GL=46.1MB views=374 dPSS=-10.4 dGL=0 
[2026-07-12 03:17:31] snap PSS=757.6MB GL=46.8MB views=385 dPSS=35.2 dGL=0.7 
[2026-07-12 03:32:50] snap PSS=728.4MB GL=46.1MB views=376 dPSS=-29.2 dGL=-0.7 
[2026-07-12 03:48:11] snap PSS=732.8MB GL=48.2MB views=380 dPSS=4.4 dGL=2.1 
[2026-07-12 04:03:34] snap PSS=745.8MB GL=46.4MB views=401 dPSS=13 dGL=-1.8 
[2026-07-12 04:18:57] snap PSS=740.6MB GL=46.1MB views=376 dPSS=-5.2 dGL=-0.3 
[2026-07-12 04:34:19] snap PSS=732.6MB GL=42.1MB views=376 dPSS=-8 dGL=-4 
[2026-07-12 04:49:40] snap PSS=733.8MB GL=48.2MB views=380 dPSS=1.2 dGL=6.1 
[2026-07-12 05:05:01] snap PSS=757.5MB GL=46.8MB views=385 dPSS=23.7 dGL=-1.4 
[2026-07-12 05:20:20] snap PSS=740.4MB GL=46.1MB views=376 dPSS=-17.1 dGL=-0.7 
[2026-07-12 05:35:41] snap PSS=750.7MB GL=48.1MB views=381 dPSS=10.3 dGL=2 
[2026-07-12 05:51:02] snap PSS=755.3MB GL=48.1MB views=381 dPSS=4.6 dGL=0 
[2026-07-12 06:06:24] ALERT PSS +41.8MB
[2026-07-12 06:06:24] snap PSS=797.1MB GL=46.8MB views=400 dPSS=41.8 dGL=-1.3 PSS_SPIKE review=graphics+native
[2026-07-12 06:21:45] snap PSS=766.5MB GL=46.1MB views=373 dPSS=-30.6 dGL=-0.7 
[2026-07-12 06:37:07] snap PSS=763.7MB GL=46.1MB views=377 dPSS=-2.8 dGL=0 
[2026-07-12 06:52:28] snap PSS=753.5MB GL=46.1MB views=377 dPSS=-10.2 dGL=0 
[2026-07-12 07:07:50] snap PSS=772.9MB GL=46.4MB views=402 dPSS=19.4 dGL=0.3 
[2026-07-12 07:23:11] snap PSS=758.4MB GL=46.1MB views=377 dPSS=-14.5 dGL=-0.3 
[2026-07-12 07:38:26] snap PSS=752.9MB GL=46.1MB views=377 dPSS=-5.5 dGL=0 
[2026-07-12 07:53:46] snap PSS=762.4MB GL=48.1MB views=377 dPSS=9.5 dGL=2 
[2026-07-12 08:09:06] snap PSS=754.8MB GL=48.1MB views=377 dPSS=-7.6 dGL=0 
[2026-07-12 08:24:27] snap PSS=747.2MB GL=46.1MB views=373 dPSS=-7.6 dGL=-2 
[2026-07-12 08:39:50] snap PSS=756.6MB GL=46.1MB views=373 dPSS=9.4 dGL=0 
[2026-07-12 08:55:21] snap PSS=753.6MB GL=46.1MB views=377 dPSS=-3 dGL=0 
[2026-07-12 09:10:45] snap PSS=780.4MB GL=48.8MB views=380 dPSS=26.8 dGL=2.7 
[2026-07-12 09:26:14] snap PSS=761.5MB GL=42.1MB views=377 dPSS=-18.9 dGL=-6.7 GL_RECOVERED idle_ok
[2026-07-12 09:41:37] snap PSS=765MB GL=46.1MB views=373 dPSS=3.5 dGL=4 
[2026-07-12 09:57:00] snap PSS=765MB GL=46.1MB views=377 dPSS=0 dGL=0 
[2026-07-12 10:12:21] snap PSS=781.6MB GL=46.3MB views=383 dPSS=16.6 dGL=0.2 
[2026-07-12 10:27:42] snap PSS=768.6MB GL=42.1MB views=373 dPSS=-13 dGL=-4.2 
[2026-07-12 10:43:03] snap PSS=764.3MB GL=46.1MB views=374 dPSS=-4.3 dGL=4 
[2026-07-12 10:58:24] snap PSS=763.3MB GL=44.1MB views=378 dPSS=-1 dGL=-2 
[2026-07-12 11:13:45] snap PSS=761.5MB GL=46.1MB views=378 dPSS=-1.8 dGL=2 
[2026-07-12 11:29:06] snap PSS=780.9MB GL=46.1MB views=378 dPSS=19.4 dGL=0 
[2026-07-12 11:44:27] snap PSS=786.2MB GL=44.1MB views=374 dPSS=5.3 dGL=-2 
[2026-07-12 11:59:48] snap PSS=799.2MB GL=46.1MB views=374 dPSS=13 dGL=2 
[2026-07-12 12:15:10] snap PSS=804.6MB GL=46.4MB views=403 dPSS=5.4 dGL=0.3 
[2026-07-12 12:30:31] snap PSS=811.7MB GL=46.7MB views=383 dPSS=7.1 dGL=0.3 
[2026-07-12 12:45:53] snap PSS=791.4MB GL=42.1MB views=378 dPSS=-20.3 dGL=-4.6 
[2026-07-12 13:01:12] snap PSS=782MB GL=46.1MB views=378 dPSS=-9.4 dGL=4 
[2026-07-12 13:16:33] snap PSS=790.5MB GL=48.1MB views=378 dPSS=8.5 dGL=2 
[2026-07-12 13:31:55] snap PSS=792.5MB GL=46.1MB views=378 dPSS=2 dGL=-2 
[2026-07-12 13:47:14] snap PSS=799.3MB GL=46.1MB views=378 dPSS=6.8 dGL=0 
[2026-07-12 14:02:36] snap PSS=710.6MB GL=21.8MB views=397 dPSS=-88.7 dGL=-24.3 GL_RECOVERED idle_ok
[2026-07-12 14:17:55] ALERT GL +27.3MB active hub views=374
[2026-07-12 14:17:55] snap PSS=786.5MB GL=49.1MB views=374 dPSS=75.9 dGL=27.3 GL_SPIKE suspect=hub_skia_orbit_nebula_combat
[2026-07-12 14:33:18] snap PSS=776MB GL=50.6MB views=382 dPSS=-10.5 dGL=1.5 
[2026-07-12 14:48:39] snap PSS=811.3MB GL=55.3MB views=392 dPSS=35.3 dGL=4.7 
[2026-07-12 15:04:03] snap PSS=791.1MB GL=50.6MB views=380 dPSS=-20.2 dGL=-4.7 
[2026-07-12 15:19:24] snap PSS=794.8MB GL=50.6MB views=380 dPSS=3.7 dGL=0 
[2026-07-12 15:34:46] snap PSS=786.5MB GL=50.6MB views=380 dPSS=-8.3 dGL=0 
[2026-07-12 15:50:08] snap PSS=793.2MB GL=50.6MB views=380 dPSS=6.7 dGL=0 
[2026-07-12 16:05:29] snap PSS=793.3MB GL=50.6MB views=380 dPSS=0.1 dGL=0 
[2026-07-12 16:20:51] snap PSS=773MB GL=46.6MB views=376 dPSS=-20.3 dGL=-4 
[2026-07-12 16:36:12] ALERT GL +8.7MB active hub views=379
[2026-07-12 16:36:13] snap PSS=790.9MB GL=55.3MB views=379 dPSS=17.9 dGL=8.7 GL_SPIKE suspect=hub_skia_orbit_nebula_combat
[2026-07-12 16:51:38] ALERT GL +11.7MB active hub views=375
[2026-07-12 16:51:38] snap PSS=752.3MB GL=67MB views=375 dPSS=-38.6 dGL=11.7 GL_SPIKE suspect=hub_skia_orbit_nebula_combat
[2026-07-12 17:07:04] snap PSS=759.3MB GL=65.1MB views=375 dPSS=7 dGL=-1.9 
[2026-07-12 17:22:31] snap PSS=785.2MB GL=58.4MB views=380 dPSS=25.9 dGL=-6.7 GL_RECOVERED idle_ok
[2026-07-12 17:37:52] snap PSS=791.2MB GL=58.4MB views=376 dPSS=6 dGL=0 
[2026-07-12 17:53:13] snap PSS=823.5MB GL=59MB views=391 dPSS=32.3 dGL=0.6 
[2026-07-12 18:08:33] snap PSS=800.2MB GL=58.3MB views=373 dPSS=-23.3 dGL=-0.7 
[2026-07-12 18:23:52] snap PSS=797.9MB GL=58.3MB views=377 dPSS=-2.3 dGL=0 
[2026-07-12 18:39:16] snap PSS=804MB GL=58.3MB views=377 dPSS=6.1 dGL=0 
[2026-07-12 18:54:41] snap PSS=819.5MB GL=58.3MB views=377 dPSS=15.5 dGL=0 
[2026-07-12 19:10:06] snap PSS=802.1MB GL=58.5MB views=380 dPSS=-17.4 dGL=0.2 
[2026-07-12 19:25:33] snap PSS=806.6MB GL=58.5MB views=377 dPSS=4.5 dGL=0 
[2026-07-12 19:40:58] snap PSS=790.5MB GL=60.5MB views=373 dPSS=-16.1 dGL=2 
[2026-07-12 19:56:22] snap PSS=817.4MB GL=63.1MB views=384 dPSS=26.9 dGL=2.6 
[2026-07-12 20:12:47] WARN: com.arcfire.online not running
[2026-07-12 20:27:53] snap PSS=181.4MB GL=6.3MB views=14 dPSS= dGL= 
[2026-07-12 20:43:18] snap PSS=670.1MB GL=36.8MB views=371 dPSS= dGL= 
[2026-07-12 20:58:41] ALERT PSS +48.8MB
[2026-07-12 20:58:41] snap PSS=718.9MB GL=44.5MB views=373 dPSS=48.8 dGL=7.7 PSS_SPIKE review=graphics+native
[2026-07-12 21:14:06] snap PSS=738.8MB GL=33.4MB views=452 dPSS=19.9 dGL=-11.1 GL_RECOVERED idle_ok
[2026-07-12 21:29:32] ALERT GL +17.2MB active hub views=370
[2026-07-12 21:29:32] snap PSS=764MB GL=50.6MB views=370 dPSS=25.2 dGL=17.2 GL_SPIKE suspect=hub_skia_orbit_nebula_combat
[2026-07-12 21:44:56] snap PSS=758.2MB GL=50.8MB views=370 dPSS=-5.8 dGL=0.2 
[2026-07-12 22:00:19] snap PSS=758.4MB GL=50.8MB views=370 dPSS=0.2 dGL=0 
[2026-07-12 22:15:42] snap PSS=758.5MB GL=52.8MB views=371 dPSS=0.1 dGL=2 
[2026-07-12 22:31:09] snap PSS=739.4MB GL=50.8MB views=366 dPSS=-19.1 dGL=-2 
[2026-07-12 22:46:32] snap PSS=755.9MB GL=51.3MB views=389 dPSS=16.5 dGL=0.5 
[2026-07-12 23:01:56] snap PSS=729.7MB GL=57.6MB views=453 dPSS=-26.2 dGL=6.3 
[2026-07-12 23:17:20] snap PSS=732.8MB GL=45.3MB views=397 dPSS=3.1 dGL=-12.3 GL_RECOVERED idle_ok
[2026-07-12 23:32:44] snap PSS=719.9MB GL=49.3MB views=371 dPSS=-12.9 dGL=4 
[2026-07-12 23:48:08] snap PSS=729.8MB GL=44.9MB views=367 dPSS=9.9 dGL=-4.4 
[2026-07-13 00:03:40] snap PSS=751.4MB GL=20.9MB views=99 dPSS=21.6 dGL=-24 GL_RECOVERED idle_ok
[2026-07-13 00:19:12] INFO hub activation GL 20.9->46.4MB views 99->351 (no restart)
[2026-07-13 00:19:12] snap PSS=795.2MB GL=46.4MB views=351 dPSS=43.8 dGL=25.5 HUB_ACTIVATION gl_mount_ok
[2026-07-13 00:34:37] ALERT GL +83.4MB active hub views=559
[2026-07-13 00:34:37] snap PSS=880.1MB GL=129.8MB views=559 dPSS=84.9 dGL=83.4 GL_SPIKE suspect=hub_skia_orbit_nebula_combat
[2026-07-13 00:50:08] snap PSS=896.5MB GL=129.8MB views=559 dPSS=16.4 dGL=0 
[2026-07-13 01:05:41] ALERT GL +9.6MB active hub views=577
[2026-07-13 01:05:41] snap PSS=888.6MB GL=139.4MB views=577 dPSS=-7.9 dGL=9.6 GL_SPIKE suspect=hub_skia_orbit_nebula_combat
[2026-07-13 01:21:12] snap PSS=784.4MB GL=38.6MB views=351 dPSS=-104.2 dGL=-100.8 GL_RECOVERED idle_ok
[2026-07-13 01:36:38] snap PSS=796.9MB GL=38.8MB views=358 dPSS=12.5 dGL=0.2 
[2026-07-13 01:52:07] snap PSS=825.7MB GL=40.8MB views=358 dPSS=28.8 dGL=2 
[2026-07-13 02:07:37] snap PSS=773.2MB GL=16.7MB views=99 dPSS=-52.5 dGL=-24.1 GL_RECOVERED idle_ok
[2026-07-13 02:22:59] snap PSS=755MB GL=15.3MB views=99 dPSS=-18.2 dGL=-1.4 
[2026-07-13 02:38:20] snap PSS=774.3MB GL=15.3MB views=99 dPSS=19.3 dGL=0 
[2026-07-13 02:53:42] snap PSS=727.8MB GL=15.3MB views=99 dPSS=-46.5 dGL=0 
[2026-07-13 03:09:03] snap PSS=730.5MB GL=15.3MB views=99 dPSS=2.7 dGL=0 
[2026-07-13 03:24:24] snap PSS=734MB GL=16.3MB views=99 dPSS=3.5 dGL=1 
[2026-07-13 03:39:46] snap PSS=736.6MB GL=16.3MB views=99 dPSS=2.6 dGL=0 
[2026-07-13 03:55:07] snap PSS=732.7MB GL=16.3MB views=99 dPSS=-3.9 dGL=0 
[2026-07-13 04:10:29] snap PSS=726.4MB GL=16.4MB views=120 dPSS=-6.3 dGL=0.1 
[2026-07-13 04:25:55] snap PSS=731.3MB GL=16.3MB views=99 dPSS=4.9 dGL=-0.1 
[2026-07-13 04:41:15] snap PSS=745.2MB GL=16.3MB views=99 dPSS=13.9 dGL=0 
[2026-07-13 04:56:37] snap PSS=723.8MB GL=16.3MB views=99 dPSS=-21.4 dGL=0 
[2026-07-13 05:11:59] snap PSS=708.2MB GL=16.3MB views=99 dPSS=-15.6 dGL=0 
[2026-07-13 05:27:21] snap PSS=705.3MB GL=16.3MB views=99 dPSS=-2.9 dGL=0 
[2026-07-13 05:42:42] snap PSS=705.6MB GL=16.3MB views=99 dPSS=0.3 dGL=0 
[2026-07-13 05:58:03] snap PSS=701.2MB GL=16.3MB views=99 dPSS=-4.4 dGL=0 
[2026-07-13 06:13:24] snap PSS=704.3MB GL=16.3MB views=99 dPSS=3.1 dGL=0 
[2026-07-13 06:28:47] snap PSS=700.1MB GL=16.3MB views=99 dPSS=-4.2 dGL=0 
[2026-07-13 06:44:09] snap PSS=717.1MB GL=16.3MB views=99 dPSS=17 dGL=0 
[2026-07-13 06:59:30] snap PSS=716.5MB GL=16.3MB views=99 dPSS=-0.6 dGL=0 
[2026-07-13 07:14:53] snap PSS=714.2MB GL=16.3MB views=99 dPSS=-2.3 dGL=0 
[2026-07-13 07:30:15] snap PSS=711.4MB GL=16.3MB views=99 dPSS=-2.8 dGL=0 
[2026-07-13 07:45:36] snap PSS=734.5MB GL=16.3MB views=99 dPSS=23.1 dGL=0 
[2026-07-13 08:00:58] snap PSS=718.2MB GL=16.3MB views=99 dPSS=-16.3 dGL=0 
[2026-07-13 08:16:20] snap PSS=698.4MB GL=16.3MB views=99 dPSS=-19.8 dGL=0 
[2026-07-13 08:31:40] snap PSS=707.3MB GL=16.3MB views=99 dPSS=8.9 dGL=0 
[2026-07-13 08:47:01] snap PSS=698.3MB GL=16.3MB views=99 dPSS=-9 dGL=0 
[2026-07-13 09:02:24] snap PSS=701.7MB GL=15.2MB views=99 dPSS=3.4 dGL=-1.1 
[2026-07-13 09:17:46] INFO hub activation GL 15.2->42.7MB views 99->367 (no restart)
[2026-07-13 09:17:46] snap PSS=789MB GL=42.7MB views=367 dPSS=87.3 dGL=27.5 HUB_ACTIVATION gl_mount_ok
[2026-07-13 09:33:10] snap PSS=791.4MB GL=38.6MB views=371 dPSS=2.4 dGL=-4.1 
[2026-07-13 09:48:33] snap PSS=802.4MB GL=44.7MB views=371 dPSS=11 dGL=6.1 
[2026-07-13 10:03:56] snap PSS=819.6MB GL=42.8MB views=371 dPSS=17.2 dGL=-1.9 
[2026-07-13 10:19:20] snap PSS=813.3MB GL=42.8MB views=371 dPSS=-6.3 dGL=0 
[2026-07-13 10:34:42] snap PSS=807.1MB GL=44.8MB views=371 dPSS=-6.2 dGL=2 
[2026-07-13 10:50:04] snap PSS=821.6MB GL=43.1MB views=380 dPSS=14.5 dGL=-1.7 
[2026-07-13 11:05:26] snap PSS=814.4MB GL=43.4MB views=380 dPSS=-7.2 dGL=0.3 
[2026-07-13 11:20:48] snap PSS=806.8MB GL=43.4MB views=396 dPSS=-7.6 dGL=0 
[2026-07-13 11:36:09] ALERT GL +102.5MB active hub views=560
[2026-07-13 11:36:09] snap PSS=929.7MB GL=145.9MB views=560 dPSS=122.9 dGL=102.5 GL_SPIKE suspect=hub_skia_orbit_nebula_combat
[2026-07-13 11:51:35] snap PSS=943.9MB GL=145.9MB views=560 dPSS=14.2 dGL=0 
[2026-07-13 12:06:59] snap PSS=943.7MB GL=145.9MB views=560 dPSS=-0.2 dGL=0 
[2026-07-13 12:22:21] snap PSS=934.1MB GL=145.9MB views=560 dPSS=-9.6 dGL=0 
[2026-07-13 12:37:42] snap PSS=935.7MB GL=147.9MB views=560 dPSS=1.6 dGL=2 
[2026-07-13 12:53:05] snap PSS=651.7MB GL=36MB views=364 dPSS= dGL= 
[2026-07-13 13:08:29] snap PSS=668.7MB GL=36MB views=371 dPSS= dGL= 
[2026-07-13 13:23:52] snap PSS=667.2MB GL=36MB views=371 dPSS=-1.5 dGL=0 
[2026-07-13 13:39:16] snap PSS=691.8MB GL=37MB views=379 dPSS=24.6 dGL=1 
[2026-07-13 13:54:39] snap PSS=691.3MB GL=36.8MB views=371 dPSS=-0.5 dGL=-0.2 
[2026-07-13 14:09:59] WARN: com.arcfire.online not running
[2026-07-13 14:25:00] WARN: com.arcfire.online not running
