[2026-07-27 09:16:35] monitor start package=com.arcfire.online interval=15m rules=v2(hub_activation_excluded)
[2026-07-27 09:16:35] meminfo -> D:\arcfire20260607\tools\long-run-monitor\logs\meminfo-20260727-091635.log
[2026-07-27 09:16:35] timeline -> D:\arcfire20260607\tools\long-run-monitor\logs\mem-timeline.csv
[2026-07-27 09:16:35] alerts -> D:\arcfire20260607\tools\long-run-monitor\logs\mem-alerts.log
[2026-07-27 09:16:35] FOCUS: hub Skia orbit + nebula + combat ??restart only active hub GL>=80MB or 3x dGL>=8MB
[2026-07-27 09:16:37] WARN: com.arcfire.online not running
[2026-07-27 09:31:38] WARN: com.arcfire.online not running
[2026-07-27 09:46:42] snap PSS=828.6MB GL=134.1MB views=573 dPSS= dGL= 
[2026-07-27 10:02:09] snap PSS=826.1MB GL=134.1MB views=573 dPSS= dGL= 
[2026-07-27 10:17:34] snap PSS=817.4MB GL=134.1MB views=573 dPSS=-8.7 dGL=0 
[2026-07-27 10:33:02] snap PSS=717.9MB GL=53.5MB views=309 dPSS= dGL= 
[2026-07-27 10:48:26] snap PSS=718MB GL=49.9MB views=306 dPSS= dGL= 
[2026-07-27 11:03:51] ALERT PSS +95.8MB
[2026-07-27 11:03:51] snap PSS=813.8MB GL=27.8MB views=99 dPSS=95.8 dGL=-22.1 PSS_SPIKE review=graphics+native
[2026-07-27 11:19:16] snap PSS=699.5MB GL=27.8MB views=99 dPSS=-114.3 dGL=0 
[2026-07-27 11:34:50] INFO hub activation GL 27.8->53.5MB views 99->326 (no restart)
[2026-07-27 11:34:50] snap PSS=957.4MB GL=53.5MB views=326 dPSS=257.9 dGL=25.7 HUB_ACTIVATION gl_mount_ok
[2026-07-27 11:51:06] snap PSS=502.1MB GL=8.5MB views=99 dPSS= dGL= 
[2026-07-27 12:06:34] snap PSS=784MB GL=40.2MB views=320 dPSS= dGL= 
[2026-07-27 12:21:58] ALERT PSS +105.9MB
[2026-07-27 12:21:58] snap PSS=889.9MB GL=47.8MB views=351 dPSS=105.9 dGL=7.6 PSS_SPIKE review=graphics+native
[2026-07-27 12:37:27] snap PSS=914.3MB GL=49MB views=368 dPSS=24.4 dGL=1.2 
[2026-07-27 12:52:56] snap PSS=703.5MB GL=42.9MB views=377 dPSS= dGL= 
[2026-07-27 13:08:22] snap PSS=711.7MB GL=42.9MB views=351 dPSS= dGL= 
[2026-07-27 13:23:44] snap PSS=703.6MB GL=42.9MB views=358 dPSS=-8.1 dGL=0 
[2026-07-27 13:39:08] snap PSS=720.9MB GL=44.9MB views=351 dPSS=17.3 dGL=2 
[2026-07-27 13:54:32] snap PSS=735.5MB GL=43.3MB views=383 dPSS=14.6 dGL=-1.6 
[2026-07-27 14:09:54] snap PSS=722.9MB GL=44.9MB views=351 dPSS=-12.6 dGL=1.6 
[2026-07-27 14:25:18] snap PSS=708.2MB GL=42.9MB views=358 dPSS=-14.7 dGL=-2 
[2026-07-27 14:40:43] snap PSS=742.3MB GL=43.7MB views=367 dPSS=34.1 dGL=0.8 
[2026-07-27 14:56:07] snap PSS=700.9MB GL=38.7MB views=351 dPSS=-41.4 dGL=-5 GL_RECOVERED idle_ok
[2026-07-27 15:11:30] snap PSS=700.1MB GL=45.1MB views=358 dPSS=-0.8 dGL=6.4 
[2026-07-27 15:26:53] snap PSS=714.9MB GL=43MB views=358 dPSS=14.8 dGL=-2.1 
[2026-07-27 15:42:17] snap PSS=702.8MB GL=43.3MB views=378 dPSS=-12.1 dGL=0.3 
[2026-07-27 15:57:43] ALERT GL +91.8MB active hub views=569
[2026-07-27 15:57:43] snap PSS=814.6MB GL=135.1MB views=569 dPSS=111.8 dGL=91.8 GL_SPIKE suspect=hub_skia_orbit_nebula_combat
[2026-07-27 16:13:07] snap PSS=843.3MB GL=139.1MB views=569 dPSS=28.7 dGL=4 
[2026-07-27 16:28:33] snap PSS=827.1MB GL=135.1MB views=569 dPSS=-16.2 dGL=-4 
[2026-07-27 16:43:57] snap PSS=817.8MB GL=138.8MB views=569 dPSS=-9.3 dGL=3.7 
[2026-07-27 16:59:22] snap PSS=825.7MB GL=138.8MB views=569 dPSS=7.9 dGL=0 
[2026-07-27 17:14:49] snap PSS=826.7MB GL=142.8MB views=569 dPSS=1 dGL=4 
[2026-07-27 17:30:16] snap PSS=820.6MB GL=139MB views=569 dPSS=-6.1 dGL=-3.8 
[2026-07-27 17:45:41] snap PSS=826.7MB GL=139MB views=569 dPSS=6.1 dGL=0 
[2026-07-27 18:01:07] snap PSS=734.3MB GL=45.7MB views=316 dPSS=-92.4 dGL=-93.3 GL_RECOVERED idle_ok
[2026-07-27 18:16:33] snap PSS=717.5MB GL=44.5MB views=358 dPSS=-16.8 dGL=-1.2 
[2026-07-27 18:31:57] snap PSS=741.3MB GL=44.5MB views=358 dPSS=23.8 dGL=0 
[2026-07-27 18:47:22] snap PSS=717.4MB GL=44.5MB views=358 dPSS=-23.9 dGL=0 
[2026-07-27 19:02:46] snap PSS=712.4MB GL=44.5MB views=358 dPSS=-5 dGL=0 
[2026-07-27 19:18:09] snap PSS=712.9MB GL=44.5MB views=351 dPSS=0.5 dGL=0 
[2026-07-27 19:33:33] snap PSS=722.5MB GL=44.5MB views=358 dPSS=9.6 dGL=0 
[2026-07-27 19:48:58] snap PSS=737.7MB GL=45.3MB views=377 dPSS=15.2 dGL=0.8 
[2026-07-27 20:04:23] snap PSS=694.7MB GL=44.9MB views=372 dPSS=-43 dGL=-0.4 
[2026-07-27 20:19:47] ALERT GL +92.4MB active hub views=570
[2026-07-27 20:19:47] snap PSS=822.8MB GL=137.3MB views=570 dPSS=128.1 dGL=92.4 GL_SPIKE suspect=hub_skia_orbit_nebula_combat
[2026-07-27 20:35:15] ALERT PSS +40.8MB
[2026-07-27 20:35:15] snap PSS=863.6MB GL=119MB views=572 dPSS=40.8 dGL=-18.3 PSS_SPIKE review=graphics+native
[2026-07-27 20:50:44] snap PSS=852.7MB GL=123.2MB views=573 dPSS=-10.9 dGL=4.2 
[2026-07-27 21:06:12] snap PSS=763MB GL=123.6MB views=572 dPSS= dGL= 
[2026-07-27 21:21:37] snap PSS=756.1MB GL=127.6MB views=572 dPSS= dGL= 
[2026-07-27 21:37:03] snap PSS=738.2MB GL=123.6MB views=572 dPSS=-17.9 dGL=-4 
[2026-07-27 21:52:28] snap PSS=738.5MB GL=125.4MB views=572 dPSS=0.3 dGL=1.8 
[2026-07-27 22:07:56] snap PSS=740.9MB GL=127.4MB views=572 dPSS=2.4 dGL=2 
[2026-07-27 22:23:21] snap PSS=740.3MB GL=125.4MB views=572 dPSS=-0.6 dGL=-2 
[2026-07-27 22:38:46] snap PSS=742.8MB GL=125.4MB views=572 dPSS=2.5 dGL=0 
[2026-07-27 22:54:09] snap PSS=743.1MB GL=125.4MB views=572 dPSS=0.3 dGL=0 
[2026-07-27 23:09:33] snap PSS=739MB GL=125.4MB views=572 dPSS=-4.1 dGL=0 
[2026-07-27 23:24:59] snap PSS=732.5MB GL=125.4MB views=572 dPSS=-6.5 dGL=0 
[2026-07-27 23:40:23] snap PSS=732.9MB GL=125.4MB views=572 dPSS=0.4 dGL=0 
[2026-07-27 23:55:48] snap PSS=737.1MB GL=125.4MB views=572 dPSS=4.2 dGL=0 
[2026-07-28 00:11:12] snap PSS=732.5MB GL=106.2MB views=572 dPSS=-4.6 dGL=-19.2 GL_RECOVERED idle_ok
[2026-07-28 00:26:36] snap PSS=723.2MB GL=106.2MB views=572 dPSS=-9.3 dGL=0 
[2026-07-28 00:42:01] snap PSS=739.2MB GL=109.1MB views=572 dPSS=16 dGL=2.9 
[2026-07-28 00:57:26] snap PSS=744.7MB GL=109.1MB views=572 dPSS=5.5 dGL=0 
[2026-07-28 01:12:51] snap PSS=738MB GL=109.1MB views=572 dPSS=-6.7 dGL=0 
[2026-07-28 01:28:16] snap PSS=738.6MB GL=109.1MB views=572 dPSS=0.6 dGL=0 
[2026-07-28 01:43:39] snap PSS=734.8MB GL=109.1MB views=572 dPSS=-3.8 dGL=0 
[2026-07-28 01:59:04] snap PSS=729.9MB GL=109.1MB views=572 dPSS=-4.9 dGL=0 
[2026-07-28 02:14:28] snap PSS=728.3MB GL=111.1MB views=572 dPSS=-1.6 dGL=2 
[2026-07-28 02:29:52] snap PSS=695.9MB GL=109.1MB views=572 dPSS=-32.4 dGL=-2 
[2026-07-28 02:45:16] snap PSS=706.7MB GL=109.1MB views=572 dPSS=10.8 dGL=0 
[2026-07-28 03:00:41] snap PSS=709.4MB GL=109.1MB views=572 dPSS=2.7 dGL=0 
[2026-07-28 03:16:09] snap PSS=702.1MB GL=109.1MB views=572 dPSS=-7.3 dGL=0 
[2026-07-28 03:31:34] snap PSS=712.3MB GL=111.1MB views=572 dPSS=10.2 dGL=2 
[2026-07-28 03:46:58] snap PSS=641.3MB GL=111.1MB views=572 dPSS=-71 dGL=0 
[2026-07-28 04:02:23] snap PSS=639.2MB GL=111.1MB views=572 dPSS=-2.1 dGL=0 
[2026-07-28 04:17:47] snap PSS=639.7MB GL=109.1MB views=572 dPSS=0.5 dGL=-2 
[2026-07-28 04:33:12] snap PSS=635.6MB GL=109.1MB views=572 dPSS=-4.1 dGL=0 
[2026-07-28 04:48:36] snap PSS=636.3MB GL=109.2MB views=572 dPSS=0.7 dGL=0.1 
[2026-07-28 05:04:07] snap PSS=562.2MB GL=9.8MB views=99 dPSS=-74.1 dGL=-99.4 GL_RECOVERED idle_ok
[2026-07-28 05:19:32] INFO hub activation GL 9.8->153.9MB views 99->572 (no restart)
[2026-07-28 05:19:32] snap PSS=771.7MB GL=153.9MB views=572 dPSS=209.5 dGL=144.1 HUB_ACTIVATION gl_mount_ok
[2026-07-28 05:35:03] snap PSS=746MB GL=153.9MB views=572 dPSS=-25.7 dGL=0 
[2026-07-28 05:50:26] snap PSS=580.1MB GL=8.7MB views=99 dPSS=-165.9 dGL=-145.2 GL_RECOVERED idle_ok
[2026-07-28 06:05:52] snap PSS=592.9MB GL=8.7MB views=99 dPSS=12.8 dGL=0 
[2026-07-28 06:21:17] snap PSS=584.2MB GL=8.7MB views=99 dPSS=-8.7 dGL=0 
[2026-07-28 06:36:42] snap PSS=581.1MB GL=8.7MB views=99 dPSS=-3.1 dGL=0 
[2026-07-28 06:52:14] snap PSS=585.1MB GL=9.6MB views=99 dPSS=4 dGL=0.9 
[2026-07-28 07:07:39] snap PSS=590.5MB GL=9.6MB views=99 dPSS=5.4 dGL=0 
[2026-07-28 07:23:03] snap PSS=597.4MB GL=9.6MB views=99 dPSS=6.9 dGL=0 
[2026-07-28 07:38:28] snap PSS=598.7MB GL=9.6MB views=99 dPSS=1.3 dGL=0 
[2026-07-28 07:53:53] snap PSS=600.9MB GL=10.6MB views=99 dPSS=2.2 dGL=1 
[2026-07-28 08:09:19] snap PSS=581.1MB GL=10.6MB views=99 dPSS=-19.8 dGL=0 
[2026-07-28 08:24:44] snap PSS=584.5MB GL=10.6MB views=99 dPSS=3.4 dGL=0 
[2026-07-28 08:40:08] snap PSS=587.7MB GL=9.5MB views=99 dPSS=3.2 dGL=-1.1 
[2026-07-28 08:55:32] snap PSS=545.8MB GL=9.5MB views=99 dPSS=-41.9 dGL=0 
[2026-07-28 09:10:57] snap PSS=544.3MB GL=9.4MB views=99 dPSS=-1.5 dGL=-0.1 
[2026-07-28 09:26:22] INFO hub activation GL 9.4->123.6MB views 99->572 (no restart)
[2026-07-28 09:26:22] snap PSS=755.5MB GL=123.6MB views=572 dPSS=211.2 dGL=114.2 HUB_ACTIVATION gl_mount_ok
[2026-07-28 09:41:47] snap PSS=759.1MB GL=123.4MB views=572 dPSS=3.6 dGL=-0.2 
[2026-07-28 09:57:12] snap PSS=774.3MB GL=125.4MB views=572 dPSS=15.2 dGL=2 
[2026-07-28 10:12:37] snap PSS=774.7MB GL=123.4MB views=572 dPSS=0.4 dGL=-2 
[2026-07-28 10:28:02] snap PSS=755MB GL=123.4MB views=572 dPSS=-19.7 dGL=0 
[2026-07-28 10:43:26] snap PSS=749.7MB GL=123.4MB views=572 dPSS=-5.3 dGL=0 
[2026-07-28 10:58:51] snap PSS=749.1MB GL=123.4MB views=572 dPSS=-0.6 dGL=0 
[2026-07-28 11:14:16] snap PSS=750MB GL=123.4MB views=572 dPSS=0.9 dGL=0 
[2026-07-28 11:29:42] snap PSS=747MB GL=123.4MB views=572 dPSS=-3 dGL=0 
[2026-07-28 11:45:05] snap PSS=750.8MB GL=123.4MB views=572 dPSS=3.8 dGL=0 
[2026-07-28 12:00:29] snap PSS=745.2MB GL=123.4MB views=572 dPSS=-5.6 dGL=0 
[2026-07-28 12:15:54] snap PSS=740.8MB GL=123.4MB views=572 dPSS=-4.4 dGL=0 
[2026-07-28 12:31:18] snap PSS=742.4MB GL=123.4MB views=572 dPSS=1.6 dGL=0 
[2026-07-28 12:46:43] snap PSS=743MB GL=127.2MB views=572 dPSS=0.6 dGL=3.8 
[2026-07-28 13:02:07] ALERT PSS +140.6MB
[2026-07-28 13:02:07] snap PSS=883.6MB GL=125.4MB views=572 dPSS=140.6 dGL=-1.8 PSS_SPIKE review=graphics+native
[2026-07-28 13:17:35] snap PSS=889.2MB GL=125.4MB views=572 dPSS=5.6 dGL=0 
[2026-07-28 13:33:00] snap PSS=902.7MB GL=129.4MB views=572 dPSS=13.5 dGL=4 
[2026-07-28 13:48:25] snap PSS=898.3MB GL=127.2MB views=572 dPSS=-4.4 dGL=-2.2 
[2026-07-28 14:03:50] snap PSS=911.3MB GL=131.2MB views=572 dPSS=13 dGL=4 
[2026-07-28 14:19:14] snap PSS=889MB GL=127.2MB views=572 dPSS=-22.3 dGL=-4 
[2026-07-28 14:34:38] snap PSS=887.4MB GL=127.2MB views=572 dPSS=-1.6 dGL=0 
[2026-07-28 14:50:05] ALERT PSS +168.3MB
[2026-07-28 14:50:05] snap PSS=1055.7MB GL=122.1MB views=572 dPSS=168.3 dGL=-5.1 PSS_SPIKE review=graphics+native
[2026-07-28 15:06:12] snap PSS=763MB GL=43.3MB views=321 dPSS= dGL= 
[2026-07-28 15:21:39] ALERT GL +87.4MB active hub views=572
[2026-07-28 15:21:39] snap PSS=880.9MB GL=130.7MB views=572 dPSS=117.9 dGL=87.4 GL_SPIKE suspect=hub_skia_orbit_nebula_combat
[2026-07-28 15:37:08] snap PSS=858MB GL=130.7MB views=572 dPSS=-22.9 dGL=0 
[2026-07-28 15:52:34] snap PSS=815.6MB GL=132.5MB views=572 dPSS=-42.4 dGL=1.8 
[2026-07-28 16:07:58] snap PSS=808.3MB GL=132.5MB views=572 dPSS=-7.3 dGL=0 
[2026-07-28 16:23:22] snap PSS=805.3MB GL=132.5MB views=572 dPSS=-3 dGL=0 
[2026-07-28 16:38:47] snap PSS=810.3MB GL=132.5MB views=572 dPSS=5 dGL=0 
[2026-07-28 16:54:13] snap PSS=805.6MB GL=132.5MB views=572 dPSS=-4.7 dGL=0 
[2026-07-28 17:09:37] snap PSS=800.2MB GL=132.5MB views=572 dPSS=-5.4 dGL=0 
[2026-07-28 17:25:02] snap PSS=801.5MB GL=132.5MB views=572 dPSS=1.3 dGL=0 
[2026-07-28 17:40:22] snap PSS=796.6MB GL=132.5MB views=582 dPSS=-4.9 dGL=0 
[2026-07-28 17:55:46] snap PSS=814MB GL=132.5MB views=572 dPSS=17.4 dGL=0 
[2026-07-28 18:11:14] snap PSS=770.5MB GL=114.5MB views=590 dPSS=-43.5 dGL=-18 GL_RECOVERED idle_ok
[2026-07-28 18:26:44] snap PSS=785.2MB GL=114.5MB views=572 dPSS=14.7 dGL=0 
[2026-07-28 18:42:10] WARN: com.arcfire.online not running
[2026-07-28 18:57:13] snap PSS=744.2MB GL=127.6MB views=572 dPSS= dGL= 
[2026-07-28 19:12:38] snap PSS=758MB GL=125.6MB views=572 dPSS= dGL= 
[2026-07-28 19:28:04] snap PSS=730.8MB GL=125.6MB views=572 dPSS=-27.2 dGL=0 
[2026-07-28 19:43:28] snap PSS=735.8MB GL=125.5MB views=572 dPSS=5 dGL=-0.1 
[2026-07-28 19:58:52] snap PSS=734.8MB GL=127.5MB views=572 dPSS=-1 dGL=2 
[2026-07-28 20:14:16] snap PSS=734MB GL=125.5MB views=572 dPSS=-0.8 dGL=-2 
[2026-07-28 20:29:41] snap PSS=733.8MB GL=125.5MB views=572 dPSS=-0.2 dGL=0 
[2026-07-28 20:45:06] ALERT PSS +63.6MB
[2026-07-28 20:45:06] snap PSS=797.4MB GL=100.4MB views=644 dPSS=63.6 dGL=-25.1 PSS_SPIKE review=graphics+native
[2026-07-28 21:00:38] ALERT GL +25.6MB active hub views=572
[2026-07-28 21:00:38] ALERT GL/PSS hard-ceiling breach gl=126MB pss=1024.3MB ??defer remediation to check-and-remediate
[2026-07-28 21:00:38] snap PSS=1024.3MB GL=126MB views=572 dPSS=226.9 dGL=25.6 GL_SPIKE suspect=hub_skia_orbit_nebula_combat
[2026-07-28 21:16:52] snap PSS=757.7MB GL=122MB views=572 dPSS= dGL= 
[2026-07-28 21:32:17] snap PSS=729.3MB GL=122MB views=572 dPSS= dGL= 
[2026-07-28 21:47:43] snap PSS=731MB GL=123.8MB views=572 dPSS=1.7 dGL=1.8 
[2026-07-28 22:03:15] snap PSS=579.7MB GL=9.5MB views=99 dPSS=-151.3 dGL=-114.3 GL_RECOVERED idle_ok
[2026-07-28 22:18:42] INFO hub activation GL 9.5->122.5MB views 99->572 (no restart)
[2026-07-28 22:18:42] snap PSS=755.5MB GL=122.5MB views=572 dPSS=175.8 dGL=113 HUB_ACTIVATION gl_mount_ok
[2026-07-28 22:34:10] snap PSS=742.2MB GL=108.1MB views=579 dPSS=-13.3 dGL=-14.4 GL_RECOVERED idle_ok
[2026-07-28 22:49:35] snap PSS=752MB GL=110.2MB views=579 dPSS=9.8 dGL=2.1 
[2026-07-28 23:05:00] snap PSS=764MB GL=110.2MB views=579 dPSS=12 dGL=0 
[2026-07-28 23:20:25] snap PSS=766.4MB GL=110.2MB views=579 dPSS=2.4 dGL=0 
[2026-07-28 23:35:49] snap PSS=758.2MB GL=110.2MB views=579 dPSS=-8.2 dGL=0 
[2026-07-28 23:51:13] snap PSS=756.9MB GL=110.2MB views=579 dPSS=-1.3 dGL=0 
[2026-07-29 00:06:37] snap PSS=738.8MB GL=109MB views=579 dPSS=-18.1 dGL=-1.2 
[2026-07-29 00:22:00] snap PSS=742.1MB GL=109MB views=579 dPSS=3.3 dGL=0 
[2026-07-29 00:37:26] snap PSS=761MB GL=109MB views=579 dPSS=18.9 dGL=0 
[2026-07-29 00:52:50] snap PSS=758MB GL=114.2MB views=579 dPSS=-3 dGL=5.2 
[2026-07-29 01:08:16] snap PSS=754.6MB GL=110.2MB views=579 dPSS=-3.4 dGL=-4 
[2026-07-29 01:23:39] snap PSS=753.6MB GL=110.3MB views=579 dPSS=-1 dGL=0.1 
[2026-07-29 01:39:04] snap PSS=751.2MB GL=110.3MB views=579 dPSS=-2.4 dGL=0 
[2026-07-29 01:54:29] snap PSS=752.7MB GL=112.3MB views=579 dPSS=1.5 dGL=2 
[2026-07-29 02:09:53] snap PSS=751.7MB GL=110.3MB views=579 dPSS=-1 dGL=-2 
[2026-07-29 02:25:18] snap PSS=747.5MB GL=110.3MB views=579 dPSS=-4.2 dGL=0 
[2026-07-29 02:40:42] snap PSS=733.3MB GL=110.3MB views=579 dPSS=-14.2 dGL=0 
[2026-07-29 02:56:07] snap PSS=712.2MB GL=112.3MB views=579 dPSS=-21.1 dGL=2 
[2026-07-29 03:11:32] snap PSS=686.5MB GL=110.3MB views=579 dPSS=-25.7 dGL=-2 
[2026-07-29 03:26:58] snap PSS=694MB GL=110.3MB views=579 dPSS=7.5 dGL=0 
[2026-07-29 03:42:23] snap PSS=694.4MB GL=112.3MB views=579 dPSS=0.4 dGL=2 
[2026-07-29 03:57:47] snap PSS=679.2MB GL=109MB views=580 dPSS=-15.2 dGL=-3.3 
[2026-07-29 04:13:16] snap PSS=683.7MB GL=109MB views=580 dPSS=4.5 dGL=0 
[2026-07-29 04:28:41] snap PSS=680.2MB GL=109MB views=580 dPSS=-3.5 dGL=0 
[2026-07-29 04:44:06] snap PSS=683MB GL=110.1MB views=580 dPSS=2.8 dGL=1.1 
[2026-07-29 04:59:32] snap PSS=692MB GL=110.1MB views=580 dPSS=9 dGL=0 
[2026-07-29 05:14:57] snap PSS=695.5MB GL=110.1MB views=580 dPSS=3.5 dGL=0 
[2026-07-29 05:30:17] snap PSS=690.1MB GL=112.1MB views=580 dPSS=-5.4 dGL=2 
[2026-07-29 05:45:43] snap PSS=684.2MB GL=109MB views=579 dPSS=-5.9 dGL=-3.1 
[2026-07-29 06:01:07] snap PSS=676.8MB GL=109MB views=579 dPSS=-7.4 dGL=0 
[2026-07-29 06:16:30] snap PSS=681.4MB GL=109MB views=579 dPSS=4.6 dGL=0 
[2026-07-29 06:31:55] snap PSS=675.7MB GL=109MB views=579 dPSS=-5.7 dGL=0 
[2026-07-29 06:47:19] snap PSS=676.1MB GL=110.1MB views=578 dPSS=0.4 dGL=1.1 
[2026-07-29 07:02:48] snap PSS=680.1MB GL=110.1MB views=578 dPSS=4 dGL=0 
[2026-07-29 07:18:13] snap PSS=678.3MB GL=110.1MB views=578 dPSS=-1.8 dGL=0 
[2026-07-29 07:33:37] snap PSS=681.9MB GL=110.1MB views=578 dPSS=3.6 dGL=0 
[2026-07-29 07:49:03] snap PSS=682.6MB GL=112.1MB views=578 dPSS=0.7 dGL=2 
[2026-07-29 08:04:26] snap PSS=677.9MB GL=110.1MB views=588 dPSS=-4.7 dGL=-2 
[2026-07-29 08:19:50] snap PSS=682.1MB GL=110.1MB views=578 dPSS=4.2 dGL=0 
[2026-07-29 08:35:15] snap PSS=684MB GL=112.1MB views=578 dPSS=1.9 dGL=2 
[2026-07-29 08:50:38] snap PSS=688.6MB GL=113.1MB views=580 dPSS=4.6 dGL=1 
[2026-07-29 09:06:01] snap PSS=678.5MB GL=109.1MB views=580 dPSS=-10.1 dGL=-4 
[2026-07-29 09:21:28] snap PSS=679.1MB GL=109.1MB views=580 dPSS=0.6 dGL=0 
[2026-07-29 09:36:54] snap PSS=681.4MB GL=109.1MB views=580 dPSS=2.3 dGL=0 
[2026-07-29 09:52:19] snap PSS=684.3MB GL=110MB views=577 dPSS=2.9 dGL=0.9 
[2026-07-29 10:07:44] snap PSS=689MB GL=108MB views=576 dPSS=4.7 dGL=-2 
[2026-07-29 10:23:09] snap PSS=671.3MB GL=112MB views=576 dPSS=-17.7 dGL=4 
[2026-07-29 10:38:33] snap PSS=681.6MB GL=108MB views=576 dPSS=10.3 dGL=-4 
[2026-07-29 10:54:02] snap PSS=687.5MB GL=113.1MB views=576 dPSS=5.9 dGL=5.1 
[2026-07-29 11:09:28] ALERT PSS +65.7MB
[2026-07-29 11:09:28] snap PSS=747.3MB GL=49.6MB views=353 dPSS=65.7 dGL=-58.4 PSS_SPIKE review=graphics+native
[2026-07-29 11:24:55] snap PSS=741.2MB GL=43.3MB views=353 dPSS=-6.1 dGL=-6.3 GL_RECOVERED idle_ok
[2026-07-29 11:40:21] snap PSS=759.4MB GL=49.6MB views=353 dPSS=18.2 dGL=6.3 
[2026-07-29 11:55:47] snap PSS=735.5MB GL=43.3MB views=353 dPSS=-23.9 dGL=-6.3 GL_RECOVERED idle_ok
[2026-07-29 12:11:11] ALERT GL +100.4MB active hub views=577
[2026-07-29 12:11:11] snap PSS=868.3MB GL=143.7MB views=577 dPSS=132.8 dGL=100.4 GL_SPIKE suspect=hub_skia_orbit_nebula_combat
[2026-07-29 12:26:36] snap PSS=865.2MB GL=143.7MB views=577 dPSS=-3.1 dGL=0 
[2026-07-29 12:42:00] snap PSS=886.9MB GL=141.7MB views=577 dPSS=21.7 dGL=-2 
[2026-07-29 12:57:25] snap PSS=864.3MB GL=142.3MB views=577 dPSS=-22.6 dGL=0.6 
[2026-07-29 13:12:49] snap PSS=865MB GL=142.3MB views=577 dPSS=0.7 dGL=0 
[2026-07-29 13:28:15] snap PSS=866.1MB GL=142.3MB views=577 dPSS=1.1 dGL=0 
[2026-07-29 13:43:40] snap PSS=860.9MB GL=142.3MB views=577 dPSS=-5.2 dGL=0 
[2026-07-29 13:59:05] snap PSS=867.7MB GL=144.3MB views=577 dPSS=6.8 dGL=2 
[2026-07-29 14:14:29] snap PSS=863.9MB GL=142.3MB views=577 dPSS=-3.8 dGL=-2 
[2026-07-29 14:29:55] snap PSS=866.6MB GL=144.3MB views=577 dPSS=2.7 dGL=2 
[2026-07-29 14:45:20] snap PSS=881.1MB GL=142.3MB views=577 dPSS=14.5 dGL=-2 
[2026-07-29 15:00:48] snap PSS=861.3MB GL=142.3MB views=577 dPSS=-19.8 dGL=0 
[2026-07-29 15:16:11] snap PSS=865.7MB GL=144.3MB views=577 dPSS=4.4 dGL=2 
[2026-07-29 15:31:35] snap PSS=776.2MB GL=54.7MB views=310 dPSS=-89.5 dGL=-89.6 GL_RECOVERED idle_ok
[2026-07-29 15:47:03] snap PSS=759.5MB GL=54.4MB views=354 dPSS=-16.7 dGL=-0.3 
[2026-07-29 16:02:28] snap PSS=735.1MB GL=41.2MB views=355 dPSS=-24.4 dGL=-13.2 GL_RECOVERED idle_ok
[2026-07-29 16:17:57] snap PSS=734.6MB GL=43.7MB views=355 dPSS=-0.5 dGL=2.5 
[2026-07-29 16:33:22] snap PSS=764.5MB GL=44.2MB views=368 dPSS=29.9 dGL=0.5 
[2026-07-29 16:48:49] snap PSS=719.8MB GL=39.5MB views=355 dPSS=-44.7 dGL=-4.7 
[2026-07-29 17:04:14] ALERT PSS +49.2MB
[2026-07-29 17:04:14] snap PSS=769MB GL=44.4MB views=366 dPSS=49.2 dGL=4.9 PSS_SPIKE review=graphics+native
[2026-07-29 17:19:39] snap PSS=742.8MB GL=39.5MB views=348 dPSS=-26.2 dGL=-4.9 
[2026-07-29 17:35:04] snap PSS=749.8MB GL=41.5MB views=355 dPSS=7 dGL=2 
[2026-07-29 17:50:29] snap PSS=735.8MB GL=43.8MB views=353 dPSS=-14 dGL=2.3 
[2026-07-29 18:05:54] snap PSS=730.2MB GL=45.8MB views=355 dPSS=-5.6 dGL=2 
[2026-07-29 18:21:19] snap PSS=732.3MB GL=45.8MB views=362 dPSS=2.1 dGL=0 
[2026-07-29 18:36:44] snap PSS=739.9MB GL=45.8MB views=362 dPSS=7.6 dGL=0 
[2026-07-29 18:52:09] snap PSS=764MB GL=44.1MB views=387 dPSS=24.1 dGL=-1.7 
[2026-07-29 19:07:34] snap PSS=738.7MB GL=41.5MB views=362 dPSS=-25.3 dGL=-2.6 
[2026-07-29 19:23:00] snap PSS=743.2MB GL=45.8MB views=362 dPSS=4.5 dGL=4.3 
[2026-07-29 19:38:25] snap PSS=756.8MB GL=46MB views=375 dPSS=13.6 dGL=0.2 
[2026-07-29 19:53:53] snap PSS=745.5MB GL=43.8MB views=362 dPSS=-11.3 dGL=-2.2 
[2026-07-29 20:09:24] snap PSS=734MB GL=39.6MB views=355 dPSS=-11.5 dGL=-4.2 
[2026-07-29 20:24:49] snap PSS=741.4MB GL=43.9MB views=362 dPSS=7.4 dGL=4.3 
[2026-07-29 20:40:14] snap PSS=739.2MB GL=39.6MB views=362 dPSS=-2.2 dGL=-4.3 
[2026-07-29 20:55:39] snap PSS=740.8MB GL=39.6MB views=362 dPSS=1.6 dGL=0 
[2026-07-29 21:11:03] snap PSS=764MB GL=44.6MB views=356 dPSS=23.2 dGL=5 
[2026-07-29 21:26:31] snap PSS=744.3MB GL=43.9MB views=356 dPSS=-19.7 dGL=-0.7 
[2026-07-29 21:41:55] snap PSS=759.7MB GL=46.2MB views=374 dPSS=15.4 dGL=2.3 
[2026-07-29 21:57:20] snap PSS=756.1MB GL=43.9MB views=349 dPSS=-3.6 dGL=-2.3 
[2026-07-29 22:12:44] snap PSS=753MB GL=43.9MB views=356 dPSS=-3.1 dGL=0 
[2026-07-29 22:28:08] ALERT GL +118.1MB active hub views=577
[2026-07-29 22:28:08] snap PSS=885.6MB GL=162MB views=577 dPSS=132.6 dGL=118.1 GL_SPIKE suspect=hub_skia_orbit_nebula_combat
[2026-07-29 22:43:36] snap PSS=891MB GL=163.7MB views=577 dPSS=5.4 dGL=1.7 
[2026-07-29 22:59:05] WARN: com.arcfire.online not running
[2026-07-29 23:14:09] snap PSS=734.7MB GL=123.5MB views=577 dPSS= dGL= 
[2026-07-29 23:29:34] snap PSS=741.9MB GL=125.3MB views=577 dPSS= dGL= 
[2026-07-29 23:45:01] snap PSS=750.9MB GL=125.3MB views=587 dPSS=9 dGL=0 
[2026-07-30 00:00:37] ALERT PSS +120.8MB
[2026-07-30 00:00:37] snap PSS=871.7MB GL=123.1MB views=577 dPSS=120.8 dGL=-2.2 PSS_SPIKE review=graphics+native
[2026-07-30 00:16:06] snap PSS=870.2MB GL=125MB views=576 dPSS=-1.5 dGL=1.9 
[2026-07-30 00:31:33] ALERT GL +15.5MB active hub views=575
[2026-07-30 00:31:33] snap PSS=888.3MB GL=140.5MB views=575 dPSS=18.1 dGL=15.5 GL_SPIKE suspect=hub_skia_orbit_nebula_combat
[2026-07-30 00:47:01] snap PSS=894.4MB GL=141.6MB views=585 dPSS=6.1 dGL=1.1 
[2026-07-30 01:02:25] snap PSS=900.2MB GL=143.6MB views=575 dPSS=5.8 dGL=2 
[2026-07-30 01:17:50] snap PSS=892.6MB GL=141.6MB views=575 dPSS=-7.6 dGL=-2 
[2026-07-30 01:33:15] snap PSS=894.2MB GL=141.6MB views=575 dPSS=1.6 dGL=0 
[2026-07-30 01:48:39] snap PSS=896.2MB GL=141.6MB views=575 dPSS=2 dGL=0 
[2026-07-30 02:04:04] snap PSS=875.8MB GL=125MB views=597 dPSS=-20.4 dGL=-16.6 GL_RECOVERED idle_ok
[2026-07-30 02:19:29] snap PSS=878.8MB GL=125MB views=576 dPSS=3 dGL=0 
[2026-07-30 02:34:54] snap PSS=874.3MB GL=125MB views=576 dPSS=-4.5 dGL=0 
[2026-07-30 02:50:20] snap PSS=802.7MB GL=125.4MB views=576 dPSS=-71.6 dGL=0.4 
[2026-07-30 03:05:45] snap PSS=801.5MB GL=129.4MB views=576 dPSS=-1.2 dGL=4 
[2026-07-30 03:21:13] snap PSS=800.5MB GL=125.4MB views=576 dPSS=-1 dGL=-4 
[2026-07-30 03:36:38] snap PSS=800.1MB GL=125.4MB views=576 dPSS=-0.4 dGL=0 
[2026-07-30 03:52:03] snap PSS=798.7MB GL=125.4MB views=576 dPSS=-1.4 dGL=0 
[2026-07-30 04:07:28] snap PSS=798.6MB GL=125.4MB views=576 dPSS=-0.1 dGL=0 
[2026-07-30 04:22:53] snap PSS=805.5MB GL=125.4MB views=576 dPSS=6.9 dGL=0 
[2026-07-30 04:38:19] snap PSS=805MB GL=127.4MB views=576 dPSS=-0.5 dGL=2 
[2026-07-30 04:53:44] snap PSS=804MB GL=129.3MB views=576 dPSS=-1 dGL=1.9 
[2026-07-30 05:09:09] snap PSS=807.5MB GL=125.3MB views=576 dPSS=3.5 dGL=-4 
[2026-07-30 05:24:35] snap PSS=805MB GL=127.3MB views=576 dPSS=-2.5 dGL=2 
[2026-07-30 05:40:00] snap PSS=805.6MB GL=129.3MB views=576 dPSS=0.6 dGL=2 
[2026-07-30 05:55:24] snap PSS=802.8MB GL=125.3MB views=576 dPSS=-2.8 dGL=-4 
[2026-07-30 06:10:50] snap PSS=800.6MB GL=125.3MB views=576 dPSS=-2.2 dGL=0 
[2026-07-30 06:26:15] snap PSS=801.7MB GL=125.3MB views=576 dPSS=1.1 dGL=0 
[2026-07-30 06:41:40] snap PSS=786.4MB GL=125.3MB views=576 dPSS=-15.3 dGL=0 
[2026-07-30 06:57:05] snap PSS=785.3MB GL=125.3MB views=576 dPSS=-1.1 dGL=0 
[2026-07-30 07:12:30] snap PSS=791.6MB GL=125.3MB views=576 dPSS=6.3 dGL=0 
[2026-07-30 07:27:54] snap PSS=809.3MB GL=125.3MB views=576 dPSS=17.7 dGL=0 
[2026-07-30 07:43:18] snap PSS=799.8MB GL=125.3MB views=576 dPSS=-9.5 dGL=0 
[2026-07-30 07:58:43] snap PSS=782.6MB GL=125.3MB views=576 dPSS=-17.2 dGL=0 
[2026-07-30 08:14:08] snap PSS=780.4MB GL=125.3MB views=576 dPSS=-2.2 dGL=0 
[2026-07-30 08:29:34] snap PSS=776.7MB GL=123.4MB views=577 dPSS=-3.7 dGL=-1.9 
[2026-07-30 08:44:59] snap PSS=779MB GL=125.5MB views=577 dPSS=2.3 dGL=2.1 
[2026-07-30 09:00:25] ALERT PSS +222.9MB
[2026-07-30 09:00:25] snap PSS=1001.9MB GL=131.1MB views=578 dPSS=222.9 dGL=5.6 PSS_SPIKE review=graphics+native
[2026-07-30 09:16:39] snap PSS=740.6MB GL=122MB views=577 dPSS= dGL= 
[2026-07-30 09:32:05] snap PSS=746.1MB GL=122MB views=577 dPSS=5.5 dGL=0 
[2026-07-30 09:47:30] snap PSS=743.8MB GL=123.8MB views=577 dPSS=-2.3 dGL=1.8 
[2026-07-30 10:02:56] snap PSS=748.6MB GL=127.8MB views=577 dPSS=4.8 dGL=4 
[2026-07-30 10:18:21] snap PSS=765.9MB GL=123.8MB views=577 dPSS=17.3 dGL=-4 
[2026-07-30 10:33:47] snap PSS=766.7MB GL=123.8MB views=577 dPSS=0.8 dGL=0 
[2026-07-30 10:49:12] snap PSS=758.9MB GL=125.3MB views=577 dPSS=-7.8 dGL=1.5 
[2026-07-30 11:04:37] snap PSS=751MB GL=125.3MB views=577 dPSS=-7.9 dGL=0 
[2026-07-30 11:20:02] snap PSS=755.3MB GL=125.3MB views=577 dPSS=4.3 dGL=0 
[2026-07-30 11:35:29] snap PSS=740.2MB GL=125.3MB views=577 dPSS=-15.1 dGL=0 
[2026-07-30 11:50:56] snap PSS=732.7MB GL=125.3MB views=577 dPSS=-7.5 dGL=0 
[2026-07-30 12:06:24] snap PSS=750.6MB GL=127.4MB views=577 dPSS=17.9 dGL=2.1 
[2026-07-30 12:21:50] snap PSS=777.9MB GL=125.4MB views=577 dPSS=27.3 dGL=-2 
[2026-07-30 12:37:19] snap PSS=760.7MB GL=127.4MB views=577 dPSS=-17.2 dGL=2 
[2026-07-30 12:52:44] snap PSS=754.3MB GL=129.4MB views=577 dPSS=-6.4 dGL=2 
[2026-07-30 13:08:12] snap PSS=753.3MB GL=125.4MB views=577 dPSS=-1 dGL=-4 
[2026-07-30 13:23:40] snap PSS=740.4MB GL=129.4MB views=577 dPSS=-12.9 dGL=4 
[2026-07-30 13:39:05] snap PSS=743.3MB GL=125.4MB views=577 dPSS=2.9 dGL=-4 
[2026-07-30 13:54:31] snap PSS=740.8MB GL=129.4MB views=577 dPSS=-2.5 dGL=4 
[2026-07-30 14:09:56] ALERT GL +10.1MB active hub views=575
[2026-07-30 14:09:56] snap PSS=760.5MB GL=139.5MB views=575 dPSS=19.7 dGL=10.1 GL_SPIKE suspect=hub_skia_orbit_nebula_combat
[2026-07-30 14:25:22] snap PSS=765.2MB GL=141.5MB views=575 dPSS=4.7 dGL=2 
[2026-07-30 14:40:48] snap PSS=710.1MB GL=139.5MB views=575 dPSS=-55.1 dGL=-2 
[2026-07-30 14:56:14] snap PSS=701.5MB GL=128.9MB views=575 dPSS=-8.6 dGL=-10.6 GL_RECOVERED idle_ok
[2026-07-30 15:11:39] snap PSS=694.4MB GL=124.8MB views=575 dPSS=-7.1 dGL=-4.1 
[2026-07-30 15:27:05] ALERT PSS +99.3MB
[2026-07-30 15:27:05] snap PSS=793.7MB GL=39.8MB views=318 dPSS=99.3 dGL=-85 PSS_SPIKE review=graphics+native
[2026-07-30 15:42:31] snap PSS=726.9MB GL=39.3MB views=359 dPSS=-66.8 dGL=-0.5 
[2026-07-30 15:57:58] ALERT PSS +41.2MB
[2026-07-30 15:57:58] snap PSS=768.1MB GL=46.3MB views=375 dPSS=41.2 dGL=7 PSS_SPIKE review=graphics+native
[2026-07-30 16:13:24] snap PSS=729.5MB GL=43.6MB views=359 dPSS=-38.6 dGL=-2.7 
[2026-07-30 16:28:54] snap PSS=722.8MB GL=43.6MB views=352 dPSS=-6.7 dGL=0 
[2026-07-30 16:44:21] snap PSS=747.3MB GL=44.3MB views=382 dPSS=24.5 dGL=0.7 
[2026-07-30 16:59:46] snap PSS=741.7MB GL=43.9MB views=370 dPSS=-5.6 dGL=-0.4 
[2026-07-30 17:15:13] snap PSS=721MB GL=41.3MB views=359 dPSS=-20.7 dGL=-2.6 
[2026-07-30 17:30:38] snap PSS=718.8MB GL=43.6MB views=352 dPSS=-2.2 dGL=2.3 
[2026-07-30 17:46:05] snap PSS=735.4MB GL=44.3MB views=378 dPSS=16.6 dGL=0.7 
[2026-07-30 18:01:31] snap PSS=716.4MB GL=43.8MB views=368 dPSS=-19 dGL=-0.5 
[2026-07-30 18:16:56] snap PSS=704.8MB GL=41.3MB views=359 dPSS=-11.6 dGL=-2.5 
[2026-07-30 18:32:22] snap PSS=706.1MB GL=45.6MB views=359 dPSS=1.3 dGL=4.3 
[2026-07-30 18:47:48] snap PSS=728.1MB GL=43.9MB views=377 dPSS=22 dGL=-1.7 
[2026-07-30 19:03:13] snap PSS=706.6MB GL=43.6MB views=357 dPSS=-21.5 dGL=-0.3 
[2026-07-30 19:18:40] snap PSS=708.1MB GL=43.6MB views=359 dPSS=1.5 dGL=0 
[2026-07-30 19:34:05] snap PSS=708.9MB GL=43.6MB views=359 dPSS=0.8 dGL=0 
[2026-07-30 19:49:31] snap PSS=699.3MB GL=41.3MB views=359 dPSS=-9.6 dGL=-2.3 
[2026-07-30 20:05:05] snap PSS=717.2MB GL=43.9MB views=380 dPSS=17.9 dGL=2.6 
[2026-07-30 20:20:30] snap PSS=712.6MB GL=41.3MB views=361 dPSS=-4.6 dGL=-2.6 
[2026-07-30 20:35:55] ALERT GL +97.1MB active hub views=577
[2026-07-30 20:35:55] snap PSS=842.1MB GL=138.4MB views=577 dPSS=129.5 dGL=97.1 GL_SPIKE suspect=hub_skia_orbit_nebula_combat
[2026-07-30 20:51:21] snap PSS=839.4MB GL=138.8MB views=577 dPSS=-2.7 dGL=0.4 
[2026-07-30 21:06:45] snap PSS=786.1MB GL=140.8MB views=577 dPSS=-53.3 dGL=2 
[2026-07-30 21:22:12] snap PSS=787.1MB GL=138.8MB views=577 dPSS=1 dGL=-2 
[2026-07-30 21:37:37] snap PSS=786.4MB GL=138.8MB views=577 dPSS=-0.7 dGL=0 
[2026-07-30 21:53:03] snap PSS=790.7MB GL=142.8MB views=577 dPSS=4.3 dGL=4 
[2026-07-30 22:08:29] snap PSS=778.3MB GL=122.6MB views=578 dPSS=-12.4 dGL=-20.2 GL_RECOVERED idle_ok
[2026-07-30 22:23:55] snap PSS=772.4MB GL=122.6MB views=578 dPSS=-5.9 dGL=0 
[2026-07-30 22:39:21] snap PSS=774MB GL=122.6MB views=577 dPSS=1.6 dGL=0 
[2026-07-30 22:54:52] snap PSS=775.6MB GL=126.6MB views=577 dPSS=1.6 dGL=4 
[2026-07-30 23:10:18] snap PSS=776.7MB GL=124.6MB views=577 dPSS=1.1 dGL=-2 
[2026-07-30 23:25:43] snap PSS=771.6MB GL=122.6MB views=577 dPSS=-5.1 dGL=-2 
[2026-07-30 23:41:09] snap PSS=774.4MB GL=122.6MB views=577 dPSS=2.8 dGL=0 
[2026-07-30 23:56:35] snap PSS=776.1MB GL=122.6MB views=576 dPSS=1.7 dGL=0 
