[2026-06-15 02:06:10] monitor start package=com.arcfire.online interval=30m
[2026-06-15 02:06:10] meminfo -> D:\arcfire20260607\tools\long-run-monitor\logs\meminfo-20260615-020609.log
[2026-06-15 02:06:10] timeline -> D:\arcfire20260607\tools\long-run-monitor\logs\mem-timeline.csv
[2026-06-15 02:06:10] alerts -> D:\arcfire20260607\tools\long-run-monitor\logs\mem-alerts.log
[2026-06-15 02:06:10] FOCUS: hub Skia orbit + nebula + combat (no ArcCore missile ??isolation test)
[2026-06-15 02:06:11] snap PSS=582.7MB GL=28.7MB dPSS=4.8 dGL=0 
[2026-06-15 02:36:12] ALERT PSS +67.5MB
[2026-06-15 02:36:12] snap PSS=650.2MB GL=36.4MB dPSS=67.5 dGL=7.7 PSS_SPIKE review=graphics+native
[2026-06-15 03:06:13] ALERT PSS +94.8MB
[2026-06-15 03:06:13] snap PSS=745MB GL=38.7MB dPSS=94.8 dGL=2.3 PSS_SPIKE review=graphics+native
[2026-06-15 03:36:14] ALERT GL +19MB
[2026-06-15 03:36:14] snap PSS=767.8MB GL=51MB dPSS=80.4 dGL=19 GL_SPIKE suspect=hub_skia_orbit_nebula_combat
[2026-06-15 04:06:16] snap PSS=760.9MB GL=42.9MB dPSS=-25.4 dGL=-8.5 GL_RECOVERED idle_ok
[2026-06-15 04:36:17] snap PSS=750.5MB GL=43MB dPSS=-3 dGL=-2 
[2026-06-15 05:06:18] ALERT GL +10.8MB
[2026-06-15 05:06:18] snap PSS=783.3MB GL=53.8MB dPSS=35.7 dGL=10.8 GL_SPIKE suspect=hub_skia_orbit_nebula_combat
[2026-06-15 05:36:18] ALERT GL +8.4MB
[2026-06-15 05:36:18] snap PSS=762.6MB GL=51.4MB dPSS=28 dGL=8.4 GL_SPIKE suspect=hub_skia_orbit_nebula_combat
[2026-06-15 06:06:40] snap PSS=450MB GL=4.9MB dPSS= dGL= 
[2026-06-15 06:36:40] snap PSS=448MB GL=4.9MB dPSS=-2.7 dGL=0 
[2026-06-15 07:06:41] snap PSS=449.6MB GL=4.9MB dPSS=-3.4 dGL=0 
[2026-06-15 07:36:42] snap PSS=449.3MB GL=4.9MB dPSS=0.9 dGL=0 
[2026-06-15 08:06:43] snap PSS=385.9MB GL=4.9MB dPSS=-61.1 dGL=0 
[2026-06-15 08:36:44] snap PSS=388.3MB GL=4.9MB dPSS=2.1 dGL=0 
[2026-06-15 09:06:45] snap PSS=474.8MB GL=8.3MB dPSS= dGL= 
[2026-06-15 09:36:48] snap PSS=MB GL=MB dPSS= dGL= GL_RECOVERED idle_ok
[2026-06-15 10:06:49] snap PSS=334.2MB GL=4.4MB dPSS= dGL= 
[2026-06-15 10:36:50] ALERT GL +24.8MB
[2026-06-15 10:36:50] snap PSS=730.7MB GL=70.3MB dPSS=40.9 dGL=24.8 GL_SPIKE suspect=hub_skia_orbit_nebula_combat
[2026-06-15 11:06:51] snap PSS=726.5MB GL=48.6MB dPSS=-23 dGL=0.2 
[2026-06-15 11:36:52] snap PSS=727.5MB GL=48.6MB dPSS=-8.5 dGL=-0.4 
[2026-06-15 12:06:53] snap PSS=647.5MB GL=48.8MB dPSS=-73.8 dGL=0.2 
[2026-06-15 12:36:56] snap PSS=629.3MB GL=48.7MB dPSS=-17.3 dGL=0 
[2026-06-15 13:06:57] snap PSS=631.7MB GL=48.7MB dPSS=-3.3 dGL=0 
[2026-06-15 13:36:58] snap PSS=641.3MB GL=37.7MB dPSS=3.1 dGL=-0.2 
[2026-06-15 14:06:59] snap PSS=650.7MB GL=25.6MB dPSS=20.7 dGL=-12.1 GL_RECOVERED idle_ok
[2026-06-15 14:37:00] ALERT PSS +101.3MB
[2026-06-15 14:37:00] snap PSS=797.7MB GL=41.2MB dPSS=101.3 dGL=-6.5 PSS_SPIKE review=graphics+native
