[2026-07-17 11:31:15] monitor start package=com.arcfire.online interval=15m rules=v2(hub_activation_excluded)
[2026-07-17 11:31:15] meminfo -> D:\arcfire20260607\tools\long-run-monitor\logs\meminfo-20260717-113115.log
[2026-07-17 11:31:15] timeline -> D:\arcfire20260607\tools\long-run-monitor\logs\mem-timeline.csv
[2026-07-17 11:31:15] alerts -> D:\arcfire20260607\tools\long-run-monitor\logs\mem-alerts.log
[2026-07-17 11:31:15] FOCUS: hub Skia orbit + nebula + combat ??restart only active hub GL>=80MB or 3x dGL>=8MB
[2026-07-17 11:31:21] snap PSS=433.2MB GL=135.2MB views=556 dPSS= dGL= 
[2026-07-17 11:46:56] snap PSS=507.2MB GL=195.7MB views=556 dPSS= dGL= 
[2026-07-17 12:02:20] WARN: com.arcfire.online not running
[2026-07-17 12:17:23] snap PSS=726.3MB GL=106.1MB views=47 dPSS= dGL= 
[2026-07-17 12:32:50] snap PSS=668.2MB GL=30.4MB views=369 dPSS= dGL= 
[2026-07-17 12:48:22] snap PSS=686.7MB GL=30.4MB views=369 dPSS=18.5 dGL=0 
[2026-07-17 13:03:45] snap PSS=703.8MB GL=31MB views=394 dPSS=17.1 dGL=0.6 
[2026-07-17 13:19:08] snap PSS=685.8MB GL=32.1MB views=369 dPSS=-18 dGL=1.1 
[2026-07-17 13:34:31] snap PSS=678.8MB GL=34.4MB views=370 dPSS=-7 dGL=2.3 
[2026-07-17 13:49:57] snap PSS=700.4MB GL=33MB views=381 dPSS=21.6 dGL=-1.4 
[2026-07-17 14:05:21] snap PSS=674.9MB GL=32.4MB views=370 dPSS=-25.5 dGL=-0.6 
[2026-07-17 14:20:46] snap PSS=615.8MB GL=34.5MB views=370 dPSS=-59.1 dGL=2.1 
[2026-07-17 14:36:12] snap PSS=625MB GL=34.5MB views=366 dPSS=9.2 dGL=0 
[2026-07-17 14:51:37] snap PSS=614.6MB GL=32.5MB views=370 dPSS=-10.4 dGL=-2 
[2026-07-17 15:07:01] snap PSS=610.2MB GL=28.4MB views=364 dPSS=-4.4 dGL=-4.1 
[2026-07-17 15:22:25] snap PSS=617.3MB GL=32.5MB views=362 dPSS=7.1 dGL=4.1 
[2026-07-17 15:37:48] snap PSS=611.5MB GL=34.5MB views=364 dPSS=-5.8 dGL=2 
[2026-07-17 15:53:12] snap PSS=623.2MB GL=32.5MB views=364 dPSS=11.7 dGL=-2 
[2026-07-17 16:08:36] snap PSS=637.5MB GL=34.5MB views=364 dPSS=14.3 dGL=2 
[2026-07-17 16:24:03] snap PSS=643.7MB GL=32.9MB views=389 dPSS=6.2 dGL=-1.6 
[2026-07-17 16:39:26] snap PSS=634.8MB GL=34.7MB views=357 dPSS=-8.9 dGL=1.8 
[2026-07-17 16:54:50] snap PSS=638.2MB GL=32.7MB views=364 dPSS=3.4 dGL=-2 
[2026-07-17 17:10:15] snap PSS=630MB GL=32.7MB views=364 dPSS=-8.2 dGL=0 
[2026-07-17 17:25:40] snap PSS=633.2MB GL=32.7MB views=357 dPSS=3.2 dGL=0 
[2026-07-17 17:41:01] snap PSS=648.5MB GL=35.3MB views=389 dPSS=15.3 dGL=2.6 
[2026-07-17 17:56:25] snap PSS=621.6MB GL=32.7MB views=364 dPSS=-26.9 dGL=-2.6 
[2026-07-17 18:11:49] snap PSS=650.7MB GL=34.8MB views=376 dPSS=29.1 dGL=2.1 
[2026-07-17 18:27:12] snap PSS=641MB GL=34.7MB views=366 dPSS=-9.7 dGL=-0.1 
[2026-07-17 18:42:36] snap PSS=652.9MB GL=37.3MB views=395 dPSS=11.9 dGL=2.6 
[2026-07-17 18:58:01] snap PSS=649.9MB GL=32.8MB views=373 dPSS=-3 dGL=-4.5 
[2026-07-17 19:13:26] snap PSS=623.7MB GL=32.7MB views=370 dPSS=-26.2 dGL=-0.1 
[2026-07-17 19:28:51] snap PSS=619MB GL=32.7MB views=370 dPSS=-4.7 dGL=0 
[2026-07-17 19:44:16] snap PSS=622.1MB GL=34.7MB views=366 dPSS=3.1 dGL=2 
[2026-07-17 19:59:42] snap PSS=644.9MB GL=34.9MB views=391 dPSS=22.8 dGL=0.2 
[2026-07-17 20:15:07] snap PSS=541MB GL=8.4MB views=99 dPSS= dGL= 
[2026-07-17 20:30:37] snap PSS=556.3MB GL=30.4MB views=53 dPSS= dGL= 
[2026-07-17 20:46:06] snap PSS=518.4MB GL=30.4MB views=56 dPSS= dGL= 
[2026-07-17 21:01:32] snap PSS=551.9MB GL=36.2MB views=133 dPSS= dGL= 
[2026-07-17 21:16:58] snap PSS=493.6MB GL=8.3MB views=99 dPSS= dGL= 
[2026-07-17 21:32:22] snap PSS=497.2MB GL=28.9MB views=53 dPSS= dGL= 
[2026-07-17 21:47:47] snap PSS=491.1MB GL=28.9MB views=53 dPSS=-6.1 dGL=0 
[2026-07-17 22:03:11] snap PSS=488.3MB GL=28.9MB views=53 dPSS=-2.8 dGL=0 
[2026-07-17 22:18:36] snap PSS=500.8MB GL=30.8MB views=53 dPSS=12.5 dGL=1.9 
[2026-07-17 22:34:00] snap PSS=493MB GL=30.8MB views=53 dPSS=-7.8 dGL=0 
[2026-07-17 22:49:24] snap PSS=495MB GL=30.8MB views=53 dPSS=2 dGL=0 
[2026-07-17 23:04:47] snap PSS=492MB GL=30.8MB views=53 dPSS=-3 dGL=0 
[2026-07-17 23:20:11] snap PSS=469.4MB GL=30.8MB views=53 dPSS=-22.6 dGL=0 
[2026-07-17 23:35:36] snap PSS=472.4MB GL=30.8MB views=53 dPSS=3 dGL=0 
[2026-07-17 23:51:02] snap PSS=464.5MB GL=30.8MB views=53 dPSS=-7.9 dGL=0 
[2026-07-18 00:06:27] snap PSS=479.9MB GL=30.8MB views=53 dPSS=15.4 dGL=0 
[2026-07-18 00:21:52] snap PSS=480.9MB GL=30.8MB views=53 dPSS=1 dGL=0 
[2026-07-18 00:37:16] snap PSS=474.5MB GL=30.8MB views=53 dPSS=-6.4 dGL=0 
[2026-07-18 00:52:41] snap PSS=467.8MB GL=30.8MB views=53 dPSS=-6.7 dGL=0 
[2026-07-18 01:08:05] snap PSS=476.5MB GL=30.8MB views=53 dPSS=8.7 dGL=0 
[2026-07-18 01:23:31] snap PSS=445MB GL=30.8MB views=53 dPSS=-31.5 dGL=0 
[2026-07-18 01:38:56] snap PSS=454.4MB GL=30.8MB views=53 dPSS=9.4 dGL=0 
[2026-07-18 01:54:20] snap PSS=453MB GL=30.8MB views=53 dPSS=-1.4 dGL=0 
[2026-07-18 02:09:45] snap PSS=446.2MB GL=30.8MB views=53 dPSS=-6.8 dGL=0 
[2026-07-18 02:25:05] snap PSS=441.5MB GL=30.8MB views=53 dPSS=-4.7 dGL=0 
[2026-07-18 02:40:30] snap PSS=450.7MB GL=30.8MB views=53 dPSS=9.2 dGL=0 
[2026-07-18 02:55:53] snap PSS=439.8MB GL=30.8MB views=53 dPSS=-10.9 dGL=0 
[2026-07-18 03:11:16] snap PSS=448.7MB GL=30.8MB views=53 dPSS=8.9 dGL=0 
[2026-07-18 03:26:39] snap PSS=437.1MB GL=30.8MB views=53 dPSS=-11.6 dGL=0 
[2026-07-18 03:42:03] snap PSS=445.2MB GL=30.8MB views=53 dPSS=8.1 dGL=0 
[2026-07-18 03:57:28] snap PSS=441.3MB GL=30.8MB views=53 dPSS=-3.9 dGL=0 
[2026-07-18 04:12:53] snap PSS=439.5MB GL=30.8MB views=53 dPSS=-1.8 dGL=0 
[2026-07-18 04:28:18] snap PSS=444.3MB GL=30.8MB views=53 dPSS=4.8 dGL=0 
[2026-07-18 04:43:43] snap PSS=440.7MB GL=30.8MB views=53 dPSS=-3.6 dGL=0 
[2026-07-18 04:59:08] snap PSS=440.6MB GL=30.8MB views=53 dPSS=-0.1 dGL=0 
[2026-07-18 05:14:32] snap PSS=441.6MB GL=30.8MB views=53 dPSS=1 dGL=0 
[2026-07-18 05:29:57] snap PSS=440.6MB GL=30.8MB views=53 dPSS=-1 dGL=0 
[2026-07-18 05:45:29] INFO hub activation GL 30.8->41.3MB views 53->401 (no restart)
[2026-07-18 05:45:29] snap PSS=618.4MB GL=41.3MB views=401 dPSS=177.8 dGL=10.5 HUB_ACTIVATION gl_mount_ok
[2026-07-18 06:00:56] snap PSS=654.4MB GL=41.6MB views=375 dPSS=36 dGL=0.3 
[2026-07-18 06:16:22] snap PSS=595.1MB GL=17.3MB views=99 dPSS=-59.3 dGL=-24.3 GL_RECOVERED idle_ok
[2026-07-18 06:31:48] WARN: com.arcfire.online not running
[2026-07-18 06:46:53] snap PSS=677.5MB GL=36.5MB views=403 dPSS= dGL= 
[2026-07-18 07:02:25] snap PSS=666MB GL=39.5MB views=375 dPSS= dGL= 
[2026-07-18 07:17:50] snap PSS=681.9MB GL=38.5MB views=374 dPSS=15.9 dGL=-1 
[2026-07-18 07:33:17] snap PSS=679.9MB GL=38.6MB views=375 dPSS=-2 dGL=0.1 
[2026-07-18 07:48:42] snap PSS=681.2MB GL=40.6MB views=377 dPSS=1.3 dGL=2 
[2026-07-18 08:04:07] snap PSS=668.1MB GL=38.6MB views=375 dPSS=-13.1 dGL=-2 
[2026-07-18 08:19:31] snap PSS=662.6MB GL=38.7MB views=375 dPSS=-5.5 dGL=0.1 
[2026-07-18 08:34:55] snap PSS=655MB GL=38.7MB views=375 dPSS=-7.6 dGL=0 
[2026-07-18 08:50:21] snap PSS=653.8MB GL=37.5MB views=375 dPSS=-1.2 dGL=-1.2 
[2026-07-18 09:05:45] snap PSS=633.8MB GL=37.6MB views=374 dPSS=-20 dGL=0.1 
[2026-07-18 09:21:09] snap PSS=617.3MB GL=37.6MB views=375 dPSS=-16.5 dGL=0 
[2026-07-18 09:36:34] snap PSS=587.9MB GL=37.6MB views=376 dPSS=-29.4 dGL=0 
[2026-07-18 09:52:00] snap PSS=588.5MB GL=37.6MB views=376 dPSS=0.6 dGL=0 
[2026-07-18 10:07:24] snap PSS=622.3MB GL=42.2MB views=390 dPSS=33.8 dGL=4.6 
[2026-07-18 10:22:49] snap PSS=596.5MB GL=37.7MB views=376 dPSS=-25.8 dGL=-4.5 
[2026-07-18 10:38:16] snap PSS=594.1MB GL=37.7MB views=376 dPSS=-2.4 dGL=0 
[2026-07-18 10:53:40] snap PSS=612.8MB GL=38.3MB views=395 dPSS=16.3 dGL=0.6 
[2026-07-18 11:09:05] snap PSS=587.9MB GL=37.7MB views=376 dPSS=-24.9 dGL=-0.6 
[2026-07-18 11:24:29] snap PSS=602MB GL=39.7MB views=375 dPSS=14.1 dGL=2 
[2026-07-18 11:39:56] snap PSS=598.6MB GL=37.7MB views=376 dPSS=-3.4 dGL=-2 
[2026-07-18 11:55:20] snap PSS=591.2MB GL=37.7MB views=376 dPSS=-7.4 dGL=0 
[2026-07-18 12:10:45] snap PSS=596.6MB GL=37.7MB views=376 dPSS=5.4 dGL=0 
[2026-07-18 12:26:10] snap PSS=597.9MB GL=37.7MB views=374 dPSS=1.3 dGL=0 
[2026-07-18 12:41:36] ALERT GL +125.9MB active hub views=549
[2026-07-18 12:41:36] snap PSS=764.6MB GL=163.6MB views=549 dPSS=166.7 dGL=125.9 GL_SPIKE suspect=hub_skia_orbit_nebula_combat
[2026-07-18 12:57:02] snap PSS=778.8MB GL=163.6MB views=549 dPSS=14.2 dGL=0 
[2026-07-18 13:12:27] snap PSS=775.4MB GL=163.6MB views=549 dPSS=-3.4 dGL=0 
[2026-07-18 13:27:52] snap PSS=659.9MB GL=42.9MB views=380 dPSS=-115.5 dGL=-120.7 GL_RECOVERED idle_ok
[2026-07-18 13:43:17] snap PSS=636.5MB GL=44.3MB views=376 dPSS=-23.4 dGL=1.4 
[2026-07-18 13:58:42] snap PSS=637.8MB GL=44.3MB views=375 dPSS=1.3 dGL=0 
[2026-07-18 14:14:07] snap PSS=631.7MB GL=42.2MB views=375 dPSS=-6.1 dGL=-2.1 
[2026-07-18 14:29:32] snap PSS=668.1MB GL=48.9MB views=393 dPSS=36.4 dGL=6.7 
[2026-07-18 14:44:57] snap PSS=656MB GL=48.3MB views=375 dPSS=-12.1 dGL=-0.6 
[2026-07-18 15:00:23] snap PSS=635.3MB GL=35.3MB views=376 dPSS=-20.7 dGL=-13 GL_RECOVERED idle_ok
[2026-07-18 15:15:47] snap PSS=647.7MB GL=35.5MB views=393 dPSS=12.4 dGL=0.2 
[2026-07-18 15:31:14] snap PSS=645.3MB GL=35.6MB views=401 dPSS=-2.4 dGL=0.1 
[2026-07-18 15:46:40] snap PSS=653.4MB GL=35.5MB views=401 dPSS=8.1 dGL=-0.1 
[2026-07-18 16:02:04] snap PSS=634MB GL=37.3MB views=376 dPSS=-19.4 dGL=1.8 
[2026-07-18 16:17:29] snap PSS=636.1MB GL=37.3MB views=375 dPSS=2.1 dGL=0 
[2026-07-18 16:32:55] snap PSS=650MB GL=35.3MB views=375 dPSS=13.9 dGL=-2 
[2026-07-18 16:48:20] snap PSS=654.8MB GL=37.4MB views=383 dPSS=4.8 dGL=2.1 
[2026-07-18 17:03:45] snap PSS=633.3MB GL=35.3MB views=373 dPSS=-21.5 dGL=-2.1 
[2026-07-18 17:19:11] snap PSS=642.4MB GL=35.4MB views=379 dPSS=9.1 dGL=0.1 
[2026-07-18 17:34:36] snap PSS=644.1MB GL=35.4MB views=377 dPSS=1.7 dGL=0 
[2026-07-18 17:50:01] snap PSS=648.5MB GL=35.4MB views=375 dPSS=4.4 dGL=0 
[2026-07-18 18:05:26] snap PSS=643.7MB GL=31.3MB views=378 dPSS=-4.8 dGL=-4.1 
[2026-07-18 18:20:53] snap PSS=651.3MB GL=36MB views=380 dPSS=7.6 dGL=4.7 
[2026-07-18 18:36:18] snap PSS=664.1MB GL=35.7MB views=401 dPSS=12.8 dGL=-0.3 
[2026-07-18 18:51:44] snap PSS=652.6MB GL=37.4MB views=376 dPSS=-11.5 dGL=1.7 
[2026-07-18 19:07:09] snap PSS=660.6MB GL=35.4MB views=376 dPSS=8 dGL=-2 
[2026-07-18 19:22:33] snap PSS=662.8MB GL=35.4MB views=376 dPSS=2.2 dGL=0 
[2026-07-18 19:38:02] snap PSS=670.9MB GL=35.7MB views=401 dPSS=8.1 dGL=0.3 
[2026-07-18 19:53:28] snap PSS=648.8MB GL=35.4MB views=374 dPSS=-22.1 dGL=-0.3 
[2026-07-18 20:08:53] snap PSS=648.1MB GL=35.4MB views=375 dPSS=-0.7 dGL=0 
[2026-07-18 20:24:21] snap PSS=653MB GL=35.4MB views=376 dPSS=4.9 dGL=0 
[2026-07-18 20:39:48] snap PSS=658.7MB GL=35.4MB views=376 dPSS=5.7 dGL=0 
[2026-07-18 20:55:17] snap PSS=661.3MB GL=35.4MB views=376 dPSS=2.6 dGL=0 
[2026-07-18 21:10:41] snap PSS=674.3MB GL=35.7MB views=400 dPSS=13 dGL=0.3 
[2026-07-18 21:26:06] snap PSS=691.9MB GL=42MB views=383 dPSS=17.6 dGL=6.3 
[2026-07-18 21:41:30] snap PSS=665.4MB GL=35.4MB views=375 dPSS=-26.5 dGL=-6.6 GL_RECOVERED idle_ok
[2026-07-18 21:56:55] snap PSS=682MB GL=39.7MB views=392 dPSS=16.6 dGL=4.3 
[2026-07-18 22:12:19] snap PSS=673.7MB GL=37.4MB views=376 dPSS=-8.3 dGL=-2.3 
[2026-07-18 22:27:43] snap PSS=660MB GL=35.4MB views=376 dPSS=-13.7 dGL=-2 
[2026-07-18 22:43:11] snap PSS=671.8MB GL=35.4MB views=375 dPSS=11.8 dGL=0 
[2026-07-18 22:58:38] snap PSS=668.3MB GL=35.4MB views=376 dPSS=-3.5 dGL=0 
[2026-07-18 23:14:03] snap PSS=672.9MB GL=35.6MB views=393 dPSS=4.6 dGL=0.2 
[2026-07-18 23:29:28] snap PSS=677.2MB GL=35.4MB views=376 dPSS=4.3 dGL=-0.2 
[2026-07-18 23:44:53] snap PSS=680.4MB GL=37.4MB views=375 dPSS=3.2 dGL=2 
[2026-07-19 00:00:18] ALERT GL +96.3MB active hub views=550
[2026-07-19 00:00:18] snap PSS=824MB GL=133.7MB views=550 dPSS=143.6 dGL=96.3 GL_SPIKE suspect=hub_skia_orbit_nebula_combat
