[2026-06-23 20:43:27] monitor start package=com.arcfire.online interval=10m rules=v2(hub_activation_excluded)
[2026-06-23 20:43:27] meminfo -> D:\arcfire20260607\tools\long-run-monitor\logs\meminfo-20260623-204327.log
[2026-06-23 20:43:27] timeline -> D:\arcfire20260607\tools\long-run-monitor\logs\mem-timeline.csv
[2026-06-23 20:43:27] alerts -> D:\arcfire20260607\tools\long-run-monitor\logs\mem-alerts.log
[2026-06-23 20:43:27] FOCUS: hub Skia orbit + nebula + combat ??restart only active hub GL>=80MB or 3x dGL>=8MB
[2026-06-23 20:43:30] snap PSS=987.2MB GL=46.8MB views=326 dPSS=-20.7 dGL=0 
[2026-06-23 20:53:35] snap PSS=1013.3MB GL=47MB views=326 dPSS=26.1 dGL=0.2 
[2026-06-23 21:03:39] snap PSS=837.7MB GL=50MB views=310 dPSS=-175.6 dGL=3 
[2026-06-23 21:13:43] snap PSS=650.2MB GL=48.3MB views=289 dPSS= dGL= 
[2026-06-23 21:23:47] snap PSS=775.6MB GL=145.5MB views=939 dPSS= dGL= 
[2026-06-23 21:33:50] snap PSS=767MB GL=71.4MB views=293 dPSS=-8.6 dGL=-74.1 GL_RECOVERED idle_ok
[2026-06-23 21:43:54] snap PSS=632.8MB GL=45.8MB views=315 dPSS= dGL= 
[2026-06-23 21:53:59] snap PSS=635MB GL=53.9MB views=289 dPSS= dGL= 
[2026-06-23 22:04:04] snap PSS=651.9MB GL=51.9MB views=293 dPSS=16.9 dGL=-2 
[2026-06-23 22:14:09] snap PSS=669.6MB GL=52.2MB views=298 dPSS=17.7 dGL=0.3 
[2026-06-23 22:24:17] ALERT GL +9.9MB active hub views=302
[2026-06-23 22:24:17] snap PSS=702.9MB GL=62.1MB views=302 dPSS=33.3 dGL=9.9 GL_SPIKE suspect=hub_skia_orbit_nebula_combat
[2026-06-23 22:34:24] snap PSS=666.3MB GL=57.4MB views=293 dPSS=-36.6 dGL=-4.7 
[2026-06-23 22:44:30] snap PSS=675.2MB GL=57.7MB views=293 dPSS=8.9 dGL=0.3 
[2026-06-23 22:54:36] snap PSS=513.3MB GL=8.4MB views=98 dPSS= dGL= 
[2026-06-23 23:04:42] snap PSS=789.9MB GL=43.9MB views=295 dPSS= dGL= 
[2026-06-23 23:14:49] ALERT GL +10.9MB active hub views=300
[2026-06-23 23:14:49] snap PSS=846.7MB GL=54.8MB views=300 dPSS=56.8 dGL=10.9 GL_SPIKE suspect=hub_skia_orbit_nebula_combat
[2026-06-23 23:24:54] snap PSS=686.1MB GL=47.5MB views=287 dPSS=-160.6 dGL=-7.3 GL_RECOVERED idle_ok
[2026-06-23 23:35:01] ALERT PSS +61.3MB
[2026-06-23 23:35:01] snap PSS=747.4MB GL=46.6MB views=366 dPSS=61.3 dGL=-0.9 PSS_SPIKE review=graphics+native
[2026-06-23 23:45:09] ALERT GL +33.2MB active hub views=922
[2026-06-23 23:45:09] snap PSS=774MB GL=79.8MB views=922 dPSS=26.6 dGL=33.2 GL_SPIKE suspect=hub_skia_orbit_nebula_combat
[2026-06-23 23:55:14] snap PSS=787.6MB GL=80.4MB views=317 dPSS=13.6 dGL=0.6 
[2026-06-24 00:05:20] snap PSS=795.6MB GL=80.4MB views=320 dPSS=8 dGL=0 
[2026-06-24 00:15:25] ALERT GL +181.7MB active hub views=951
[2026-06-24 00:15:25] ALERT GL/PSS hard-ceiling breach gl=262.1MB pss=1006.9MB ??defer remediation to check-and-remediate
[2026-06-24 00:15:25] snap PSS=1006.9MB GL=262.1MB views=951 dPSS=211.3 dGL=181.7 GL_SPIKE suspect=hub_skia_orbit_nebula_combat
[2026-06-24 00:25:30] snap PSS=969.6MB GL=160.4MB views=960 dPSS=-37.3 dGL=-101.7 GL_RECOVERED idle_ok
[2026-06-24 00:35:36] snap PSS=884.9MB GL=54.3MB views=118 dPSS=-84.7 dGL=-106.1 GL_RECOVERED idle_ok
[2026-06-24 00:45:41] INFO hub activation GL 54.3->175.2MB views 118->311 (no restart)
[2026-06-24 00:45:41] snap PSS=1166MB GL=175.2MB views=311 dPSS=281.1 dGL=120.9 HUB_ACTIVATION gl_mount_ok
[2026-06-24 00:55:47] snap PSS=1064.7MB GL=68.9MB views=290 dPSS=-101.3 dGL=-106.3 GL_RECOVERED idle_ok
[2026-06-24 01:05:52] snap PSS=1063.6MB GL=69.3MB views=317 dPSS=7 dGL=0.4 
[2026-06-24 01:15:58] snap PSS=801.2MB GL=46.4MB views=118 dPSS=-262.4 dGL=-22.9 GL_RECOVERED idle_ok
[2026-06-24 01:26:03] ALERT PSS +71.4MB
[2026-06-24 01:26:03] snap PSS=872.6MB GL=53.5MB views=298 dPSS=71.4 dGL=7.1 PSS_SPIKE review=graphics+native
[2026-06-24 01:36:08] snap PSS=863.7MB GL=53.5MB views=298 dPSS=-8.9 dGL=0 
[2026-06-24 01:46:13] snap PSS=866.7MB GL=53.5MB views=305 dPSS=3 dGL=0 
[2026-06-24 01:56:19] snap PSS=873MB GL=53.7MB views=298 dPSS=6.3 dGL=0.2 
[2026-06-24 02:06:26] snap PSS=882.1MB GL=56.6MB views=302 dPSS=9.1 dGL=2.9 
[2026-06-24 02:16:31] snap PSS=882MB GL=54.6MB views=298 dPSS=-0.1 dGL=-2 
[2026-06-24 02:26:37] snap PSS=885.9MB GL=56.6MB views=302 dPSS=3.9 dGL=2 
[2026-06-24 02:36:42] snap PSS=893.2MB GL=54.9MB views=327 dPSS=7.3 dGL=-1.7 
[2026-06-24 02:46:47] snap PSS=883.1MB GL=56.6MB views=302 dPSS=-10.1 dGL=1.7 
[2026-06-24 02:56:53] snap PSS=881.8MB GL=54.6MB views=302 dPSS=-1.3 dGL=-2 
[2026-06-24 03:06:58] snap PSS=876.8MB GL=54.6MB views=298 dPSS=-5 dGL=0 
[2026-06-24 03:17:03] snap PSS=874.1MB GL=54.6MB views=302 dPSS=-2.7 dGL=0 
[2026-06-24 03:27:08] snap PSS=899.9MB GL=55.3MB views=307 dPSS=25.8 dGL=0.7 
[2026-06-24 03:37:13] snap PSS=872.6MB GL=54.6MB views=302 dPSS=-27.3 dGL=-0.7 
[2026-06-24 03:47:19] snap PSS=871.1MB GL=54.6MB views=302 dPSS=-1.5 dGL=0 
[2026-06-24 03:57:24] snap PSS=892.2MB GL=56.8MB views=321 dPSS=21.1 dGL=2.2 
[2026-06-24 04:07:29] snap PSS=874.9MB GL=56.6MB views=302 dPSS=-17.3 dGL=-0.2 
[2026-06-24 04:17:34] snap PSS=864.8MB GL=54.6MB views=306 dPSS=-10.1 dGL=-2 
[2026-06-24 04:27:40] snap PSS=860.3MB GL=54.6MB views=302 dPSS=-4.5 dGL=0 
[2026-06-24 04:37:45] snap PSS=865.1MB GL=54.6MB views=306 dPSS=4.8 dGL=0 
[2026-06-24 04:47:50] snap PSS=888.3MB GL=54.9MB views=327 dPSS=23.2 dGL=0.3 
[2026-06-24 04:57:55] snap PSS=880.9MB GL=56.6MB views=302 dPSS=-7.4 dGL=1.7 
[2026-06-24 05:07:59] snap PSS=874.1MB GL=56.6MB views=306 dPSS=-6.8 dGL=0 
[2026-06-24 05:18:04] snap PSS=882.7MB GL=56.6MB views=302 dPSS=8.6 dGL=0 
[2026-06-24 05:28:09] snap PSS=877MB GL=54.6MB views=306 dPSS=-5.7 dGL=-2 
[2026-06-24 05:38:14] snap PSS=884.9MB GL=54.9MB views=327 dPSS=7.9 dGL=0.3 
[2026-06-24 05:48:19] snap PSS=875.5MB GL=56.6MB views=306 dPSS=-9.4 dGL=1.7 
[2026-06-24 05:58:24] snap PSS=883.7MB GL=56.6MB views=306 dPSS=8.2 dGL=0 
[2026-06-24 06:08:29] snap PSS=872.4MB GL=56.6MB views=306 dPSS=-11.3 dGL=0 
[2026-06-24 06:18:34] snap PSS=886.7MB GL=56.6MB views=306 dPSS=14.3 dGL=0 
[2026-06-24 06:28:39] snap PSS=893.3MB GL=54.9MB views=331 dPSS=6.6 dGL=-1.7 
[2026-06-24 06:38:45] snap PSS=875.6MB GL=54.6MB views=306 dPSS=-17.7 dGL=-0.3 
[2026-06-24 06:48:50] snap PSS=875.3MB GL=54.6MB views=298 dPSS=-0.3 dGL=0 
[2026-06-24 06:58:55] snap PSS=879.5MB GL=54.6MB views=306 dPSS=4.2 dGL=0 
[2026-06-24 07:09:00] snap PSS=879.5MB GL=56.6MB views=306 dPSS=0 dGL=2 
[2026-06-24 07:19:05] snap PSS=903.2MB GL=54.9MB views=331 dPSS=23.7 dGL=-1.7 
[2026-06-24 07:29:10] snap PSS=885.2MB GL=56.6MB views=306 dPSS=-18 dGL=1.7 
[2026-06-24 07:39:15] snap PSS=883.7MB GL=54.6MB views=310 dPSS=-1.5 dGL=-2 
[2026-06-24 07:49:20] snap PSS=892.9MB GL=56.6MB views=306 dPSS=9.2 dGL=2 
[2026-06-24 07:59:25] snap PSS=897.5MB GL=54.6MB views=310 dPSS=4.6 dGL=-2 
[2026-06-24 08:09:30] snap PSS=647.6MB GL=38.1MB views=282 dPSS= dGL= 
[2026-06-24 08:19:35] snap PSS=627.7MB GL=38.1MB views=274 dPSS= dGL= 
[2026-06-24 08:29:40] snap PSS=624.6MB GL=40.2MB views=290 dPSS=-3.1 dGL=2.1 
[2026-06-24 08:39:45] snap PSS=637.5MB GL=43.6MB views=375 dPSS=12.9 dGL=3.4 
[2026-06-24 08:49:51] ALERT GL +10.6MB active hub views=390
[2026-06-24 08:49:51] snap PSS=789.6MB GL=54.2MB views=390 dPSS=152.1 dGL=10.6 GL_SPIKE suspect=hub_skia_orbit_nebula_combat
[2026-06-24 08:59:59] snap PSS=753.4MB GL=43.5MB views=362 dPSS=-36.2 dGL=-10.7 GL_RECOVERED idle_ok
[2026-06-24 09:10:06] snap PSS=790.7MB GL=50.1MB views=1210 dPSS=37.3 dGL=6.6 
[2026-06-24 09:20:11] ALERT GL +93.9MB active hub views=900
[2026-06-24 09:20:11] snap PSS=829.1MB GL=144MB views=900 dPSS=38.4 dGL=93.9 GL_SPIKE suspect=hub_skia_orbit_nebula_combat
[2026-06-24 09:30:17] snap PSS=854.8MB GL=36MB views=402 dPSS=25.7 dGL=-108 GL_RECOVERED idle_ok
[2026-06-24 09:40:23] ALERT GL +27.2MB active hub views=296
[2026-06-24 09:40:23] snap PSS=879.8MB GL=63.2MB views=296 dPSS=25 dGL=27.2 GL_SPIKE suspect=hub_skia_orbit_nebula_combat
[2026-06-24 09:50:28] snap PSS=900.5MB GL=55.1MB views=319 dPSS=20.7 dGL=-8.1 GL_RECOVERED idle_ok
[2026-06-24 10:00:34] snap PSS=1082.7MB GL=120.6MB views=293 dPSS=-35.4 dGL=7.6 
[2026-06-24 10:11:22] snap PSS=518.2MB GL=9MB views=98 dPSS= dGL= 
[2026-06-24 10:21:27] snap PSS=543MB GL=9MB views=98 dPSS=24.8 dGL=0 
[2026-06-24 10:31:34] INFO hub activation GL 9->133MB views 98->284 (no restart)
[2026-06-24 10:31:34] snap PSS=816MB GL=133MB views=284 dPSS=273 dGL=124 HUB_ACTIVATION gl_mount_ok
[2026-06-24 10:41:40] ALERT GL +93.6MB active hub views=293
[2026-06-24 10:41:40] ALERT GL/PSS hard-ceiling breach gl=226.6MB pss=959.9MB ??defer remediation to check-and-remediate
[2026-06-24 10:41:41] snap PSS=959.9MB GL=226.6MB views=293 dPSS=143.9 dGL=93.6 GL_SPIKE suspect=hub_skia_orbit_nebula_combat
[2026-06-24 10:52:30] snap PSS=513.8MB GL=7MB views=98 dPSS= dGL= 
[2026-06-24 11:02:35] snap PSS=540.1MB GL=7MB views=98 dPSS=26.3 dGL=0 
[2026-06-24 11:12:40] INFO hub activation GL 7->46.5MB views 98->290 (no restart)
[2026-06-24 11:12:40] snap PSS=757MB GL=46.5MB views=290 dPSS=216.9 dGL=39.5 HUB_ACTIVATION gl_mount_ok
[2026-06-24 11:22:46] ALERT PSS +76.5MB
[2026-06-24 11:22:46] snap PSS=833.5MB GL=47.5MB views=302 dPSS=76.5 dGL=1 PSS_SPIKE review=graphics+native
[2026-06-24 11:32:51] WARN: com.arcfire.online not running
[2026-06-24 11:42:53] snap PSS=790.1MB GL=121.4MB views=284 dPSS= dGL= 
[2026-06-24 11:52:58] snap PSS=948.1MB GL=216.1MB views=388 dPSS= dGL= 
