[2026-06-26 01:44:12] monitor start package=com.arcfire.online interval=10m rules=v2(hub_activation_excluded)
[2026-06-26 01:44:12] meminfo -> D:\arcfire20260607\tools\long-run-monitor\logs\meminfo-20260626-014412.log
[2026-06-26 01:44:13] timeline -> D:\arcfire20260607\tools\long-run-monitor\logs\mem-timeline.csv
[2026-06-26 01:44:13] alerts -> D:\arcfire20260607\tools\long-run-monitor\logs\mem-alerts.log
[2026-06-26 01:44:13] FOCUS: hub Skia orbit + nebula + combat ??restart only active hub GL>=80MB or 3x dGL>=8MB
[2026-06-26 01:44:16] ALERT GL +26.6MB active hub views=282
[2026-06-26 01:44:16] snap PSS=901MB GL=67.1MB views=282 dPSS=116.5 dGL=26.6 GL_SPIKE suspect=hub_skia_orbit_nebula_combat
[2026-06-26 01:54:38] snap PSS=899.1MB GL=65.3MB views=282 dPSS=0.7 dGL=0.1 
[2026-06-26 02:04:57] snap PSS=892.5MB GL=43MB views=293 dPSS=20.3 dGL=-13.8 GL_RECOVERED idle_ok
[2026-06-26 02:15:14] ALERT GL +13MB active hub views=288
[2026-06-26 02:15:14] snap PSS=932.3MB GL=55.4MB views=288 dPSS=51.9 dGL=13 GL_SPIKE suspect=hub_skia_orbit_nebula_combat
[2026-06-26 02:25:32] snap PSS=935MB GL=53.8MB views=317 dPSS=15.9 dGL=0.4 
[2026-06-26 02:35:49] snap PSS=916.6MB GL=53.6MB views=292 dPSS=-2.1 dGL=-1.9 
[2026-06-26 02:46:05] snap PSS=924.7MB GL=53.6MB views=296 dPSS=-22.2 dGL=0 
[2026-06-26 02:56:21] snap PSS=917.9MB GL=53.6MB views=296 dPSS=-5.7 dGL=0 
[2026-06-26 03:06:37] snap PSS=913.4MB GL=53.6MB views=300 dPSS=-31.8 dGL=-2.7 
[2026-06-26 03:16:53] snap PSS=938.2MB GL=55.9MB views=315 dPSS=26.5 dGL=2.3 
[2026-06-26 03:27:09] snap PSS=929MB GL=55.6MB views=296 dPSS=-10.2 dGL=2 
[2026-06-26 03:37:26] snap PSS=922.4MB GL=53.6MB views=300 dPSS=-9.7 dGL=0 
[2026-06-26 03:47:42] snap PSS=923.9MB GL=53.6MB views=300 dPSS=6.8 dGL=0 
[2026-06-26 03:57:59] snap PSS=920.1MB GL=54.1MB views=304 dPSS=-2 dGL=-1.7 
[2026-06-26 04:08:15] snap PSS=943.5MB GL=53.8MB views=319 dPSS=33.7 dGL=0.2 
[2026-06-26 04:18:32] snap PSS=914.8MB GL=53.6MB views=304 dPSS=-2.2 dGL=0 
[2026-06-26 04:28:48] snap PSS=921.3MB GL=53.6MB views=304 dPSS=-1.2 dGL=0 
[2026-06-26 04:39:05] snap PSS=925.3MB GL=53.6MB views=308 dPSS=1.7 dGL=0 
[2026-06-26 04:49:21] snap PSS=932.1MB GL=53.6MB views=308 dPSS=-20.7 dGL=-2.6 
[2026-06-26 04:59:38] snap PSS=958.5MB GL=57.9MB views=329 dPSS=10.8 dGL=4.3 
[2026-06-26 05:09:54] snap PSS=948.2MB GL=53.6MB views=308 dPSS=16.6 dGL=0 
[2026-06-26 05:20:10] snap PSS=947.1MB GL=55.6MB views=308 dPSS=0.7 dGL=2 
[2026-06-26 05:30:28] snap PSS=941.9MB GL=53.6MB views=312 dPSS=0 dGL=0 
[2026-06-26 05:40:44] snap PSS=935.4MB GL=53.6MB views=312 dPSS=-33 dGL=-2.6 
[2026-06-26 05:51:02] snap PSS=978.2MB GL=56.2MB views=335 dPSS=10.2 dGL=2.4 
[2026-06-26 06:01:19] snap PSS=951.9MB GL=53.6MB views=312 dPSS=1.5 dGL=0 
[2026-06-26 06:11:36] snap PSS=956.9MB GL=53.6MB views=312 dPSS=11.7 dGL=-2 
[2026-06-26 06:21:52] snap PSS=957.6MB GL=55.6MB views=316 dPSS=-10 dGL=0 
[2026-06-26 06:32:10] snap PSS=938.1MB GL=55.6MB views=316 dPSS=-21.2 dGL=2 
[2026-06-26 06:42:26] snap PSS=970.9MB GL=54.2MB views=325 dPSS=24.3 dGL=0.3 
[2026-06-26 06:52:43] snap PSS=954.8MB GL=55.7MB views=325 dPSS=16.9 dGL=0.1 
[2026-06-26 07:03:00] snap PSS=938.7MB GL=53.6MB views=320 dPSS=-2.2 dGL=0 
[2026-06-26 07:13:16] snap PSS=937MB GL=53.6MB views=320 dPSS=2.3 dGL=-2 
[2026-06-26 07:23:33] snap PSS=955.7MB GL=53.6MB views=320 dPSS=5.7 dGL=0 
[2026-06-26 07:33:51] snap PSS=944.6MB GL=53.8MB views=324 dPSS=-16.7 dGL=-0.4 
[2026-06-26 07:44:07] snap PSS=975.6MB GL=57.8MB views=341 dPSS=-2 dGL=4 
[2026-06-26 07:54:24] snap PSS=948MB GL=53.6MB views=320 dPSS=4.9 dGL=0 
[2026-06-26 08:04:40] snap PSS=954.5MB GL=53.6MB views=318 dPSS=7 dGL=0 
[2026-06-26 08:14:58] snap PSS=947.5MB GL=53.6MB views=320 dPSS=-25 dGL=-2 
[2026-06-26 08:25:14] snap PSS=954.8MB GL=53.9MB views=292 dPSS=-33.8 dGL=-2.3 
[2026-06-26 08:35:31] snap PSS=981.8MB GL=53.8MB views=307 dPSS=-1.3 dGL=0 
[2026-06-26 08:45:47] snap PSS=969.3MB GL=53.6MB views=292 dPSS=9 dGL=0 
[2026-06-26 08:56:04] snap PSS=915.7MB GL=53.6MB views=292 dPSS=-12.3 dGL=0 
[2026-06-26 09:06:20] snap PSS=904.4MB GL=53.6MB views=296 dPSS=-8.1 dGL=0 
[2026-06-26 09:16:37] snap PSS=928.3MB GL=54.2MB views=310 dPSS=-11.4 dGL=0 
[2026-06-26 09:26:53] snap PSS=927MB GL=53.6MB views=295 dPSS=14.8 dGL=0 
[2026-06-26 09:37:09] snap PSS=933.2MB GL=53.6MB views=296 dPSS=9.8 dGL=0 
[2026-06-26 09:47:25] snap PSS=499.9MB GL=16.5MB views=17 dPSS= dGL= 
[2026-06-26 09:57:46] ALERT GL +18.4MB active hub views=289
[2026-06-26 09:57:46] snap PSS=724.1MB GL=54.1MB views=289 dPSS=25 dGL=18.4 GL_SPIKE suspect=hub_skia_orbit_nebula_combat
[2026-06-26 10:08:05] snap PSS=703MB GL=39.1MB views=295 dPSS=8.8 dGL=2 
[2026-06-26 10:18:25] snap PSS=693.9MB GL=41.1MB views=299 dPSS=3.2 dGL=2 
[2026-06-26 10:28:44] snap PSS=685.8MB GL=41.2MB views=291 dPSS=-7.3 dGL=0.1 
[2026-06-26 10:39:03] snap PSS=435.4MB GL=16.2MB views=52 dPSS=-143.5 dGL=0 
[2026-06-26 10:49:22] snap PSS=660.8MB GL=32.6MB views=310 dPSS= dGL= 
[2026-06-26 10:59:38] WARN: com.arcfire.online not running
[2026-06-26 11:09:42] snap PSS=194.7MB GL=6.2MB views=14 dPSS= dGL= 
[2026-06-26 11:20:02] INFO hub activation GL 6.7->34.8MB views 15->286 (no restart)
[2026-06-26 11:20:02] snap PSS=688.8MB GL=34.8MB views=286 dPSS=188.7 dGL=28.1 HUB_ACTIVATION gl_mount_ok
[2026-06-26 11:30:20] snap PSS=755.8MB GL=27.6MB views=287 dPSS=-172.2 dGL=-117.1 GL_RECOVERED idle_ok
[2026-06-26 11:40:39] ALERT GL +98.8MB active hub views=928
[2026-06-26 11:40:39] snap PSS=873.5MB GL=126.5MB views=928 dPSS=103.7 dGL=98.8 GL_SPIKE suspect=hub_skia_orbit_nebula_combat
[2026-06-26 11:50:59] snap PSS=871.5MB GL=127.4MB views=928 dPSS=-6.4 dGL=0.9 
[2026-06-26 12:01:18] WARN: com.arcfire.online not running
[2026-06-26 12:11:21] snap PSS=652.8MB GL=38.5MB views=327 dPSS= dGL= 
[2026-06-26 12:21:49] snap PSS=595.3MB GL=29.6MB views=295 dPSS=-78 dGL=-11.2 GL_RECOVERED idle_ok
