[2026-06-26 03:34:20] scheduler start target=17:00 KST marker=AFTERNOON_WATCH_START
[2026-06-26 03:34:20] generating report -> D:\arcfire20260607\tools\long-run-monitor\logs\afternoon-watch-report-20260626-1700.md
[2026-06-26 03:34:32] scheduler start target=17:00 KST marker=AFTERNOON_WATCH_START
[2026-06-26 03:34:32] generating report -> D:\arcfire20260607\tools\long-run-monitor\logs\afternoon-watch-report-20260626-1700.md
[2026-06-26 03:34:37] handoff updated -> D:\arcfire20260607\tools\kim-team-lead\reports\kim-economy-handoff.md
[2026-06-26 03:34:37] DONE report=D:\arcfire20260607\tools\long-run-monitor\logs\afternoon-watch-report-20260626-1700.md
[2026-06-26 03:34:58] scheduler start target=17:00 KST marker=AFTERNOON_WATCH_START
[2026-06-26 03:34:58] wait until 17:00 KST (~300s)
[2026-06-26 03:39:58] wait until 17:00 KST (~300s)
[2026-06-26 03:44:59] wait until 17:00 KST (~300s)
[2026-06-26 03:50:00] wait until 17:00 KST (~300s)
[2026-06-26 03:55:01] wait until 17:00 KST (~300s)
[2026-06-26 04:00:02] wait until 17:00 KST (~300s)
[2026-06-26 04:05:03] wait until 17:00 KST (~300s)
[2026-06-26 04:10:04] wait until 17:00 KST (~300s)
[2026-06-26 04:15:04] wait until 17:00 KST (~300s)
[2026-06-26 04:20:05] wait until 17:00 KST (~300s)
[2026-06-26 04:25:06] wait until 17:00 KST (~300s)
[2026-06-26 04:30:07] wait until 17:00 KST (~300s)
[2026-06-26 04:35:09] wait until 17:00 KST (~300s)
[2026-06-26 04:40:09] wait until 17:00 KST (~300s)
[2026-06-26 04:45:10] wait until 17:00 KST (~300s)
[2026-06-26 04:50:11] wait until 17:00 KST (~300s)
[2026-06-26 04:55:12] wait until 17:00 KST (~300s)
[2026-06-26 05:00:13] wait until 17:00 KST (~300s)
[2026-06-26 05:05:13] wait until 17:00 KST (~300s)
[2026-06-26 05:10:14] wait until 17:00 KST (~300s)
[2026-06-26 05:15:15] wait until 17:00 KST (~300s)
[2026-06-26 05:20:16] wait until 17:00 KST (~300s)
[2026-06-26 05:25:17] wait until 17:00 KST (~300s)
[2026-06-26 05:30:17] wait until 17:00 KST (~300s)
[2026-06-26 05:35:18] wait until 17:00 KST (~300s)
[2026-06-26 05:40:19] wait until 17:00 KST (~300s)
[2026-06-26 05:45:20] wait until 17:00 KST (~300s)
[2026-06-26 05:50:21] wait until 17:00 KST (~300s)
[2026-06-26 05:55:21] wait until 17:00 KST (~300s)
[2026-06-26 06:00:22] wait until 17:00 KST (~300s)
[2026-06-26 06:05:23] wait until 17:00 KST (~300s)
[2026-06-26 06:10:24] wait until 17:00 KST (~300s)
[2026-06-26 06:15:24] wait until 17:00 KST (~300s)
[2026-06-26 06:20:25] wait until 17:00 KST (~300s)
[2026-06-26 06:25:26] wait until 17:00 KST (~300s)
[2026-06-26 06:30:27] wait until 17:00 KST (~300s)
[2026-06-26 06:35:30] wait until 17:00 KST (~300s)
[2026-06-26 06:40:31] wait until 17:00 KST (~300s)
[2026-06-26 06:45:31] wait until 17:00 KST (~300s)
[2026-06-26 06:50:32] wait until 17:00 KST (~300s)
[2026-06-26 06:55:33] wait until 17:00 KST (~300s)
[2026-06-26 07:00:34] wait until 17:00 KST (~300s)
[2026-06-26 07:05:35] wait until 17:00 KST (~300s)
[2026-06-26 07:10:36] wait until 17:00 KST (~300s)
[2026-06-26 07:15:37] wait until 17:00 KST (~300s)
[2026-06-26 07:20:38] wait until 17:00 KST (~300s)
[2026-06-26 07:25:38] wait until 17:00 KST (~300s)
[2026-06-26 07:30:39] wait until 17:00 KST (~300s)
[2026-06-26 07:35:40] wait until 17:00 KST (~300s)
[2026-06-26 07:40:41] wait until 17:00 KST (~300s)
[2026-06-26 07:45:41] wait until 17:00 KST (~300s)
[2026-06-26 07:50:42] wait until 17:00 KST (~300s)
[2026-06-26 07:55:43] wait until 17:00 KST (~256s)
[2026-06-26 08:00:01] generating report -> D:\arcfire20260607\tools\long-run-monitor\logs\afternoon-watch-report-20260626-1700.md
[2026-06-26 08:00:06] handoff updated -> D:\arcfire20260607\tools\kim-team-lead\reports\kim-economy-handoff.md
[2026-06-26 08:00:06] DONE report=D:\arcfire20260607\tools\long-run-monitor\logs\afternoon-watch-report-20260626-1700.md
