[2026-06-27 01:15:39] WATCH_OK watch=30408 report=26380
[2026-06-27 01:15:39] SCHEDULE_START until=2026-06-28 08:00:00 marker=OVERNIGHT_WATCH_UNTIL_8AM scheduler_pid=30092
[2026-06-27 01:45:39] WATCH_OK watch=30408 report=26380
[2026-06-27 02:15:39] WATCH_OK watch=30408 report=26380
[2026-06-27 02:45:39] WATCH_OK watch=30408 report=26380
[2026-06-27 03:15:39] WATCH_OK watch=30408 report=26380
[2026-06-27 03:45:39] WATCH_OK watch=30408 report=26380
[2026-06-27 04:15:39] WATCH_OK watch=30408 report=26380
[2026-06-27 04:45:39] WATCH_OK watch=30408 report=26380
[2026-06-27 05:15:39] WATCH_OK watch=30408 report=26380
[2026-06-27 05:45:39] WATCH_OK watch=30408 report=26380
[2026-06-27 06:15:39] WATCH_OK watch=30408 report=26380
[2026-06-27 06:45:39] WATCH_OK watch=30408 report=26380
[2026-06-27 07:15:39] WATCH_OK watch=30408 report=26380
[2026-06-27 07:45:40] WATCH_OK watch=30408 report=26380
[2026-06-27 08:15:40] WATCH_OK watch=30408 report=26380
[2026-06-27 08:45:40] WATCH_OK watch=30408 report=26380
[2026-06-27 09:15:40] WATCH_OK watch=30408 report=26380
[2026-06-27 00:33:09] PERPETUAL_START pid=9652 target=08:00 KST policy=D:\arcfire20260607\tools\long-run-monitor\logs\DAILY_8AM_REPORT_POLICY.md
[2026-06-27 00:33:09] wait until 08:00 KST next=2026-06-27 23:00:00 (~300s)
[2026-06-27 09:33:11] ENSURE_STARTED pid=9652 script=D:\arcfire20260607\tools\long-run-monitor\schedule-8am-kim-daily-auto-report.cjs
[2026-06-27 00:38:10] wait until 08:00 KST next=2026-06-27 23:00:00 (~300s)
[2026-06-27 00:43:11] wait until 08:00 KST next=2026-06-27 23:00:00 (~300s)
[2026-06-27 09:45:40] WATCH_OK watch=30408 report=26380
[2026-06-27 00:48:12] wait until 08:00 KST next=2026-06-27 23:00:00 (~300s)
[2026-06-27 00:53:13] wait until 08:00 KST next=2026-06-27 23:00:00 (~300s)
[2026-06-27 00:58:14] wait until 08:00 KST next=2026-06-27 23:00:00 (~300s)
[2026-06-27 01:03:14] wait until 08:00 KST next=2026-06-27 23:00:00 (~300s)
[2026-06-27 01:08:15] wait until 08:00 KST next=2026-06-27 23:00:00 (~300s)
[2026-06-27 01:13:16] wait until 08:00 KST next=2026-06-27 23:00:00 (~300s)
[2026-06-27 10:15:40] WATCH_OK watch=30408 report=26380
[2026-06-27 01:18:17] wait until 08:00 KST next=2026-06-27 23:00:00 (~300s)
[2026-06-27 01:23:17] wait until 08:00 KST next=2026-06-27 23:00:00 (~300s)
[2026-06-27 01:28:18] wait until 08:00 KST next=2026-06-27 23:00:00 (~300s)
[2026-06-27 01:33:19] wait until 08:00 KST next=2026-06-27 23:00:00 (~300s)
[2026-06-27 01:38:20] wait until 08:00 KST next=2026-06-27 23:00:00 (~300s)
[2026-06-27 01:43:21] wait until 08:00 KST next=2026-06-27 23:00:00 (~300s)
[2026-06-27 10:45:40] WATCH_OK watch=30408 report=26380
[2026-06-27 01:48:22] wait until 08:00 KST next=2026-06-27 23:00:00 (~300s)
[2026-06-27 01:53:23] wait until 08:00 KST next=2026-06-27 23:00:00 (~300s)
[2026-06-27 01:58:25] wait until 08:00 KST next=2026-06-27 23:00:00 (~300s)
[2026-06-27 02:03:26] wait until 08:00 KST next=2026-06-27 23:00:00 (~300s)
[2026-06-27 02:08:26] wait until 08:00 KST next=2026-06-27 23:00:00 (~300s)
[2026-06-27 02:13:27] wait until 08:00 KST next=2026-06-27 23:00:00 (~300s)
[2026-06-27 11:15:40] WATCH_OK watch=30408 report=26380
[2026-06-27 02:18:29] wait until 08:00 KST next=2026-06-27 23:00:00 (~300s)
[2026-06-27 02:23:30] wait until 08:00 KST next=2026-06-27 23:00:00 (~300s)
[2026-06-27 02:28:32] wait until 08:00 KST next=2026-06-27 23:00:00 (~300s)
[2026-06-27 02:33:33] wait until 08:00 KST next=2026-06-27 23:00:00 (~300s)
[2026-06-27 02:38:33] wait until 08:00 KST next=2026-06-27 23:00:00 (~300s)
[2026-06-27 02:43:34] wait until 08:00 KST next=2026-06-27 23:00:00 (~300s)
[2026-06-27 11:45:40] WATCH_OK watch=30408 report=26380
[2026-06-27 02:48:35] wait until 08:00 KST next=2026-06-27 23:00:00 (~300s)
[2026-06-27 02:53:37] wait until 08:00 KST next=2026-06-27 23:00:00 (~300s)
[2026-06-27 02:58:38] wait until 08:00 KST next=2026-06-27 23:00:00 (~300s)
[2026-06-27 03:03:39] wait until 08:00 KST next=2026-06-27 23:00:00 (~300s)
[2026-06-27 03:08:40] wait until 08:00 KST next=2026-06-27 23:00:00 (~300s)
[2026-06-27 03:13:41] wait until 08:00 KST next=2026-06-27 23:00:00 (~300s)
[2026-06-27 12:15:40] WATCH_OK watch=30408 report=26380
[2026-06-27 03:18:42] wait until 08:00 KST next=2026-06-27 23:00:00 (~300s)
[2026-06-27 03:23:43] wait until 08:00 KST next=2026-06-27 23:00:00 (~300s)
[2026-06-27 03:28:44] wait until 08:00 KST next=2026-06-27 23:00:00 (~300s)
[2026-06-27 03:33:46] wait until 08:00 KST next=2026-06-27 23:00:00 (~300s)
[2026-06-27 03:38:47] wait until 08:00 KST next=2026-06-27 23:00:00 (~300s)
[2026-06-27 03:43:48] wait until 08:00 KST next=2026-06-27 23:00:00 (~300s)
[2026-06-27 12:45:40] WATCH_OK watch=30408 report=26380
[2026-06-27 03:48:50] wait until 08:00 KST next=2026-06-27 23:00:00 (~300s)
[2026-06-27 03:53:51] wait until 08:00 KST next=2026-06-27 23:00:00 (~300s)
[2026-06-27 03:58:52] wait until 08:00 KST next=2026-06-27 23:00:00 (~300s)
[2026-06-27 04:03:53] wait until 08:00 KST next=2026-06-27 23:00:00 (~300s)
[2026-06-27 04:08:54] wait until 08:00 KST next=2026-06-27 23:00:00 (~300s)
[2026-06-27 04:13:56] wait until 08:00 KST next=2026-06-27 23:00:00 (~300s)
[2026-06-27 13:15:40] WATCH_OK watch=30408 report=26380
[2026-06-27 04:18:57] wait until 08:00 KST next=2026-06-27 23:00:00 (~300s)
[2026-06-27 04:23:58] wait until 08:00 KST next=2026-06-27 23:00:00 (~300s)
[2026-06-27 04:28:59] wait until 08:00 KST next=2026-06-27 23:00:00 (~300s)
[2026-06-27 04:34:00] wait until 08:00 KST next=2026-06-27 23:00:00 (~300s)
[2026-06-27 04:39:01] wait until 08:00 KST next=2026-06-27 23:00:00 (~300s)
[2026-06-27 04:44:02] wait until 08:00 KST next=2026-06-27 23:00:00 (~300s)
[2026-06-27 13:45:40] WATCH_OK watch=30408 report=26380
[2026-06-27 04:49:03] wait until 08:00 KST next=2026-06-27 23:00:00 (~300s)
[2026-06-27 04:54:04] wait until 08:00 KST next=2026-06-27 23:00:00 (~300s)
[2026-06-27 04:59:05] wait until 08:00 KST next=2026-06-27 23:00:00 (~300s)
[2026-06-27 05:04:06] wait until 08:00 KST next=2026-06-27 23:00:00 (~300s)
[2026-06-27 05:09:07] wait until 08:00 KST next=2026-06-27 23:00:00 (~300s)
[2026-06-27 05:14:08] wait until 08:00 KST next=2026-06-27 23:00:00 (~300s)
[2026-06-27 14:15:41] WATCH_OK watch=30408 report=26380
[2026-06-27 05:19:08] wait until 08:00 KST next=2026-06-27 23:00:00 (~300s)
[2026-06-27 05:24:09] wait until 08:00 KST next=2026-06-27 23:00:00 (~300s)
[2026-06-27 05:29:10] wait until 08:00 KST next=2026-06-27 23:00:00 (~300s)
[2026-06-27 05:34:11] wait until 08:00 KST next=2026-06-27 23:00:00 (~300s)
[2026-06-27 05:39:12] wait until 08:00 KST next=2026-06-27 23:00:00 (~300s)
[2026-06-27 05:44:12] wait until 08:00 KST next=2026-06-27 23:00:00 (~300s)
[2026-06-27 14:45:41] WATCH_OK watch=30408 report=26380
[2026-06-27 05:49:13] wait until 08:00 KST next=2026-06-27 23:00:00 (~300s)
[2026-06-27 05:54:14] wait until 08:00 KST next=2026-06-27 23:00:00 (~300s)
[2026-06-27 05:59:15] wait until 08:00 KST next=2026-06-27 23:00:00 (~300s)
[2026-06-27 06:04:16] wait until 08:00 KST next=2026-06-27 23:00:00 (~300s)
[2026-06-27 06:09:16] wait until 08:00 KST next=2026-06-27 23:00:00 (~300s)
[2026-06-27 06:14:17] wait until 08:00 KST next=2026-06-27 23:00:00 (~300s)
[2026-06-27 15:15:41] WATCH_OK watch=30408 report=26380
[2026-06-27 06:19:18] wait until 08:00 KST next=2026-06-27 23:00:00 (~300s)
[2026-06-27 06:24:19] wait until 08:00 KST next=2026-06-27 23:00:00 (~300s)
[2026-06-27 06:29:19] wait until 08:00 KST next=2026-06-27 23:00:00 (~300s)
[2026-06-27 06:34:20] wait until 08:00 KST next=2026-06-27 23:00:00 (~300s)
[2026-06-27 06:39:21] wait until 08:00 KST next=2026-06-27 23:00:00 (~300s)
[2026-06-27 06:44:22] wait until 08:00 KST next=2026-06-27 23:00:00 (~300s)
[2026-06-27 15:45:41] WATCH_OK watch=30408 report=26380
[2026-06-27 06:49:23] wait until 08:00 KST next=2026-06-27 23:00:00 (~300s)
[2026-06-27 06:54:24] wait until 08:00 KST next=2026-06-27 23:00:00 (~300s)
[2026-06-27 06:59:25] wait until 08:00 KST next=2026-06-27 23:00:00 (~300s)
[2026-06-27 07:04:26] wait until 08:00 KST next=2026-06-27 23:00:00 (~300s)
[2026-06-27 07:09:27] wait until 08:00 KST next=2026-06-27 23:00:00 (~300s)
[2026-06-27 07:14:28] wait until 08:00 KST next=2026-06-27 23:00:00 (~300s)
[2026-06-27 16:15:41] WATCH_OK watch=30408 report=26380
[2026-06-27 07:19:28] wait until 08:00 KST next=2026-06-27 23:00:00 (~300s)
[2026-06-27 07:24:29] wait until 08:00 KST next=2026-06-27 23:00:00 (~300s)
[2026-06-27 07:29:30] wait until 08:00 KST next=2026-06-27 23:00:00 (~300s)
[2026-06-27 07:34:31] wait until 08:00 KST next=2026-06-27 23:00:00 (~300s)
[2026-06-27 07:39:31] wait until 08:00 KST next=2026-06-27 23:00:00 (~300s)
[2026-06-27 07:44:32] wait until 08:00 KST next=2026-06-27 23:00:00 (~300s)
[2026-06-27 16:45:41] WATCH_OK watch=30408 report=26380
[2026-06-27 07:49:33] wait until 08:00 KST next=2026-06-27 23:00:00 (~300s)
[2026-06-27 07:54:34] wait until 08:00 KST next=2026-06-27 23:00:00 (~300s)
[2026-06-27 07:59:35] wait until 08:00 KST next=2026-06-27 23:00:00 (~300s)
[2026-06-27 08:04:36] wait until 08:00 KST next=2026-06-27 23:00:00 (~300s)
[2026-06-27 08:09:37] wait until 08:00 KST next=2026-06-27 23:00:00 (~300s)
[2026-06-27 08:14:39] wait until 08:00 KST next=2026-06-27 23:00:00 (~300s)
[2026-06-27 17:15:41] WATCH_OK watch=30408 report=26380
[2026-06-27 17:16:24] PERPETUAL_START pid=24064 target=08:00 KST policy=D:\arcfire20260607\tools\long-run-monitor\logs\DAILY_8AM_REPORT_POLICY.md
[2026-06-27 17:16:24] wait until 08:00 KST next=2026-06-28 08:00:00 (~300s)
[2026-06-27 17:16:26] ENSURE_STARTED pid=24064 script=D:\arcfire20260607\tools\long-run-monitor\schedule-8am-kim-daily-auto-report.cjs
[2026-06-27 17:21:25] wait until 08:00 KST next=2026-06-28 08:00:00 (~300s)
[2026-06-27 17:26:26] wait until 08:00 KST next=2026-06-28 08:00:00 (~300s)
[2026-06-27 17:31:27] wait until 08:00 KST next=2026-06-28 08:00:00 (~300s)
[2026-06-27 17:36:28] wait until 08:00 KST next=2026-06-28 08:00:00 (~300s)
[2026-06-27 17:41:29] wait until 08:00 KST next=2026-06-28 08:00:00 (~300s)
[2026-06-27 17:45:41] WATCH_OK watch=30408 report=26380
[2026-06-27 17:46:30] wait until 08:00 KST next=2026-06-28 08:00:00 (~300s)
[2026-06-27 17:51:31] wait until 08:00 KST next=2026-06-28 08:00:00 (~300s)
[2026-06-27 17:56:32] wait until 08:00 KST next=2026-06-28 08:00:00 (~300s)
[2026-06-27 18:01:33] wait until 08:00 KST next=2026-06-28 08:00:00 (~300s)
[2026-06-27 18:06:34] wait until 08:00 KST next=2026-06-28 08:00:00 (~300s)
[2026-06-27 18:11:35] wait until 08:00 KST next=2026-06-28 08:00:00 (~300s)
[2026-06-27 18:15:41] WATCH_OK watch=30408 report=26380
[2026-06-27 18:16:36] wait until 08:00 KST next=2026-06-28 08:00:00 (~300s)
[2026-06-27 18:21:37] wait until 08:00 KST next=2026-06-28 08:00:00 (~300s)
[2026-06-27 18:26:37] wait until 08:00 KST next=2026-06-28 08:00:00 (~300s)
[2026-06-27 18:31:38] wait until 08:00 KST next=2026-06-28 08:00:00 (~300s)
[2026-06-27 18:36:39] wait until 08:00 KST next=2026-06-28 08:00:00 (~300s)
[2026-06-27 18:41:40] wait until 08:00 KST next=2026-06-28 08:00:00 (~300s)
[2026-06-27 18:45:41] WATCH_OK watch=30408 report=26380
[2026-06-27 18:46:40] wait until 08:00 KST next=2026-06-28 08:00:00 (~300s)
[2026-06-27 18:51:41] wait until 08:00 KST next=2026-06-28 08:00:00 (~300s)
[2026-06-27 18:56:42] wait until 08:00 KST next=2026-06-28 08:00:00 (~300s)
[2026-06-27 19:01:43] wait until 08:00 KST next=2026-06-28 08:00:00 (~300s)
[2026-06-27 19:06:44] wait until 08:00 KST next=2026-06-28 08:00:00 (~300s)
[2026-06-27 19:11:45] wait until 08:00 KST next=2026-06-28 08:00:00 (~300s)
[2026-06-27 19:15:41] WATCH_OK watch=30408 report=26380
[2026-06-27 19:16:46] wait until 08:00 KST next=2026-06-28 08:00:00 (~300s)
[2026-06-27 19:21:47] wait until 08:00 KST next=2026-06-28 08:00:00 (~300s)
[2026-06-27 19:26:48] wait until 08:00 KST next=2026-06-28 08:00:00 (~300s)
[2026-06-27 19:31:49] wait until 08:00 KST next=2026-06-28 08:00:00 (~300s)
[2026-06-27 19:36:49] wait until 08:00 KST next=2026-06-28 08:00:00 (~300s)
[2026-06-27 19:41:50] wait until 08:00 KST next=2026-06-28 08:00:00 (~300s)
[2026-06-27 19:45:41] WATCH_OK watch=30408 report=26380
[2026-06-27 19:46:51] wait until 08:00 KST next=2026-06-28 08:00:00 (~300s)
[2026-06-27 19:51:52] wait until 08:00 KST next=2026-06-28 08:00:00 (~300s)
[2026-06-27 19:56:52] wait until 08:00 KST next=2026-06-28 08:00:00 (~300s)
[2026-06-27 20:01:53] wait until 08:00 KST next=2026-06-28 08:00:00 (~300s)
[2026-06-27 20:06:54] wait until 08:00 KST next=2026-06-28 08:00:00 (~300s)
[2026-06-27 20:11:55] wait until 08:00 KST next=2026-06-28 08:00:00 (~300s)
[2026-06-27 20:15:41] WATCH_OK watch=30408 report=26380
[2026-06-27 20:16:56] wait until 08:00 KST next=2026-06-28 08:00:00 (~300s)
[2026-06-27 20:21:57] wait until 08:00 KST next=2026-06-28 08:00:00 (~300s)
[2026-06-27 20:26:58] wait until 08:00 KST next=2026-06-28 08:00:00 (~300s)
[2026-06-27 20:31:59] wait until 08:00 KST next=2026-06-28 08:00:00 (~300s)
[2026-06-27 20:37:00] wait until 08:00 KST next=2026-06-28 08:00:00 (~300s)
[2026-06-27 20:42:01] wait until 08:00 KST next=2026-06-28 08:00:00 (~300s)
[2026-06-27 20:45:41] WATCH_OK watch=30408 report=26380
[2026-06-27 20:47:02] wait until 08:00 KST next=2026-06-28 08:00:00 (~300s)
[2026-06-27 20:52:03] wait until 08:00 KST next=2026-06-28 08:00:00 (~300s)
[2026-06-27 20:57:04] wait until 08:00 KST next=2026-06-28 08:00:00 (~300s)
[2026-06-27 21:02:04] wait until 08:00 KST next=2026-06-28 08:00:00 (~300s)
[2026-06-27 21:07:05] wait until 08:00 KST next=2026-06-28 08:00:00 (~300s)
[2026-06-27 21:12:06] wait until 08:00 KST next=2026-06-28 08:00:00 (~300s)
[2026-06-27 21:15:41] WATCH_OK watch=30408 report=26380
[2026-06-27 21:17:07] wait until 08:00 KST next=2026-06-28 08:00:00 (~300s)
[2026-06-27 21:22:08] wait until 08:00 KST next=2026-06-28 08:00:00 (~300s)
[2026-06-27 21:27:09] wait until 08:00 KST next=2026-06-28 08:00:00 (~300s)
[2026-06-27 21:32:09] wait until 08:00 KST next=2026-06-28 08:00:00 (~300s)
[2026-06-27 21:37:10] wait until 08:00 KST next=2026-06-28 08:00:00 (~300s)
[2026-06-27 21:42:11] wait until 08:00 KST next=2026-06-28 08:00:00 (~300s)
[2026-06-27 21:45:41] WATCH_OK watch=28060 report=31740
[2026-06-27 21:47:12] wait until 08:00 KST next=2026-06-28 08:00:00 (~300s)
[2026-06-27 21:52:13] wait until 08:00 KST next=2026-06-28 08:00:00 (~300s)
[2026-06-27 21:57:14] wait until 08:00 KST next=2026-06-28 08:00:00 (~300s)
[2026-06-27 22:02:17] wait until 08:00 KST next=2026-06-28 08:00:00 (~300s)
[2026-06-27 22:07:18] wait until 08:00 KST next=2026-06-28 08:00:00 (~300s)
[2026-06-27 22:12:19] wait until 08:00 KST next=2026-06-28 08:00:00 (~300s)
[2026-06-27 22:15:42] WATCH_OK watch=28060 report=31740
[2026-06-27 22:17:20] wait until 08:00 KST next=2026-06-28 08:00:00 (~300s)
[2026-06-27 22:22:21] wait until 08:00 KST next=2026-06-28 08:00:00 (~300s)
[2026-06-27 22:27:21] wait until 08:00 KST next=2026-06-28 08:00:00 (~300s)
[2026-06-27 22:32:22] wait until 08:00 KST next=2026-06-28 08:00:00 (~300s)
[2026-06-27 22:37:23] wait until 08:00 KST next=2026-06-28 08:00:00 (~300s)
[2026-06-27 22:42:25] wait until 08:00 KST next=2026-06-28 08:00:00 (~300s)
[2026-06-27 22:45:42] WATCH_OK watch=28060 report=31740
[2026-06-27 22:47:26] wait until 08:00 KST next=2026-06-28 08:00:00 (~300s)
[2026-06-27 22:52:27] wait until 08:00 KST next=2026-06-28 08:00:00 (~300s)
[2026-06-27 22:57:27] wait until 08:00 KST next=2026-06-28 08:00:00 (~300s)
[2026-06-27 23:02:28] wait until 08:00 KST next=2026-06-28 08:00:00 (~300s)
[2026-06-27 23:07:29] wait until 08:00 KST next=2026-06-28 08:00:00 (~300s)
[2026-06-27 23:12:30] wait until 08:00 KST next=2026-06-28 08:00:00 (~300s)
[2026-06-27 23:15:42] WATCH_OK watch=28060 report=31740
[2026-06-27 23:17:31] wait until 08:00 KST next=2026-06-28 08:00:00 (~300s)
[2026-06-27 23:22:32] wait until 08:00 KST next=2026-06-28 08:00:00 (~300s)
[2026-06-27 23:27:33] wait until 08:00 KST next=2026-06-28 08:00:00 (~300s)
[2026-06-27 23:32:34] wait until 08:00 KST next=2026-06-28 08:00:00 (~300s)
[2026-06-27 23:37:34] wait until 08:00 KST next=2026-06-28 08:00:00 (~300s)
[2026-06-27 23:42:35] wait until 08:00 KST next=2026-06-28 08:00:00 (~300s)
[2026-06-27 23:44:15] ENSURE_OK pid=24064 (already running)
[2026-06-27 23:45:42] WATCH_OK watch=1632 report=10296
[2026-06-27 23:47:36] wait until 08:00 KST next=2026-06-28 08:00:00 (~300s)
[2026-06-27 23:52:37] wait until 08:00 KST next=2026-06-28 08:00:00 (~300s)
[2026-06-27 23:57:38] wait until 08:00 KST next=2026-06-28 08:00:00 (~300s)
