[2026-07-01 14:42:52] scheduler start target=18:00 KST marker=EVENING_WATCH_6PM_START
[2026-07-01 14:42:52] wait until 18:00 KST (~300s)
[2026-07-01 14:46:53] scheduler start target=18:00 KST marker=EVENING_WATCH_6PM_START
[2026-07-01 14:46:53] wait until 18:00 KST (~300s)
[2026-07-01 14:47:01] scheduler start target=18:00 KST marker=EVENING_WATCH_6PM_START
[2026-07-01 14:47:01] wait until 18:00 KST (~300s)
[2026-07-01 14:47:52] wait until 18:00 KST (~300s)
[2026-07-01 14:52:01] wait until 18:00 KST (~300s)
[2026-07-01 14:57:01] wait until 18:00 KST (~300s)
[2026-07-01 15:02:01] wait until 18:00 KST (~300s)
[2026-07-01 15:07:01] wait until 18:00 KST (~300s)
[2026-07-01 15:12:01] wait until 18:00 KST (~300s)
[2026-07-01 15:17:01] wait until 18:00 KST (~300s)
[2026-07-01 15:22:01] wait until 18:00 KST (~300s)
[2026-07-01 15:27:01] wait until 18:00 KST (~300s)
[2026-07-01 15:32:01] wait until 18:00 KST (~300s)
[2026-07-01 15:37:01] wait until 18:00 KST (~300s)
[2026-07-01 15:42:01] wait until 18:00 KST (~300s)
[2026-07-01 15:47:01] wait until 18:00 KST (~300s)
[2026-07-01 15:52:01] wait until 18:00 KST (~300s)
[2026-07-01 15:57:01] wait until 18:00 KST (~300s)
[2026-07-01 16:02:01] wait until 18:00 KST (~300s)
[2026-07-01 16:07:01] wait until 18:00 KST (~300s)
[2026-07-01 16:12:01] wait until 18:00 KST (~300s)
[2026-07-01 16:17:01] wait until 18:00 KST (~300s)
[2026-07-01 16:22:01] wait until 18:00 KST (~300s)
[2026-07-01 16:27:01] wait until 18:00 KST (~300s)
[2026-07-01 16:32:01] wait until 18:00 KST (~300s)
[2026-07-01 16:37:01] wait until 18:00 KST (~300s)
[2026-07-01 16:42:01] wait until 18:00 KST (~300s)
[2026-07-01 16:47:01] wait until 18:00 KST (~300s)
[2026-07-01 16:52:01] wait until 18:00 KST (~300s)
[2026-07-01 16:57:01] wait until 18:00 KST (~300s)
[2026-07-01 17:02:01] wait until 18:00 KST (~300s)
[2026-07-01 17:07:01] wait until 18:00 KST (~300s)
[2026-07-01 17:12:01] wait until 18:00 KST (~300s)
[2026-07-01 17:17:01] wait until 18:00 KST (~300s)
[2026-07-01 17:22:01] wait until 18:00 KST (~300s)
[2026-07-01 17:27:01] wait until 18:00 KST (~300s)
[2026-07-01 17:32:01] wait until 18:00 KST (~300s)
[2026-07-01 17:37:01] wait until 18:00 KST (~300s)
[2026-07-01 17:42:01] wait until 18:00 KST (~300s)
[2026-07-01 17:47:01] wait until 18:00 KST (~300s)
[2026-07-01 17:52:01] wait until 18:00 KST (~300s)
[2026-07-01 17:57:01] wait until 18:00 KST (~178s)
[2026-07-01 18:00:04] generating comprehensive report -> D:\arcfire20260607\tools\long-run-monitor\logs\evening-watch-report-20260701-1800.md
[2026-07-01 18:00:07] handoff updated
[2026-07-01 18:00:07] DONE report=D:\arcfire20260607\tools\long-run-monitor\logs\evening-watch-report-20260701-1800.md chat_pending=updated
