[2026-07-03 16:04:16] scheduler start target=22:00 KST marker=INTENSIVE_WATCH_1600_START
[2026-07-03 16:04:16] wait until 22:00 KST (~300s)
[2026-07-03 16:09:16] wait until 22:00 KST (~300s)
[2026-07-03 16:14:16] wait until 22:00 KST (~300s)
[2026-07-03 16:19:16] wait until 22:00 KST (~300s)
[2026-07-03 16:24:16] wait until 22:00 KST (~300s)
[2026-07-03 16:29:16] wait until 22:00 KST (~300s)
[2026-07-03 16:34:16] wait until 22:00 KST (~300s)
[2026-07-03 16:39:16] wait until 22:00 KST (~300s)
[2026-07-03 16:44:16] wait until 22:00 KST (~300s)
[2026-07-03 16:49:16] wait until 22:00 KST (~300s)
[2026-07-03 16:54:16] wait until 22:00 KST (~300s)
[2026-07-03 16:59:16] wait until 22:00 KST (~300s)
[2026-07-03 17:04:16] wait until 22:00 KST (~300s)
[2026-07-03 17:09:16] wait until 22:00 KST (~300s)
[2026-07-03 17:14:16] wait until 22:00 KST (~300s)
[2026-07-03 17:19:16] wait until 22:00 KST (~300s)
[2026-07-03 17:24:16] wait until 22:00 KST (~300s)
[2026-07-03 17:29:16] wait until 22:00 KST (~300s)
[2026-07-03 17:34:16] wait until 22:00 KST (~300s)
[2026-07-03 17:39:16] wait until 22:00 KST (~300s)
[2026-07-03 17:44:16] wait until 22:00 KST (~300s)
[2026-07-03 17:49:16] wait until 22:00 KST (~300s)
[2026-07-03 17:54:17] wait until 22:00 KST (~300s)
[2026-07-03 17:59:17] wait until 22:00 KST (~300s)
[2026-07-03 18:04:17] wait until 22:00 KST (~300s)
[2026-07-03 18:09:17] wait until 22:00 KST (~300s)
[2026-07-03 18:14:17] wait until 22:00 KST (~300s)
[2026-07-03 18:19:17] wait until 22:00 KST (~300s)
[2026-07-03 18:24:17] wait until 22:00 KST (~300s)
[2026-07-03 18:29:17] wait until 22:00 KST (~300s)
[2026-07-03 18:34:17] wait until 22:00 KST (~300s)
[2026-07-03 18:39:17] wait until 22:00 KST (~300s)
[2026-07-03 18:44:17] wait until 22:00 KST (~300s)
[2026-07-03 18:49:17] wait until 22:00 KST (~300s)
[2026-07-03 18:54:17] wait until 22:00 KST (~300s)
[2026-07-03 18:59:17] wait until 22:00 KST (~300s)
[2026-07-03 19:04:17] wait until 22:00 KST (~300s)
[2026-07-03 19:09:17] wait until 22:00 KST (~300s)
[2026-07-03 19:14:17] wait until 22:00 KST (~300s)
[2026-07-03 19:19:17] wait until 22:00 KST (~300s)
[2026-07-03 19:24:17] wait until 22:00 KST (~300s)
[2026-07-03 19:29:17] wait until 22:00 KST (~300s)
[2026-07-03 19:34:17] wait until 22:00 KST (~300s)
[2026-07-03 19:39:17] wait until 22:00 KST (~300s)
[2026-07-03 19:44:17] wait until 22:00 KST (~300s)
[2026-07-03 19:49:17] wait until 22:00 KST (~300s)
[2026-07-03 19:54:17] wait until 22:00 KST (~300s)
[2026-07-03 19:59:17] wait until 22:00 KST (~300s)
[2026-07-03 20:04:17] wait until 22:00 KST (~300s)
[2026-07-03 20:09:17] wait until 22:00 KST (~300s)
[2026-07-03 20:14:17] wait until 22:00 KST (~300s)
[2026-07-03 20:19:17] wait until 22:00 KST (~300s)
[2026-07-03 20:24:17] wait until 22:00 KST (~300s)
[2026-07-03 20:29:17] wait until 22:00 KST (~300s)
[2026-07-03 20:34:17] wait until 22:00 KST (~300s)
[2026-07-03 20:39:17] wait until 22:00 KST (~300s)
[2026-07-03 20:44:17] wait until 22:00 KST (~300s)
[2026-07-03 20:49:17] wait until 22:00 KST (~300s)
[2026-07-03 20:54:17] wait until 22:00 KST (~300s)
[2026-07-03 20:59:17] wait until 22:00 KST (~300s)
[2026-07-03 21:04:17] wait until 22:00 KST (~300s)
[2026-07-03 21:09:17] wait until 22:00 KST (~300s)
[2026-07-03 21:14:17] wait until 22:00 KST (~300s)
[2026-07-03 21:19:17] wait until 22:00 KST (~300s)
[2026-07-03 21:24:17] wait until 22:00 KST (~300s)
[2026-07-03 21:29:17] wait until 22:00 KST (~300s)
[2026-07-03 21:34:17] wait until 22:00 KST (~300s)
[2026-07-03 21:39:17] wait until 22:00 KST (~300s)
[2026-07-03 21:44:16] wait until 22:00 KST (~300s)
[2026-07-03 21:49:16] wait until 22:00 KST (~300s)
[2026-07-03 21:54:16] wait until 22:00 KST (~300s)
[2026-07-03 21:59:16] wait until 22:00 KST (~43s)
[2026-07-03 22:00:04] generating intensive report -> D:\arcfire20260607\tools\long-run-monitor\logs\evening-watch-report-20260703-2200.md
[2026-07-03 22:00:06] handoff updated
[2026-07-03 22:00:06] DONE report=D:\arcfire20260607\tools\long-run-monitor\logs\evening-watch-report-20260703-2200.md chat_pending=updated
