[2026-06-23 17:38:55] SOAK_1H_START tag=repeat_play_after_combat-20260623-173855 duration=60m interval=5m
[2026-06-23 17:38:56] WARN GL_HARD_CEILING gl=224.2MB pss=629.3MB views=289
[2026-06-23 17:38:56] OK pid=20789 pss=629.3MB gl=224.2MB(?0) nat=233.7MB views=289
[2026-06-23 17:43:56] WARN GL_HARD_CEILING gl=226.2MB pss=633.7MB views=289
[2026-06-23 17:43:56] OK pid=20789 pss=633.7MB gl=226.2MB(?2) nat=233.3MB views=289
[2026-06-23 17:48:57] WARN GL_HARD_CEILING gl=224.2MB pss=637.7MB views=289
[2026-06-23 17:48:57] OK pid=20789 pss=637.7MB gl=224.2MB(?0) nat=234.1MB views=289
[2026-06-23 17:53:58] WARN GL_HARD_CEILING gl=224.2MB pss=630.3MB views=285
[2026-06-23 17:53:58] OK pid=20789 pss=630.3MB gl=224.2MB(?0) nat=234.2MB views=285
[2026-06-23 17:58:58] WARN GL_HARD_CEILING gl=224.6MB pss=630.7MB views=289
[2026-06-23 17:58:58] OK pid=20789 pss=630.7MB gl=224.6MB(?0.4) nat=233.7MB views=289
[2026-06-23 18:04:00] WARN GL_HARD_CEILING gl=224.6MB pss=634.9MB views=289
[2026-06-23 18:04:00] OK pid=20789 pss=634.9MB gl=224.6MB(?0.4) nat=232.5MB views=289
[2026-06-23 18:09:00] WARN GL_HARD_CEILING gl=226.6MB pss=636.4MB views=289
[2026-06-23 18:09:00] OK pid=20789 pss=636.4MB gl=226.6MB(?2.4) nat=235.6MB views=289
[2026-06-23 18:14:01] WARN GL_HARD_CEILING gl=224.6MB pss=636.4MB views=305
[2026-06-23 18:14:01] OK pid=20789 pss=636.4MB gl=224.6MB(?0.4) nat=234.2MB views=305
[2026-06-23 18:19:02] WARN GL_HARD_CEILING gl=226.6MB pss=622MB views=289
[2026-06-23 18:19:02] OK pid=20789 pss=622MB gl=226.6MB(?2.4) nat=234.1MB views=289
[2026-06-23 18:24:04] WARN GL_HARD_CEILING gl=224.6MB pss=634.8MB views=289
[2026-06-23 18:24:05] OK pid=20789 pss=634.8MB gl=224.6MB(?0.4) nat=235.4MB views=289
[2026-06-23 18:29:05] WARN GL_HARD_CEILING gl=224.6MB pss=634.8MB views=289
[2026-06-23 18:29:06] OK pid=20789 pss=634.8MB gl=224.6MB(?0.4) nat=234.5MB views=289
[2026-06-23 18:34:06] WARN GL_HARD_CEILING gl=218.9MB pss=703MB views=53
[2026-06-23 18:34:06] OK pid=20789 pss=703MB gl=218.9MB(?-5.3) nat=289.3MB views=53
[2026-06-23 18:39:06] SOAK_1H_END report=D:\arcfire20260607\tools\long-run-monitor\logs\soak-1h-report-repeat_play_after_combat-20260623-173855.md
